2026-07-29 08:56:34  [etl.sistema]       ✓ INFO      Logging inicializado — archivo: C:\1\OneDrive - Eficacia\Escritorio\ETLS\SCRIPTS\logs\ejecucion_202607_20260729_085634.log
2026-07-29 08:56:34  [etl.orquestador]   ✓ INFO      Run ID compartido para esta corrida: 20260729T085634_3bcf5c
2026-07-29 08:56:34  [etl.orquestador]   ✓ INFO      ════════════════════════════════════════════════════════
2026-07-29 08:56:34  [etl.orquestador]   ✓ INFO      ORQUESTADOR ETLs — Eficacia
2026-07-29 08:56:34  [etl.orquestador]   ✓ INFO      Inicio: 2026-07-29 08:56:34
2026-07-29 08:56:34  [etl.orquestador]   ✓ INFO      Run ID: 20260729T085634_3bcf5c
2026-07-29 08:56:34  [etl.orquestador]   ✓ INFO      Periodo: Julio_2026 (07/2026)
2026-07-29 08:56:34  [etl.orquestador]   ✓ INFO      ETLs seleccionados: ['cif']
2026-07-29 08:56:34  [etl.orquestador]   ✓ INFO      Workers paralelos: 6
2026-07-29 08:56:34  [etl.orquestador]   ✓ INFO      Skip si cached: False
2026-07-29 08:56:34  [etl.orquestador]   ✓ INFO      ════════════════════════════════════════════════════════
2026-07-29 08:56:34  [etl.shared_loader]  ✓ INFO      PT Directo detectado: Plan de trabajo Directo Julio 2026.xlsx
2026-07-29 08:56:34  [etl.shared_loader]  ✓ INFO      PT ISM detectado: Plan de trabajo ISM Julio 2026.xlsx
2026-07-29 08:56:34  [etl.shared_loader]  ✓ INFO      ━━━━━━━━━━━━━━━━━━━━━━━━━━━━━━━━━━━━━━━━━━━━━━━━━━
2026-07-29 08:56:34  [etl.shared_loader]  ✓ INFO      Iniciando carga compartida del Plan de Trabajo
2026-07-29 08:56:34  [etl.shared_loader]  ✓ INFO      ━━━━━━━━━━━━━━━━━━━━━━━━━━━━━━━━━━━━━━━━━━━━━━━━━━
2026-07-29 08:56:36  [etl.shared_loader]  ✓ INFO      [DIRECTO] 8,601 filas PT  |  3,262 filas módulos cargadas
2026-07-29 08:56:37  [etl.shared_loader]  ✓ INFO      [ISM] 2,530 filas PT  |  888 filas módulos cargadas
2026-07-29 08:56:37  [etl.shared_loader]  ✓ INFO      PT consolidado: 11,131 filas totales
2026-07-29 08:56:37  [etl.shared_loader]  ✓ INFO      Periodo forzado por el caller: Mes 7 | Año 2026
2026-07-29 08:56:37  [etl.shared_loader]  ✓ INFO      Aplicando filtros por módulo
2026-07-29 08:56:37  [etl.shared_loader]  ✓ INFO      [DIRECTO] Módulo 'no_presencia': 5,073 filas retenidas
2026-07-29 08:56:37  [etl.shared_loader]  ✓ INFO      [ISM] Módulo 'no_presencia': 980 filas retenidas
2026-07-29 08:56:37  [etl.shared_loader]  ⚠ WARNING   [DIRECTO] Módulo 'precios': el filtro devolvió 0 filas (columna 'PRECIOS' sin valores = 1, o IDs sin coincidencia en el PT)
2026-07-29 08:56:37  [etl.shared_loader]  ✓ INFO      [ISM] Módulo 'precios': 791 filas retenidas
2026-07-29 08:56:37  [etl.shared_loader]  ✓ INFO      [DIRECTO] Módulo 'sos': 4,084 filas retenidas
2026-07-29 08:56:37  [etl.shared_loader]  ✓ INFO      [ISM] Módulo 'sos': 759 filas retenidas
2026-07-29 08:56:37  [etl.shared_loader]  ✓ INFO      Carga compartida completada
2026-07-29 08:56:37  [etl.orquestador]   ✓ INFO      shared_loader completado en 3.2s
2026-07-29 08:56:37  [etl.orquestador]   ✓ INFO      ────────────────────────────────────────────────────────
2026-07-29 08:56:37  [etl.orquestador]   ✓ INFO      FASE 1 — Lanzando 1 ETLs en paralelo (0 skipped)
2026-07-29 08:56:37  [etl.orquestador]   ✓ INFO      ────────────────────────────────────────────────────────
2026-07-29 08:56:37  [etl.cif]           ✓ INFO      ────────────────────────────────────────────────────────
2026-07-29 08:56:37  [etl.cif]           ✓ INFO      ETL CIF — iniciando
2026-07-29 08:56:37  [etl.cif]           ✓ INFO      Paso 1 — PT consolidado: 11,131 filas
2026-07-29 08:56:37  [etl.cif]           ☠ CRITICAL  Excepción no capturada — ETL abortado
Traceback (most recent call last):
  File "C:\1\OneDrive - Eficacia\Escritorio\ETLS\SCRIPTS\run_all.py", line 396, in _ejecutar_etl
    fn(df_pt, spec.mes, spec.anio)
  File "C:\1\OneDrive - Eficacia\Escritorio\ETLS\SCRIPTS\run_all.py", line 79, in _run_cif
    etl_cif.RUTA_CONSOLIDADO, index=False,
    ^^^^^^^^^^^^^^^^^^^^^^^^
AttributeError: module 'etl_cif' has no attribute 'RUTA_CONSOLIDADO'

2026-07-29 08:56:37  [etl.cif]           ✗ ERROR     Duración hasta fallo: 0.0s
2026-07-29 08:56:37  [etl.orquestador]   ✓ INFO      ETL 'cif' terminó — ✗ FALLÓ en 0.0s
2026-07-29 08:56:37  [etl.orquestador]   ✓ INFO      ════════════════════════════════════════════════════════
2026-07-29 08:56:37  [etl.orquestador]   ✓ INFO      REPORTE DE EJECUCIÓN
2026-07-29 08:56:37  [etl.orquestador]   ✓ INFO      ════════════════════════════════════════════════════════
2026-07-29 08:56:37  [etl.orquestador]   ✓ INFO        ETL                    Estado           Tiempo
2026-07-29 08:56:37  [etl.orquestador]   ✓ INFO        ────────────────────── ────────────── ────────
2026-07-29 08:56:37  [etl.orquestador]   ✓ INFO        cif                    ✗ ERROR            0.0s
2026-07-29 08:56:37  [etl.orquestador]   ✓ INFO        ────────────────────── ────────────── ────────
2026-07-29 08:56:37  [etl.orquestador]   ✓ INFO        shared_loader          ✓ OK               3.2s
2026-07-29 08:56:37  [etl.orquestador]   ✓ INFO        TOTAL (paralelo)                          3.2s
2026-07-29 08:56:37  [etl.orquestador]   ✓ INFO        Sin paralelismo (est.)                    3.2s
2026-07-29 08:56:37  [etl.orquestador]   ✓ INFO        Ahorro estimado                          -0.0s
2026-07-29 08:56:37  [etl.orquestador]   ✓ INFO      ────────────────────────────────────────────────────────
2026-07-29 08:56:37  [etl.orquestador]   ✓ INFO      Eventos: 1 CRITICAL  |  1 ERROR  |  1 WARNING
2026-07-29 08:56:37  [etl.orquestador]   ✓ INFO      ························································
2026-07-29 08:56:37  [etl.orquestador]   ✓ INFO        CRITICAL (1)
2026-07-29 08:56:37  [etl.orquestador]   ✓ INFO      ························································
2026-07-29 08:56:37  [etl.orquestador]   ✓ INFO        08:56:37  [cif]               Excepción no capturada — ETL abortado
Traceback (most recent call last):
  File "C:\1\OneDrive - Eficacia\Escritorio\ETLS\SCRIPTS\run_all.py", line 396, in _ejecutar_etl
    fn(df_pt, spec.mes, spec.anio)
  File "C:\1\OneDrive - Eficacia\Escritorio\ETLS\SCRIPTS\run_all.py", line 79, in _run_cif
    etl_cif.RUTA_CONSOLIDADO, index=False,
    ^^^^^^^^^^^^^^^^^^^^^^^^
AttributeError: module 'etl_cif' has no attribute 'RUTA_CONSOLIDADO'

2026-07-29 08:56:37  [etl.orquestador]   ✓ INFO      ························································
2026-07-29 08:56:37  [etl.orquestador]   ✓ INFO        ERROR (1)
2026-07-29 08:56:37  [etl.orquestador]   ✓ INFO      ························································
2026-07-29 08:56:37  [etl.orquestador]   ✓ INFO        08:56:37  [cif]               Duración hasta fallo: 0.0s
2026-07-29 08:56:37  [etl.orquestador]   ✓ INFO      ························································
2026-07-29 08:56:37  [etl.orquestador]   ✓ INFO        WARNING (1)
2026-07-29 08:56:37  [etl.orquestador]   ✓ INFO      ························································
2026-07-29 08:56:37  [etl.orquestador]   ✓ INFO        08:56:37  [shared_loader]     [DIRECTO] Módulo 'precios': el filtro devolvió 0 filas (columna 'PRECIOS' sin valores = 1, o IDs sin coincidencia en el PT)
2026-07-29 08:56:37  [etl.orquestador]   ✓ INFO      ════════════════════════════════════════════════════════
2026-07-29 08:56:37  [etl.orquestador]   ✓ INFO      Log completo guardado en: C:\1\OneDrive - Eficacia\Escritorio\ETLS\SCRIPTS\logs\ejecucion_202607_20260729_085634.log
2026-07-29 08:56:37  [etl.orquestador]   ✓ INFO      Fin: 2026-07-29 08:56:37
2026-07-29 08:56:37  [etl.orquestador]   ✓ INFO      ════════════════════════════════════════════════════════
