2026-08-02 15:44:10  [etl.sistema]       ✓ INFO      Logging inicializado — archivo: C:\1\OneDrive - Eficacia\Escritorio\ETLS\SCRIPTS\logs\ejecucion_202607_20260802_154410.log
2026-08-02 15:44:10  [etl.orquestador]   ✓ INFO      Run ID compartido para esta corrida: 20260802T154410_bf9692
2026-08-02 15:44:10  [etl.orquestador]   ✓ INFO      ════════════════════════════════════════════════════════
2026-08-02 15:44:10  [etl.orquestador]   ✓ INFO      ORQUESTADOR ETLs — Eficacia
2026-08-02 15:44:10  [etl.orquestador]   ✓ INFO      Inicio: 2026-08-02 15:44:10
2026-08-02 15:44:10  [etl.orquestador]   ✓ INFO      Run ID: 20260802T154410_bf9692
2026-08-02 15:44:10  [etl.orquestador]   ✓ INFO      Periodo: Julio_2026 (07/2026)
2026-08-02 15:44:10  [etl.orquestador]   ✓ INFO      ETLs seleccionados: ['exhib_pagadas']
2026-08-02 15:44:10  [etl.orquestador]   ✓ INFO      Workers paralelos: 6
2026-08-02 15:44:10  [etl.orquestador]   ✓ INFO      Skip si cached: False
2026-08-02 15:44:10  [etl.orquestador]   ✓ INFO      ════════════════════════════════════════════════════════
2026-08-02 15:44:10  [etl.shared_loader]  ✓ INFO      PT Directo detectado: Plan de trabajo Directo Julio 2026.xlsx
2026-08-02 15:44:10  [etl.shared_loader]  ✓ INFO      PT ISM detectado: Plan de trabajo ISM Julio 2026.xlsx
2026-08-02 15:44:10  [etl.shared_loader]  ✓ INFO      ━━━━━━━━━━━━━━━━━━━━━━━━━━━━━━━━━━━━━━━━━━━━━━━━━━
2026-08-02 15:44:10  [etl.shared_loader]  ✓ INFO      Iniciando carga compartida del Plan de Trabajo
2026-08-02 15:44:10  [etl.shared_loader]  ✓ INFO      ━━━━━━━━━━━━━━━━━━━━━━━━━━━━━━━━━━━━━━━━━━━━━━━━━━
2026-08-02 15:44:15  [etl.shared_loader]  ✓ INFO      [DIRECTO] 8,601 filas PT  |  3,262 filas módulos cargadas
2026-08-02 15:44:16  [etl.shared_loader]  ✓ INFO      [ISM] 2,530 filas PT  |  888 filas módulos cargadas
2026-08-02 15:44:16  [etl.shared_loader]  ✓ INFO      PT consolidado: 11,131 filas totales
2026-08-02 15:44:16  [etl.shared_loader]  ✓ INFO      Periodo forzado por el caller: Mes 7 | Año 2026
2026-08-02 15:44:16  [etl.shared_loader]  ✓ INFO      Aplicando filtros por módulo
2026-08-02 15:44:16  [etl.shared_loader]  ✓ INFO      [DIRECTO] Módulo 'no_presencia': 5,073 filas retenidas
2026-08-02 15:44:16  [etl.shared_loader]  ✓ INFO      [ISM] Módulo 'no_presencia': 980 filas retenidas
2026-08-02 15:44:16  [etl.shared_loader]  ⚠ WARNING   [DIRECTO] Módulo 'precios': el filtro devolvió 0 filas (columna 'PRECIOS' sin valores = 1, o IDs sin coincidencia en el PT)
2026-08-02 15:44:16  [etl.shared_loader]  ✓ INFO      [ISM] Módulo 'precios': 791 filas retenidas
2026-08-02 15:44:16  [etl.shared_loader]  ✓ INFO      [DIRECTO] Módulo 'sos': 4,084 filas retenidas
2026-08-02 15:44:16  [etl.shared_loader]  ✓ INFO      [ISM] Módulo 'sos': 759 filas retenidas
2026-08-02 15:44:16  [etl.shared_loader]  ✓ INFO      Carga compartida completada
2026-08-02 15:44:16  [etl.orquestador]   ✓ INFO      shared_loader completado en 5.6s
2026-08-02 15:44:16  [etl.orquestador]   ✓ INFO      ────────────────────────────────────────────────────────
2026-08-02 15:44:16  [etl.orquestador]   ✓ INFO      FASE 1 — Lanzando 1 ETLs en paralelo (0 skipped)
2026-08-02 15:44:16  [etl.orquestador]   ✓ INFO      ────────────────────────────────────────────────────────
2026-08-02 15:44:16  [etl.exhib_pagadas]  ✓ INFO      ────────────────────────────────────────────────────────
2026-08-02 15:44:16  [etl.exhib_pagadas]  ✓ INFO      ETL Exhibiciones Pagadas — iniciando
2026-08-02 15:44:18  [etl.exhib_pagadas]  · DEBUG     [stdout] 🚀 Iniciando auditoría exhibiciones pagadas (Julio_2026)...
2026-08-02 15:44:19  [etl.exhib_pagadas]  · DEBUG     [stdout] ℹ️  Planning seleccionado: PLANNING DE JULIO 2026.xlsx
2026-08-02 15:44:19  [etl.exhib_pagadas]  · DEBUG     [stdout] ℹ️  Encuesta/Base seleccionada: Base Exhibiciones Informar Julio 2026.xlsx
2026-08-02 15:44:20  [etl.exhib_pagadas]  · DEBUG     [stdout] ℹ️  Header detectado en fila 0 — col_cant='Exhibiciones adicionales - Planning E'
2026-08-02 15:44:20  [etl.exhib_pagadas]  · DEBUG     [stdout] ℹ️  'Exhibiciones adicionales - Planning E': 0/2902 valores numéricos válidos, 0 > 0
2026-08-02 15:44:20  [etl.exhib_pagadas]  ⚠ WARNING   [stdout] ⚠️  'Exhibiciones adicionales - Planning E' no tiene NINGÚN valor > 0 — CANTIDAD_PLANEADA saldrá en 0 para todo el periodo.
2026-08-02 15:44:27  [etl.exhib_pagadas]  ✓ INFO      [stdout] ✅ SHAREPOINT: Archivo guardado con éxito -> Equipo Información/BI/INVOLVES/SALIDAS/EXHIBICIONES/Resultado_exhibiciones_pagadas Julio 2026.xlsx
2026-08-02 15:44:29  [etl.exhib_pagadas]  ✓ INFO      [stdout] ✅ SHAREPOINT: Archivo guardado con éxito -> Equipo Información/BI/INVOLVES/SALIDAS/EXHIBICIONES/Rexhibiciones_pagadas_agrupado Julio 2026.xlsx
2026-08-02 15:44:29  [etl.exhib_pagadas]  ✓ INFO      [stdout] ✅ ¡Hecho! Archivos subidos a SharePoint en Equipo Información/BI/INVOLVES/SALIDAS/EXHIBICIONES
2026-08-02 15:44:29  [etl.exhib_pagadas]  · DEBUG     [stdout] --- KPI (V3): RESUMEN EXHIBICIONES PAGADAS por empleado  (Julio_2026) ---
2026-08-02 15:44:32  [etl.exhib_pagadas]  · DEBUG     [stdout] Leyendo desde nube: Resultado_exhibiciones_pagadas Julio 2026.xlsx (2902 filas)
2026-08-02 15:44:32  [etl.exhib_pagadas]  · DEBUG     [stdout] ℹ️  CANTIDAD_PLANEADA > 0: 0/2902 filas | CANTIDAD_EJECUTADA > 0: 0/2902 filas
2026-08-02 15:44:32  [etl.exhib_pagadas]  ⚠ WARNING   [stdout] ⚠️  CANTIDAD_PLANEADA es 0 en TODAS las filas del detalle — el problema viene de Resultado_exhibiciones_pagadas Julio 2026.xlsx (revisa ejecutar_proceso, no este paso de KPI).
2026-08-02 15:44:39  [etl.exhib_pagadas]  ✓ INFO      [stdout] ✅ SHAREPOINT: Archivo guardado con éxito -> Equipo Información/BI/INVOLVES/SALIDAS/EXHIBICIONES/EXHIBICIONES_PAGADAS_KPIS.xlsx
2026-08-02 15:44:39  [etl.exhib_pagadas]  · DEBUG     [stdout] 🚀 Preparando cargue del KPI de Exhibiciones Pagadas a Supabase...
2026-08-02 15:44:41  [etl.exhib_pagadas]  ✓ INFO      [stdout] ✅ ÉXITO CLOUD: 128 filas subidas de forma exitosa a Supabase.
2026-08-02 15:44:41  [etl.exhib_pagadas]  ✓ INFO      ETL Exhibiciones Pagadas — completado
2026-08-02 15:44:41  [etl.exhib_pagadas]  ✓ INFO      Duración total: 25.8s
2026-08-02 15:44:41  [etl.orquestador]   ✓ INFO      ETL 'exhib_pagadas' terminó — ✓ OK en 25.8s
2026-08-02 15:44:41  [etl.orquestador]   ✓ INFO      ════════════════════════════════════════════════════════
2026-08-02 15:44:41  [etl.orquestador]   ✓ INFO      REPORTE DE EJECUCIÓN
2026-08-02 15:44:41  [etl.orquestador]   ✓ INFO      ════════════════════════════════════════════════════════
2026-08-02 15:44:41  [etl.orquestador]   ✓ INFO        ETL                    Estado           Tiempo
2026-08-02 15:44:41  [etl.orquestador]   ✓ INFO        ────────────────────── ────────────── ────────
2026-08-02 15:44:41  [etl.orquestador]   ✓ INFO        exhib_pagadas          ✓ OK              25.8s
2026-08-02 15:44:41  [etl.orquestador]   ✓ INFO        ────────────────────── ────────────── ────────
2026-08-02 15:44:41  [etl.orquestador]   ✓ INFO        shared_loader          ✓ OK               5.6s
2026-08-02 15:44:41  [etl.orquestador]   ✓ INFO        TOTAL (paralelo)                         31.5s
2026-08-02 15:44:41  [etl.orquestador]   ✓ INFO        Sin paralelismo (est.)                   31.5s
2026-08-02 15:44:41  [etl.orquestador]   ✓ INFO        Ahorro estimado                          -0.0s
2026-08-02 15:44:41  [etl.orquestador]   ✓ INFO      ────────────────────────────────────────────────────────
2026-08-02 15:44:41  [etl.orquestador]   ✓ INFO      Eventos: 0 CRITICAL  |  0 ERROR  |  3 WARNING
2026-08-02 15:44:41  [etl.orquestador]   ✓ INFO      ························································
2026-08-02 15:44:41  [etl.orquestador]   ✓ INFO        WARNING (3)
2026-08-02 15:44:41  [etl.orquestador]   ✓ INFO      ························································
2026-08-02 15:44:41  [etl.orquestador]   ✓ INFO        15:44:16  [shared_loader]     [DIRECTO] Módulo 'precios': el filtro devolvió 0 filas (columna 'PRECIOS' sin valores = 1, o IDs sin coincidencia en el PT)
2026-08-02 15:44:41  [etl.orquestador]   ✓ INFO        15:44:20  [exhib_pagadas]     [stdout] ⚠️  'Exhibiciones adicionales - Planning E' no tiene NINGÚN valor > 0 — CANTIDAD_PLANEADA saldrá en 0 para todo el periodo.
2026-08-02 15:44:41  [etl.orquestador]   ✓ INFO        15:44:32  [exhib_pagadas]     [stdout] ⚠️  CANTIDAD_PLANEADA es 0 en TODAS las filas del detalle — el problema viene de Resultado_exhibiciones_pagadas Julio 2026.xlsx (revisa ejecutar_proceso, no este paso de KPI).
2026-08-02 15:44:41  [etl.orquestador]   ✓ INFO      ════════════════════════════════════════════════════════
2026-08-02 15:44:41  [etl.orquestador]   ✓ INFO      Log completo guardado en: C:\1\OneDrive - Eficacia\Escritorio\ETLS\SCRIPTS\logs\ejecucion_202607_20260802_154410.log
2026-08-02 15:44:41  [etl.orquestador]   ✓ INFO      Fin: 2026-08-02 15:44:41
2026-08-02 15:44:41  [etl.orquestador]   ✓ INFO      ════════════════════════════════════════════════════════
