2026-07-29 09:59:53  [etl.sistema]       ✓ INFO      Logging inicializado — archivo: C:\1\OneDrive - Eficacia\Escritorio\ETLS\SCRIPTS\logs\ejecucion_202607_20260729_095953.log
2026-07-29 09:59:53  [etl.orquestador]   ✓ INFO      Run ID compartido para esta corrida: 20260729T095953_c08643
2026-07-29 09:59:53  [etl.orquestador]   ✓ INFO      ════════════════════════════════════════════════════════
2026-07-29 09:59:53  [etl.orquestador]   ✓ INFO      ORQUESTADOR ETLs — Eficacia
2026-07-29 09:59:53  [etl.orquestador]   ✓ INFO      Inicio: 2026-07-29 09:59:53
2026-07-29 09:59:53  [etl.orquestador]   ✓ INFO      Run ID: 20260729T095953_c08643
2026-07-29 09:59:53  [etl.orquestador]   ✓ INFO      Periodo: Julio_2026 (07/2026)
2026-07-29 09:59:53  [etl.orquestador]   ✓ INFO      ETLs seleccionados: ['exhibiciones_pagadas']
2026-07-29 09:59:53  [etl.orquestador]   ✓ INFO      Workers paralelos: 6
2026-07-29 09:59:53  [etl.orquestador]   ✓ INFO      Skip si cached: False
2026-07-29 09:59:53  [etl.orquestador]   ✓ INFO      ════════════════════════════════════════════════════════
2026-07-29 09:59:53  [etl.shared_loader]  ✓ INFO      PT Directo detectado: Plan de trabajo Directo Julio 2026.xlsx
2026-07-29 09:59:53  [etl.shared_loader]  ✓ INFO      PT ISM detectado: Plan de trabajo ISM Julio 2026.xlsx
2026-07-29 09:59:53  [etl.shared_loader]  ✓ INFO      ━━━━━━━━━━━━━━━━━━━━━━━━━━━━━━━━━━━━━━━━━━━━━━━━━━
2026-07-29 09:59:53  [etl.shared_loader]  ✓ INFO      Iniciando carga compartida del Plan de Trabajo
2026-07-29 09:59:53  [etl.shared_loader]  ✓ INFO      ━━━━━━━━━━━━━━━━━━━━━━━━━━━━━━━━━━━━━━━━━━━━━━━━━━
2026-07-29 09:59:55  [etl.shared_loader]  ✓ INFO      [DIRECTO] 8,601 filas PT  |  3,262 filas módulos cargadas
2026-07-29 09:59:56  [etl.shared_loader]  ✓ INFO      [ISM] 2,530 filas PT  |  888 filas módulos cargadas
2026-07-29 09:59:56  [etl.shared_loader]  ✓ INFO      PT consolidado: 11,131 filas totales
2026-07-29 09:59:56  [etl.shared_loader]  ✓ INFO      Periodo forzado por el caller: Mes 7 | Año 2026
2026-07-29 09:59:56  [etl.shared_loader]  ✓ INFO      Aplicando filtros por módulo
2026-07-29 09:59:56  [etl.shared_loader]  ✓ INFO      [DIRECTO] Módulo 'no_presencia': 5,073 filas retenidas
2026-07-29 09:59:56  [etl.shared_loader]  ✓ INFO      [ISM] Módulo 'no_presencia': 980 filas retenidas
2026-07-29 09:59:56  [etl.shared_loader]  ⚠ WARNING   [DIRECTO] Módulo 'precios': el filtro devolvió 0 filas (columna 'PRECIOS' sin valores = 1, o IDs sin coincidencia en el PT)
2026-07-29 09:59:56  [etl.shared_loader]  ✓ INFO      [ISM] Módulo 'precios': 791 filas retenidas
2026-07-29 09:59:56  [etl.shared_loader]  ✓ INFO      [DIRECTO] Módulo 'sos': 4,084 filas retenidas
2026-07-29 09:59:56  [etl.shared_loader]  ✓ INFO      [ISM] Módulo 'sos': 759 filas retenidas
2026-07-29 09:59:56  [etl.shared_loader]  ✓ INFO      Carga compartida completada
2026-07-29 09:59:56  [etl.orquestador]   ✓ INFO      shared_loader completado en 2.4s
2026-07-29 09:59:56  [etl.orquestador]   ⚠ WARNING   ETL 'exhibiciones_pagadas' no reconocido en el registro — se omite
2026-07-29 09:59:56  [etl.orquestador]   ✓ INFO      ────────────────────────────────────────────────────────
2026-07-29 09:59:56  [etl.orquestador]   ✓ INFO      FASE 1 — Lanzando 0 ETLs en paralelo (0 skipped)
2026-07-29 09:59:56  [etl.orquestador]   ✓ INFO      ────────────────────────────────────────────────────────
2026-07-29 09:59:56  [etl.orquestador]   ✓ INFO      ════════════════════════════════════════════════════════
2026-07-29 09:59:56  [etl.orquestador]   ✓ INFO      REPORTE DE EJECUCIÓN
2026-07-29 09:59:56  [etl.orquestador]   ✓ INFO      ════════════════════════════════════════════════════════
2026-07-29 09:59:56  [etl.orquestador]   ✓ INFO        ETL                    Estado           Tiempo
2026-07-29 09:59:56  [etl.orquestador]   ✓ INFO        ────────────────────── ────────────── ────────
2026-07-29 09:59:56  [etl.orquestador]   ✓ INFO        exhibiciones_pagadas   ⚠ OMITIDO             —
2026-07-29 09:59:56  [etl.orquestador]   ✓ INFO        ────────────────────── ────────────── ────────
2026-07-29 09:59:56  [etl.orquestador]   ✓ INFO        shared_loader          ✓ OK               2.4s
2026-07-29 09:59:56  [etl.orquestador]   ✓ INFO        TOTAL (paralelo)                          2.4s
2026-07-29 09:59:56  [etl.orquestador]   ✓ INFO        Sin paralelismo (est.)                    2.4s
2026-07-29 09:59:56  [etl.orquestador]   ✓ INFO        Ahorro estimado                          -0.0s
2026-07-29 09:59:56  [etl.orquestador]   ✓ INFO      ────────────────────────────────────────────────────────
2026-07-29 09:59:56  [etl.orquestador]   ✓ INFO      Eventos: 0 CRITICAL  |  0 ERROR  |  2 WARNING
2026-07-29 09:59:56  [etl.orquestador]   ✓ INFO      ························································
2026-07-29 09:59:56  [etl.orquestador]   ✓ INFO        WARNING (2)
2026-07-29 09:59:56  [etl.orquestador]   ✓ INFO      ························································
2026-07-29 09:59:56  [etl.orquestador]   ✓ INFO        09:59:56  [shared_loader]     [DIRECTO] Módulo 'precios': el filtro devolvió 0 filas (columna 'PRECIOS' sin valores = 1, o IDs sin coincidencia en el PT)
2026-07-29 09:59:56  [etl.orquestador]   ✓ INFO        09:59:56  [orquestador]       ETL 'exhibiciones_pagadas' no reconocido en el registro — se omite
2026-07-29 09:59:56  [etl.orquestador]   ✓ INFO      ════════════════════════════════════════════════════════
2026-07-29 09:59:56  [etl.orquestador]   ✓ INFO      Log completo guardado en: C:\1\OneDrive - Eficacia\Escritorio\ETLS\SCRIPTS\logs\ejecucion_202607_20260729_095953.log
2026-07-29 09:59:56  [etl.orquestador]   ✓ INFO      Fin: 2026-07-29 09:59:56
2026-07-29 09:59:56  [etl.orquestador]   ✓ INFO      ════════════════════════════════════════════════════════
