2026-08-05 07:12:17  [etl.sistema]       ✓ INFO      Logging inicializado — archivo: C:\1\OneDrive - Eficacia\Escritorio\ETLS\SCRIPTS\logs\ejecucion_202607_20260805_071217.log
2026-08-05 07:12:17  [etl.orquestador]   ✓ INFO      Run ID compartido para esta corrida: 20260805T071217_104709
2026-08-05 07:12:17  [etl.orquestador]   ✓ INFO      ════════════════════════════════════════════════════════
2026-08-05 07:12:17  [etl.orquestador]   ✓ INFO      ORQUESTADOR ETLs — Eficacia
2026-08-05 07:12:17  [etl.orquestador]   ✓ INFO      Inicio: 2026-08-05 07:12:17
2026-08-05 07:12:17  [etl.orquestador]   ✓ INFO      Run ID: 20260805T071217_104709
2026-08-05 07:12:17  [etl.orquestador]   ✓ INFO      Periodo: Julio_2026 (07/2026)
2026-08-05 07:12:17  [etl.orquestador]   ✓ INFO      ETLs seleccionados: ['cif']
2026-08-05 07:12:17  [etl.orquestador]   ✓ INFO      Workers paralelos: 6
2026-08-05 07:12:17  [etl.orquestador]   ✓ INFO      Skip si cached: False
2026-08-05 07:12:17  [etl.orquestador]   ✓ INFO      ════════════════════════════════════════════════════════
2026-08-05 07:12:17  [etl.shared_loader]  ✓ INFO      PT Directo detectado: Plan de trabajo Directo Julio 2026.xlsx
2026-08-05 07:12:17  [etl.shared_loader]  ✓ INFO      PT ISM detectado: Plan de trabajo ISM Julio 2026.xlsx
2026-08-05 07:12:17  [etl.shared_loader]  ✓ INFO      ━━━━━━━━━━━━━━━━━━━━━━━━━━━━━━━━━━━━━━━━━━━━━━━━━━
2026-08-05 07:12:17  [etl.shared_loader]  ✓ INFO      Iniciando carga compartida del Plan de Trabajo
2026-08-05 07:12:17  [etl.shared_loader]  ✓ INFO      ━━━━━━━━━━━━━━━━━━━━━━━━━━━━━━━━━━━━━━━━━━━━━━━━━━
2026-08-05 07:12:24  [etl.shared_loader]  ✓ INFO      [DIRECTO] 8,601 filas PT  |  3,262 filas módulos cargadas
2026-08-05 07:12:26  [etl.shared_loader]  ✓ INFO      [ISM] 2,530 filas PT  |  888 filas módulos cargadas
2026-08-05 07:12:26  [etl.shared_loader]  ✓ INFO      PT consolidado: 11,131 filas totales
2026-08-05 07:12:26  [etl.shared_loader]  ✓ INFO      Periodo forzado por el caller: Mes 7 | Año 2026
2026-08-05 07:12:26  [etl.shared_loader]  ✓ INFO      Aplicando filtros por módulo
2026-08-05 07:12:26  [etl.shared_loader]  ✓ INFO      [DIRECTO] Módulo 'no_presencia': 5,073 filas retenidas
2026-08-05 07:12:26  [etl.shared_loader]  ✓ INFO      [ISM] Módulo 'no_presencia': 980 filas retenidas
2026-08-05 07:12:26  [etl.shared_loader]  ⚠ WARNING   [DIRECTO] Módulo 'precios': el filtro devolvió 0 filas (columna 'PRECIOS' sin valores = 1, o IDs sin coincidencia en el PT)
2026-08-05 07:12:26  [etl.shared_loader]  ✓ INFO      [ISM] Módulo 'precios': 791 filas retenidas
2026-08-05 07:12:26  [etl.shared_loader]  ✓ INFO      [DIRECTO] Módulo 'sos': 4,084 filas retenidas
2026-08-05 07:12:26  [etl.shared_loader]  ✓ INFO      [ISM] Módulo 'sos': 759 filas retenidas
2026-08-05 07:12:26  [etl.shared_loader]  ✓ INFO      Carga compartida completada
2026-08-05 07:12:26  [etl.orquestador]   ✓ INFO      shared_loader completado en 9.8s
2026-08-05 07:12:26  [etl.orquestador]   ✓ INFO      ────────────────────────────────────────────────────────
2026-08-05 07:12:26  [etl.orquestador]   ✓ INFO      FASE 1 — Lanzando 1 ETLs en paralelo (0 skipped)
2026-08-05 07:12:26  [etl.orquestador]   ✓ INFO      ────────────────────────────────────────────────────────
2026-08-05 07:12:26  [etl.cif]           ✓ INFO      ────────────────────────────────────────────────────────
2026-08-05 07:12:26  [etl.cif]           ✓ INFO      ETL CIF — iniciando
2026-08-05 07:12:32  [etl.cif]           ✓ INFO      Paso 1 — PT consolidado: 11,131 filas
2026-08-05 07:12:32  [etl.cif]           · DEBUG     [stdout] ========================================
2026-08-05 07:12:32  [etl.cif]           · DEBUG     [stdout] INICIANDO PASO 1: CONSOLIDACIÓN CLOUD  (Julio_2026)
2026-08-05 07:12:32  [etl.cif]           · DEBUG     [stdout] ========================================
2026-08-05 07:12:44  [etl.cif]           · DEBUG     [stdout] [DIRECTO] 8755 filas procesadas.
2026-08-05 07:12:48  [etl.cif]           · DEBUG     [stdout] [ISM] 2445 filas procesadas.
2026-08-05 07:12:52  [etl.cif]           ✓ INFO      [stdout] ✅ SHAREPOINT: Archivo guardado con éxito -> Equipo Información/BI/INVOLVES/BASES DE RESPUESTAS/CIF/2026/Consolidado_PT_07_2026.csv
2026-08-05 07:12:53  [etl.cif]           ✓ INFO      [stdout] ✅ ÉXITO: Consolidado guardado en SharePoint: Equipo Información/BI/INVOLVES/BASES DE RESPUESTAS/CIF/2026/Consolidado_PT_07_2026.csv
2026-08-05 07:12:53  [etl.cif]           · DEBUG     [stdout] ========================================
2026-08-05 07:12:53  [etl.cif]           · DEBUG     [stdout] INICIANDO PASO 2: AGRUPACIÓN EN LA NUBE
2026-08-05 07:12:53  [etl.cif]           · DEBUG     [stdout] ========================================
2026-08-05 07:12:59  [etl.cif]           ✓ INFO      [stdout] ✅ SHAREPOINT: Archivo guardado con éxito -> Equipo Información/BI/INVOLVES/BASES DE RESPUESTAS/CIF/2026/Agrupado_PT_07_2026.csv
2026-08-05 07:12:59  [etl.cif]           ✓ INFO      [stdout] ✅ ÉXITO: Agrupado guardado en SharePoint: Equipo Información/BI/INVOLVES/BASES DE RESPUESTAS/CIF/2026/Agrupado_PT_07_2026.csv
2026-08-05 07:12:59  [etl.cif]           · DEBUG     [stdout] ========================================
2026-08-05 07:12:59  [etl.cif]           · DEBUG     [stdout] INICIANDO PASO 3: INVOLVES NUBE (CRUCE PRIORIZANDO BASE VENTAS)  (Julio_2026)
2026-08-05 07:12:59  [etl.cif]           · DEBUG     [stdout] ========================================
2026-08-05 07:14:14  [etl.cif]           ✓ INFO      [stdout] ✅ SHAREPOINT: Archivo guardado con éxito -> Equipo Información/BI/INVOLVES/BASES DE RESPUESTAS/CIF/2026/Involves_Procesado_07_2026.csv
2026-08-05 07:14:14  [etl.cif]           ✓ INFO      [stdout] ✅ Paso 3 en nube finalizado.
2026-08-05 07:14:14  [etl.cif]           · DEBUG     [stdout] ========================================
2026-08-05 07:14:14  [etl.cif]           · DEBUG     [stdout] INICIANDO PASO 4: JUSTIFICACIONES NUBE  (Julio_2026)
2026-08-05 07:14:14  [etl.cif]           · DEBUG     [stdout] ========================================
2026-08-05 07:15:06  [etl.cif]           ✓ INFO      [stdout] ✅ SHAREPOINT: Archivo guardado con éxito -> Equipo Información/BI/INVOLVES/BASES DE RESPUESTAS/CIF/2026/Involves_Procesado_07_2026.csv
2026-08-05 07:15:06  [etl.cif]           ✓ INFO      [stdout] ✅ Paso 4 en nube finalizado.
2026-08-05 07:15:06  [etl.cif]           · DEBUG     [stdout] ========================================
2026-08-05 07:15:06  [etl.cif]           · DEBUG     [stdout] INICIANDO PASO 5: CONSOLIDACIÓN INVOLVES NUBE
2026-08-05 07:15:06  [etl.cif]           · DEBUG     [stdout] ========================================
2026-08-05 07:15:13  [etl.cif]           ✓ INFO      [stdout] ✅ SHAREPOINT: Archivo guardado con éxito -> Equipo Información/BI/INVOLVES/BASES DE RESPUESTAS/CIF/2026/Involves_Agrupado_Final_07_2026.csv
2026-08-05 07:15:13  [etl.cif]           ✓ INFO      [stdout] ✅ ¡Proceso Limpio en Nube! IDs corregidos y guardados en SharePoint.
2026-08-05 07:15:13  [etl.cif]           · DEBUG     [stdout] ========================================
2026-08-05 07:15:13  [etl.cif]           · DEBUG     [stdout] INICIANDO PASO 6: GENERACIÓN DE ALERTAS NUBE
2026-08-05 07:15:13  [etl.cif]           · DEBUG     [stdout] ========================================
2026-08-05 07:15:20  [etl.cif]           ✓ INFO      [stdout] ✅ SHAREPOINT: Archivo guardado con éxito -> Equipo Información/BI/INVOLVES/SALIDAS/CIF/Alertas_Tiempos_07_2026.csv
2026-08-05 07:15:20  [etl.cif]           ⚠ WARNING   [stdout] ⚠️ AUDITORÍA: Se detectaron 53 registros con tiempos > 9h.
2026-08-05 07:15:20  [etl.cif]           · DEBUG     [stdout] 📁 Archivo de alertas generado en SharePoint: Equipo Información/BI/INVOLVES/SALIDAS/CIF/Alertas_Tiempos_07_2026.csv
2026-08-05 07:15:20  [etl.cif]           · DEBUG     [stdout] ========================================
2026-08-05 07:15:20  [etl.cif]           · DEBUG     [stdout] ========================================
2026-08-05 07:15:20  [etl.cif]           · DEBUG     [stdout] INICIANDO PASO 7: ESTRUCTURACIÓN FINAL NUBE  (Julio_2026)
2026-08-05 07:15:20  [etl.cif]           · DEBUG     [stdout] ========================================
2026-08-05 07:15:40  [etl.cif]           ✓ INFO      [stdout] ✅ SHAREPOINT: Archivo guardado con éxito -> Equipo Información/BI/INVOLVES/SALIDAS/CIF/CIF.xlsx
2026-08-05 07:15:40  [etl.cif]           ✓ INFO      [stdout] ✅ ¡LISTO! Excel generado y subido a SharePoint para el periodo 7/2026.
2026-08-05 07:15:40  [etl.cif]           · DEBUG     [stdout] ========================================
2026-08-05 07:15:40  [etl.cif]           · DEBUG     [stdout] ========================================
2026-08-05 07:15:40  [etl.cif]           · DEBUG     [stdout] INICIANDO PASO 8: RESUMEN KPIS POR GESTOR (V3) NUBE  (Julio_2026)
2026-08-05 07:15:40  [etl.cif]           · DEBUG     [stdout] ========================================
2026-08-05 07:15:46  [etl.cif]           ✓ INFO      [stdout] ✅ SHAREPOINT: Archivo guardado con éxito -> Equipo Información/BI/INVOLVES/SALIDAS/CIF/KPIS_CIF.xlsx
2026-08-05 07:15:46  [etl.cif]           · DEBUG     [stdout] 🚀 Preparando cargue de KPIs CIF a Supabase...
2026-08-05 07:15:49  [etl.cif]           ✓ INFO      [stdout] ✅ ÉXITO CLOUD: 148 filas subidas exitosamente a Supabase.
2026-08-05 07:15:49  [etl.cif]           · DEBUG     [stdout] ========================================
2026-08-05 07:15:49  [etl.cif]           ✓ INFO      ETL CIF — completado
2026-08-05 07:15:50  [etl.cif]           ✓ INFO      Duración total: 202.9s
2026-08-05 07:15:50  [etl.orquestador]   ✓ INFO      ETL 'cif' terminó — ✓ OK en 202.9s
2026-08-05 07:15:50  [etl.orquestador]   ✓ INFO      ════════════════════════════════════════════════════════
2026-08-05 07:15:50  [etl.orquestador]   ✓ INFO      REPORTE DE EJECUCIÓN
2026-08-05 07:15:50  [etl.orquestador]   ✓ INFO      ════════════════════════════════════════════════════════
2026-08-05 07:15:50  [etl.orquestador]   ✓ INFO        ETL                    Estado           Tiempo
2026-08-05 07:15:50  [etl.orquestador]   ✓ INFO        ────────────────────── ────────────── ────────
2026-08-05 07:15:50  [etl.orquestador]   ✓ INFO        cif                    ✓ OK             202.9s
2026-08-05 07:15:50  [etl.orquestador]   ✓ INFO        ────────────────────── ────────────── ────────
2026-08-05 07:15:50  [etl.orquestador]   ✓ INFO        shared_loader          ✓ OK               9.8s
2026-08-05 07:15:50  [etl.orquestador]   ✓ INFO        TOTAL (paralelo)                        213.6s
2026-08-05 07:15:50  [etl.orquestador]   ✓ INFO        Sin paralelismo (est.)                  212.7s
2026-08-05 07:15:50  [etl.orquestador]   ✓ INFO        Ahorro estimado                          -0.9s
2026-08-05 07:15:50  [etl.orquestador]   ✓ INFO      ────────────────────────────────────────────────────────
2026-08-05 07:15:50  [etl.orquestador]   ✓ INFO      Eventos: 0 CRITICAL  |  0 ERROR  |  2 WARNING
2026-08-05 07:15:50  [etl.orquestador]   ✓ INFO      ························································
2026-08-05 07:15:50  [etl.orquestador]   ✓ INFO        WARNING (2)
2026-08-05 07:15:50  [etl.orquestador]   ✓ INFO      ························································
2026-08-05 07:15:50  [etl.orquestador]   ✓ INFO        07:12:26  [shared_loader]     [DIRECTO] Módulo 'precios': el filtro devolvió 0 filas (columna 'PRECIOS' sin valores = 1, o IDs sin coincidencia en el PT)
2026-08-05 07:15:50  [etl.orquestador]   ✓ INFO        07:15:20  [cif]               [stdout] ⚠️ AUDITORÍA: Se detectaron 53 registros con tiempos > 9h.
2026-08-05 07:15:50  [etl.orquestador]   ✓ INFO      ════════════════════════════════════════════════════════
2026-08-05 07:15:50  [etl.orquestador]   ✓ INFO      Log completo guardado en: C:\1\OneDrive - Eficacia\Escritorio\ETLS\SCRIPTS\logs\ejecucion_202607_20260805_071217.log
2026-08-05 07:15:50  [etl.orquestador]   ✓ INFO      Fin: 2026-08-05 07:15:50
2026-08-05 07:15:50  [etl.orquestador]   ✓ INFO      ════════════════════════════════════════════════════════
