2026-06-22 14:37:19  [etl.sistema]       ✓ INFO      Logging inicializado — archivo: C:\Users\Usuario\OneDrive - Universidad de los Andes\Escritorio\PROYECTO_EFICACIA\SCRIPTS\logs\ejecucion_202604_a_202605_20260622_143719.log
2026-06-22 14:37:19  [etl.orquestador]   ✓ INFO      ══════════════════════════════════════════════════════════════════════
2026-06-22 14:37:19  [etl.orquestador]   ✓ INFO      MULTI-PERIODO: 2 periodos a procesar — Abril_2026, Mayo_2026
2026-06-22 14:37:19  [etl.orquestador]   ✓ INFO      ══════════════════════════════════════════════════════════════════════
2026-06-22 14:37:19  [etl.orquestador]   ✓ INFO      Run ID compartido para esta corrida: 20260622T143719_51e69c
2026-06-22 14:37:19  [etl.orquestador]   ✓ INFO      
2026-06-22 14:37:19  [etl.orquestador]   ✓ INFO      ▶ PERIODO 1/2: Abril_2026
2026-06-22 14:37:19  [etl.orquestador]   ✓ INFO      ════════════════════════════════════════════════════════
2026-06-22 14:37:19  [etl.orquestador]   ✓ INFO      ORQUESTADOR ETLs — Eficacia
2026-06-22 14:37:19  [etl.orquestador]   ✓ INFO      Inicio: 2026-06-22 14:37:19
2026-06-22 14:37:19  [etl.orquestador]   ✓ INFO      Run ID: 20260622T143719_51e69c
2026-06-22 14:37:19  [etl.orquestador]   ✓ INFO      Periodo: Abril_2026 (04/2026)
2026-06-22 14:37:19  [etl.orquestador]   ✓ INFO      ETLs seleccionados: ['cif', 'sos', 'exhib_gratis']
2026-06-22 14:37:19  [etl.orquestador]   ✓ INFO      Workers paralelos: 6
2026-06-22 14:37:19  [etl.orquestador]   ✓ INFO      Skip si cached: False
2026-06-22 14:37:19  [etl.orquestador]   ✓ INFO      ════════════════════════════════════════════════════════
2026-06-22 14:37:19  [etl.shared_loader]  ✓ INFO      PT Directo detectado: Plan de trabajo Directo Abril 2026.xlsx
2026-06-22 14:37:19  [etl.shared_loader]  ✓ INFO      PT ISM detectado: Plan de trabajo ISM Abril 2026.xlsx
2026-06-22 14:37:19  [etl.shared_loader]  ✓ INFO      ━━━━━━━━━━━━━━━━━━━━━━━━━━━━━━━━━━━━━━━━━━━━━━━━━━
2026-06-22 14:37:19  [etl.shared_loader]  ✓ INFO      Iniciando carga compartida del Plan de Trabajo
2026-06-22 14:37:19  [etl.shared_loader]  ✓ INFO      ━━━━━━━━━━━━━━━━━━━━━━━━━━━━━━━━━━━━━━━━━━━━━━━━━━
2026-06-22 14:37:23  [etl.shared_loader]  ✓ INFO      [DIRECTO] 8,764 filas PT  |  3,319 filas módulos cargadas
2026-06-22 14:37:24  [etl.shared_loader]  ✓ INFO      [ISM] 2,606 filas PT  |  872 filas módulos cargadas
2026-06-22 14:37:24  [etl.shared_loader]  ✓ INFO      PT consolidado: 11,370 filas totales
2026-06-22 14:37:24  [etl.shared_loader]  ✓ INFO      Periodo forzado por el caller: Mes 4 | Año 2026
2026-06-22 14:37:24  [etl.shared_loader]  ✓ INFO      Aplicando filtros por módulo
2026-06-22 14:37:24  [etl.shared_loader]  ✓ INFO      [DIRECTO] Módulo 'no_presencia': 5,192 filas retenidas
2026-06-22 14:37:24  [etl.shared_loader]  ✓ INFO      [ISM] Módulo 'no_presencia': 1,044 filas retenidas
2026-06-22 14:37:24  [etl.shared_loader]  ⚠ WARNING   [DIRECTO] Módulo 'precios': el filtro devolvió 0 filas (columna 'PRECIOS' sin valores = 1, o IDs sin coincidencia en el PT)
2026-06-22 14:37:24  [etl.shared_loader]  ✓ INFO      [ISM] Módulo 'precios': 810 filas retenidas
2026-06-22 14:37:24  [etl.shared_loader]  ✓ INFO      [DIRECTO] Módulo 'sos': 3,175 filas retenidas
2026-06-22 14:37:24  [etl.shared_loader]  ✓ INFO      [ISM] Módulo 'sos': 750 filas retenidas
2026-06-22 14:37:25  [etl.shared_loader]  ✓ INFO      Carga compartida completada
2026-06-22 14:37:25  [etl.orquestador]   ✓ INFO      shared_loader completado en 5.2s
2026-06-22 14:37:25  [etl.orquestador]   ✓ INFO      ────────────────────────────────────────────────────────
2026-06-22 14:37:25  [etl.orquestador]   ✓ INFO      FASE 1 — Lanzando 3 ETLs en paralelo (0 skipped)
2026-06-22 14:37:25  [etl.orquestador]   ✓ INFO      ────────────────────────────────────────────────────────
2026-06-22 14:37:25  [etl.sos]           ✓ INFO      ────────────────────────────────────────────────────────
2026-06-22 14:37:25  [etl.sos]           ✓ INFO      ETL SOS — iniciando
2026-06-22 14:37:25  [etl.exhib_gratis]  ✓ INFO      ────────────────────────────────────────────────────────
2026-06-22 14:37:25  [etl.exhib_gratis]  ✓ INFO      ETL Exhibiciones Gratis — iniciando
2026-06-22 14:37:25  [etl.sos]           · DEBUG     [stdout] ── Resolviendo archivos fuente (Abril_2026) ─
2026-06-22 14:37:25  [etl.exhib_gratis]  · DEBUG     [stdout] ── Resolviendo archivos fuente (Abril_2026) ─
2026-06-22 14:37:25  [etl.sos]           · DEBUG     [stdout] [informar] 1 archivo(s):
2026-06-22 14:37:25  [etl.exhib_gratis]  · DEBUG     [stdout] [informar] 1 archivo(s):
2026-06-22 14:37:25  [etl.sos]           · DEBUG     [stdout] - Base Exhibiciones Informar Abril 2026.xlsx
2026-06-22 14:37:25  [etl.exhib_gratis]  · DEBUG     [stdout] - Base Exhibiciones Informar Abril 2026.xlsx
2026-06-22 14:37:25  [etl.sos]           · DEBUG     [stdout] [planning] 1 archivo(s):
2026-06-22 14:37:25  [etl.exhib_gratis]  · DEBUG     [stdout] [planning] 1 archivo(s):
2026-06-22 14:37:25  [etl.sos]           · DEBUG     [stdout] - Base Exhibiciones Planning Abril 2026.xlsx
2026-06-22 14:37:25  [etl.exhib_gratis]  · DEBUG     [stdout] - Base Exhibiciones Planning Abril 2026.xlsx
2026-06-22 14:37:25  [etl.sos]           · DEBUG     [stdout] [visitas] 1 archivo(s):
2026-06-22 14:37:25  [etl.exhib_gratis]  · DEBUG     [stdout] [visitas] 1 archivo(s):
2026-06-22 14:37:25  [etl.sos]           · DEBUG     [stdout] - informe-gerencial-visitas_202604.xlsx
2026-06-22 14:37:25  [etl.exhib_gratis]  · DEBUG     [stdout] - informe-gerencial-visitas_202604.xlsx
2026-06-22 14:37:25  [etl.sos]           · DEBUG     [stdout] [plan_trabajo] 1 archivo(s):
2026-06-22 14:37:25  [etl.exhib_gratis]  · DEBUG     [stdout] [plan_trabajo] 1 archivo(s):
2026-06-22 14:37:25  [etl.sos]           · DEBUG     [stdout] - Plan de trabajo.xlsx
2026-06-22 14:37:25  [etl.exhib_gratis]  · DEBUG     [stdout] - Plan de trabajo.xlsx
2026-06-22 14:37:25  [etl.sos]           · DEBUG     [stdout] ── Cargando archivos fuente ─────────────────────
2026-06-22 14:37:25  [etl.exhib_gratis]  · DEBUG     [stdout] ── Cargando archivos fuente ─────────────────────
2026-06-22 14:37:25  [etl.cif]           ✓ INFO      ────────────────────────────────────────────────────────
2026-06-22 14:37:25  [etl.cif]           ✓ INFO      ETL CIF — iniciando
2026-06-22 14:37:25  [etl.cif]           ✓ INFO      Paso 1 — PT consolidado: 11,370 filas
2026-06-22 14:37:25  [etl.cif]           ✓ INFO      Paso 2 — Agrupación SQL
2026-06-22 14:37:25  [etl.sos]           · DEBUG     [stdout] ========================================
2026-06-22 14:37:25  [etl.exhib_gratis]  · DEBUG     [stdout] ========================================
2026-06-22 14:37:25  [etl.cif]           · DEBUG     [stdout] ========================================
2026-06-22 14:37:25  [etl.sos]           · DEBUG     [stdout] INICIANDO PASO 2: AGRUPACIÓN SQL
2026-06-22 14:37:25  [etl.exhib_gratis]  · DEBUG     [stdout] INICIANDO PASO 2: AGRUPACIÓN SQL
2026-06-22 14:37:25  [etl.cif]           · DEBUG     [stdout] INICIANDO PASO 2: AGRUPACIÓN SQL
2026-06-22 14:37:25  [etl.sos]           · DEBUG     [stdout] ========================================
2026-06-22 14:37:25  [etl.exhib_gratis]  · DEBUG     [stdout] ========================================
2026-06-22 14:37:25  [etl.cif]           · DEBUG     [stdout] ========================================
2026-06-22 14:37:27  [etl.sos]           ✓ INFO      PT filtrado persistido: 497 PDVs únicos
2026-06-22 14:37:27  [etl.sos]           ✓ INFO      6 archivo(s) de encuesta SOS encontrado(s)
2026-06-22 14:37:27  [etl.sos]           · DEBUG     [stdout] --- PASO 2: Consolidando Encuestas SOS  (Abril_2026) ---
2026-06-22 14:37:27  [etl.exhib_gratis]  · DEBUG     [stdout] --- PASO 2: Consolidando Encuestas SOS  (Abril_2026) ---
2026-06-22 14:37:27  [etl.cif]           · DEBUG     [stdout] --- PASO 2: Consolidando Encuestas SOS  (Abril_2026) ---
2026-06-22 14:37:27  [etl.sos]           ✓ INFO      [stdout] ✓ Respuestas SOS Abril 2026.xlsx
2026-06-22 14:37:27  [etl.exhib_gratis]  ✓ INFO      [stdout] ✓ Respuestas SOS Abril 2026.xlsx
2026-06-22 14:37:27  [etl.cif]           ✓ INFO      [stdout] ✓ Respuestas SOS Abril 2026.xlsx
2026-06-22 14:37:27  [etl.sos]           ✓ INFO      [stdout] ✓ Respuestas SOS Baby Abril 2026.xlsx
2026-06-22 14:37:27  [etl.exhib_gratis]  ✓ INFO      [stdout] ✓ Respuestas SOS Baby Abril 2026.xlsx
2026-06-22 14:37:27  [etl.cif]           ✓ INFO      [stdout] ✓ Respuestas SOS Baby Abril 2026.xlsx
2026-06-22 14:37:42  [etl.sos]           ✓ INFO      [stdout] ✓ Base Exhibiciones Informar Abril 2026.xlsx — 3,796 filas
2026-06-22 14:37:42  [etl.exhib_gratis]  ✓ INFO      [stdout] ✓ Base Exhibiciones Informar Abril 2026.xlsx — 3,796 filas
2026-06-22 14:37:42  [etl.cif]           ✓ INFO      [stdout] ✓ Base Exhibiciones Informar Abril 2026.xlsx — 3,796 filas
2026-06-22 14:37:51  [etl.sos]           ✓ INFO      [stdout] ✅ ÉXITO: Agrupado guardado en: C:\Users\Usuario\OneDrive - Universidad de los Andes\Escritorio\PROYECTO_EFICACIA\BASES\CIF\PLAN DE TRABAJO\Plan de trabajo consolidado_grupado.csv
2026-06-22 14:37:51  [etl.exhib_gratis]  ✓ INFO      [stdout] ✅ ÉXITO: Agrupado guardado en: C:\Users\Usuario\OneDrive - Universidad de los Andes\Escritorio\PROYECTO_EFICACIA\BASES\CIF\PLAN DE TRABAJO\Plan de trabajo consolidado_grupado.csv
2026-06-22 14:37:51  [etl.cif]           ✓ INFO      [stdout] ✅ ÉXITO: Agrupado guardado en: C:\Users\Usuario\OneDrive - Universidad de los Andes\Escritorio\PROYECTO_EFICACIA\BASES\CIF\PLAN DE TRABAJO\Plan de trabajo consolidado_grupado.csv
2026-06-22 14:37:51  [etl.sos]           · DEBUG     [stdout] Resumen agrupado (Primeros 5):
2026-06-22 14:37:51  [etl.exhib_gratis]  · DEBUG     [stdout] Resumen agrupado (Primeros 5):
2026-06-22 14:37:51  [etl.cif]           · DEBUG     [stdout] Resumen agrupado (Primeros 5):
2026-06-22 14:37:51  [etl.sos]           · DEBUG     [stdout] ACRONIMO ID_PDV_INVOLVES  TIEMPO_SERVICIO_HORAS
2026-06-22 14:37:51  [etl.sos]           · DEBUG     [stdout] 0     None            None                    NaN
2026-06-22 14:37:51  [etl.sos]           · DEBUG     [stdout] 1    LE001           10032                    NaN
2026-06-22 14:37:51  [etl.sos]           · DEBUG     [stdout] 2    LE001           10033                    NaN
2026-06-22 14:37:51  [etl.sos]           · DEBUG     [stdout] 3    LE001           10035                    NaN
2026-06-22 14:37:51  [etl.exhib_gratis]  · DEBUG     [stdout] ACRONIMO ID_PDV_INVOLVES  TIEMPO_SERVICIO_HORAS
2026-06-22 14:37:51  [etl.exhib_gratis]  · DEBUG     [stdout] 0     None            None                    NaN
2026-06-22 14:37:51  [etl.exhib_gratis]  · DEBUG     [stdout] 1    LE001           10032                    NaN
2026-06-22 14:37:51  [etl.exhib_gratis]  · DEBUG     [stdout] 2    LE001           10033                    NaN
2026-06-22 14:37:51  [etl.exhib_gratis]  · DEBUG     [stdout] 3    LE001           10035                    NaN
2026-06-22 14:37:51  [etl.cif]           · DEBUG     [stdout] ACRONIMO ID_PDV_INVOLVES  TIEMPO_SERVICIO_HORAS
2026-06-22 14:37:51  [etl.cif]           · DEBUG     [stdout] 0     None            None                    NaN
2026-06-22 14:37:51  [etl.cif]           · DEBUG     [stdout] 1    LE001           10032                    NaN
2026-06-22 14:37:51  [etl.cif]           · DEBUG     [stdout] 2    LE001           10033                    NaN
2026-06-22 14:37:51  [etl.cif]           · DEBUG     [stdout] 3    LE001           10035                    NaN
2026-06-22 14:37:51  [etl.sos]           · DEBUG     [stdout] 4    LE001           10036                    NaN
2026-06-22 14:37:51  [etl.exhib_gratis]  · DEBUG     [stdout] 4    LE001           10036                    NaN
2026-06-22 14:37:51  [etl.cif]           · DEBUG     [stdout] 4    LE001           10036                    NaN
2026-06-22 14:37:51  [etl.cif]           ✓ INFO      Paso 3 — Visitas Involves
2026-06-22 14:37:51  [etl.sos]           · DEBUG     [stdout] ========================================
2026-06-22 14:37:51  [etl.exhib_gratis]  · DEBUG     [stdout] ========================================
2026-06-22 14:37:51  [etl.cif]           · DEBUG     [stdout] ========================================
2026-06-22 14:37:51  [etl.sos]           · DEBUG     [stdout] INICIANDO PASO 3: INVOLVES (CRUCE PRIORIZANDO BASE VENTAS)  (Abril_2026)
2026-06-22 14:37:51  [etl.exhib_gratis]  · DEBUG     [stdout] INICIANDO PASO 3: INVOLVES (CRUCE PRIORIZANDO BASE VENTAS)  (Abril_2026)
2026-06-22 14:37:51  [etl.cif]           · DEBUG     [stdout] INICIANDO PASO 3: INVOLVES (CRUCE PRIORIZANDO BASE VENTAS)  (Abril_2026)
2026-06-22 14:37:51  [etl.sos]           · DEBUG     [stdout] ========================================
2026-06-22 14:37:51  [etl.exhib_gratis]  · DEBUG     [stdout] ========================================
2026-06-22 14:37:51  [etl.cif]           · DEBUG     [stdout] ========================================
2026-06-22 14:37:59  [etl.sos]           ✓ INFO      [stdout] ✓ Base Exhibiciones Planning Abril 2026.xlsx — 2,747 filas
2026-06-22 14:37:59  [etl.exhib_gratis]  ✓ INFO      [stdout] ✓ Base Exhibiciones Planning Abril 2026.xlsx — 2,747 filas
2026-06-22 14:37:59  [etl.cif]           ✓ INFO      [stdout] ✓ Base Exhibiciones Planning Abril 2026.xlsx — 2,747 filas
2026-06-22 14:38:12  [etl.sos]           ✓ INFO      [stdout] ✓ Plan de trabajo.xlsx — 7,531 gestores cargados
2026-06-22 14:38:12  [etl.exhib_gratis]  ✓ INFO      [stdout] ✓ Plan de trabajo.xlsx — 7,531 gestores cargados
2026-06-22 14:38:12  [etl.cif]           ✓ INFO      [stdout] ✓ Plan de trabajo.xlsx — 7,531 gestores cargados
2026-06-22 14:44:13  [etl.sos]           ✓ INFO      [stdout] ✅ Paso 3 finalizado. Condición de Checkout Manual obligatoria aplicada.
2026-06-22 14:44:13  [etl.exhib_gratis]  ✓ INFO      [stdout] ✅ Paso 3 finalizado. Condición de Checkout Manual obligatoria aplicada.
2026-06-22 14:44:13  [etl.cif]           ✓ INFO      [stdout] ✅ Paso 3 finalizado. Condición de Checkout Manual obligatoria aplicada.
2026-06-22 14:44:13  [etl.cif]           ✓ INFO      Paso 4 — Justificaciones
2026-06-22 14:44:13  [etl.sos]           · DEBUG     [stdout] ========================================
2026-06-22 14:44:13  [etl.exhib_gratis]  · DEBUG     [stdout] ========================================
2026-06-22 14:44:13  [etl.cif]           · DEBUG     [stdout] ========================================
2026-06-22 14:44:13  [etl.sos]           · DEBUG     [stdout] INICIANDO PASO 4: JUSTIFICACIONES (CRUCE PRIORIZANDO BASE VENTAS)  (Abril_2026)
2026-06-22 14:44:13  [etl.exhib_gratis]  · DEBUG     [stdout] INICIANDO PASO 4: JUSTIFICACIONES (CRUCE PRIORIZANDO BASE VENTAS)  (Abril_2026)
2026-06-22 14:44:13  [etl.cif]           · DEBUG     [stdout] INICIANDO PASO 4: JUSTIFICACIONES (CRUCE PRIORIZANDO BASE VENTAS)  (Abril_2026)
2026-06-22 14:44:13  [etl.sos]           · DEBUG     [stdout] ========================================
2026-06-22 14:44:13  [etl.exhib_gratis]  · DEBUG     [stdout] ========================================
2026-06-22 14:44:13  [etl.cif]           · DEBUG     [stdout] ========================================
2026-06-22 14:44:16  [etl.sos]           ✓ INFO      [stdout] ✓ informe-gerencial-visitas_202604.xlsx — 154,664 filas
2026-06-22 14:44:16  [etl.exhib_gratis]  ✓ INFO      [stdout] ✓ informe-gerencial-visitas_202604.xlsx — 154,664 filas
2026-06-22 14:44:16  [etl.cif]           ✓ INFO      [stdout] ✓ informe-gerencial-visitas_202604.xlsx — 154,664 filas
2026-06-22 14:44:16  [etl.sos]           · DEBUG     [stdout] 🔎 Filtro Tipo de check-in: descartadas 142,612 filas 'Sin check-in' (92.2%); quedan 12,052 visitas efectivas.
2026-06-22 14:44:16  [etl.exhib_gratis]  · DEBUG     [stdout] 🔎 Filtro Tipo de check-in: descartadas 142,612 filas 'Sin check-in' (92.2%); quedan 12,052 visitas efectivas.
2026-06-22 14:44:16  [etl.cif]           · DEBUG     [stdout] 🔎 Filtro Tipo de check-in: descartadas 142,612 filas 'Sin check-in' (92.2%); quedan 12,052 visitas efectivas.
2026-06-22 14:44:17  [etl.sos]           · DEBUG     [stdout] Encuestas consolidadas: 6,543 filas
2026-06-22 14:44:17  [etl.exhib_gratis]  · DEBUG     [stdout] Encuestas consolidadas: 6,543 filas
2026-06-22 14:44:17  [etl.cif]           · DEBUG     [stdout] Encuestas consolidadas: 6,543 filas
2026-06-22 14:44:17  [etl.sos]           · DEBUG     [stdout] Plan de trabajo:         7,531 filas
2026-06-22 14:44:17  [etl.exhib_gratis]  · DEBUG     [stdout] Plan de trabajo:         7,531 filas
2026-06-22 14:44:17  [etl.cif]           · DEBUG     [stdout] Plan de trabajo:         7,531 filas
2026-06-22 14:44:17  [etl.sos]           · DEBUG     [stdout] Visitas realizadas:      12,052 filas
2026-06-22 14:44:17  [etl.exhib_gratis]  · DEBUG     [stdout] Visitas realizadas:      12,052 filas
2026-06-22 14:44:17  [etl.cif]           · DEBUG     [stdout] Visitas realizadas:      12,052 filas
2026-06-22 14:44:17  [etl.sos]           · DEBUG     [stdout] ── Módulo 1: Exhibiciones Pagadas ───────────────
2026-06-22 14:44:17  [etl.exhib_gratis]  · DEBUG     [stdout] ── Módulo 1: Exhibiciones Pagadas ───────────────
2026-06-22 14:44:17  [etl.cif]           · DEBUG     [stdout] ── Módulo 1: Exhibiciones Pagadas ───────────────
2026-06-22 14:44:18  [etl.sos]           ✓ INFO      [stdout] ✅ EXITO: Encuestas unidas (2 archivo(s)).
2026-06-22 14:44:18  [etl.exhib_gratis]  ✓ INFO      [stdout] ✅ EXITO: Encuestas unidas (2 archivo(s)).
2026-06-22 14:44:18  [etl.cif]           ✓ INFO      [stdout] ✅ EXITO: Encuestas unidas (2 archivo(s)).
2026-06-22 14:44:18  [etl.sos]           ✓ INFO      Encuestas SOS consolidadas
2026-06-22 14:44:18  [etl.sos]           · DEBUG     [stdout] --- PASO 3: Generando Reporte de Cumplimiento  (Abril_2026) ---
2026-06-22 14:44:18  [etl.exhib_gratis]  · DEBUG     [stdout] --- PASO 3: Generando Reporte de Cumplimiento  (Abril_2026) ---
2026-06-22 14:44:18  [etl.cif]           · DEBUG     [stdout] --- PASO 3: Generando Reporte de Cumplimiento  (Abril_2026) ---
2026-06-22 14:44:19  [etl.sos]           · DEBUG     [stdout] Implementadas pagadas:          2,090 filas
2026-06-22 14:44:19  [etl.exhib_gratis]  · DEBUG     [stdout] Implementadas pagadas:          2,090 filas
2026-06-22 14:44:19  [etl.cif]           · DEBUG     [stdout] Implementadas pagadas:          2,090 filas
2026-06-22 14:44:19  [etl.sos]           · DEBUG     [stdout] ── Módulo 2: Exhibiciones Gratis y Concurso ─────
2026-06-22 14:44:19  [etl.exhib_gratis]  · DEBUG     [stdout] ── Módulo 2: Exhibiciones Gratis y Concurso ─────
2026-06-22 14:44:19  [etl.cif]           · DEBUG     [stdout] ── Módulo 2: Exhibiciones Gratis y Concurso ─────
2026-06-22 14:44:42  [etl.sos]           · DEBUG     [stdout] Implementadas gratis/concurso: 1,407 filas
2026-06-22 14:44:42  [etl.exhib_gratis]  · DEBUG     [stdout] Implementadas gratis/concurso: 1,407 filas
2026-06-22 14:44:42  [etl.cif]           · DEBUG     [stdout] Implementadas gratis/concurso: 1,407 filas
2026-06-22 14:44:42  [etl.sos]           · DEBUG     [stdout] ── Consolidando output ──────────────────────────
2026-06-22 14:44:42  [etl.exhib_gratis]  · DEBUG     [stdout] ── Consolidando output ──────────────────────────
2026-06-22 14:44:42  [etl.cif]           · DEBUG     [stdout] ── Consolidando output ──────────────────────────
2026-06-22 14:44:50  [etl.sos]           ✓ INFO      [stdout] ✅ EXITO: Reporte de capturas generado con Captura Planeada, Fechas y periodo Abril_2026.
2026-06-22 14:44:50  [etl.exhib_gratis]  ✓ INFO      [stdout] ✅ EXITO: Reporte de capturas generado con Captura Planeada, Fechas y periodo Abril_2026.
2026-06-22 14:44:50  [etl.cif]           ✓ INFO      [stdout] ✅ EXITO: Reporte de capturas generado con Captura Planeada, Fechas y periodo Abril_2026.
2026-06-22 14:44:50  [etl.sos]           ✓ INFO      Cumplimiento de captura calculado
2026-06-22 14:44:50  [etl.sos]           · DEBUG     [stdout] --- PASO 4: Normalizando Target  (Abril_2026) ---
2026-06-22 14:44:50  [etl.exhib_gratis]  · DEBUG     [stdout] --- PASO 4: Normalizando Target  (Abril_2026) ---
2026-06-22 14:44:50  [etl.cif]           · DEBUG     [stdout] --- PASO 4: Normalizando Target  (Abril_2026) ---
2026-06-22 14:44:50  [etl.sos]           · DEBUG     [stdout] 📂 Archivo detectado: Colombia-sos-target-202604.xlsx
2026-06-22 14:44:50  [etl.exhib_gratis]  · DEBUG     [stdout] 📂 Archivo detectado: Colombia-sos-target-202604.xlsx
2026-06-22 14:44:50  [etl.cif]           · DEBUG     [stdout] 📂 Archivo detectado: Colombia-sos-target-202604.xlsx
2026-06-22 14:44:59  [etl.sos]           ✓ INFO      [stdout] ✓ Output escrito en: C:\Users\Usuario\OneDrive - Universidad de los Andes\Escritorio\PROYECTO_EFICACIA\SALIDA\EXHIBICIONES\Resultado exhibiciones gratis.xlsx (10,189 filas, periodos preservados)
2026-06-22 14:44:59  [etl.exhib_gratis]  ✓ INFO      [stdout] ✓ Output escrito en: C:\Users\Usuario\OneDrive - Universidad de los Andes\Escritorio\PROYECTO_EFICACIA\SALIDA\EXHIBICIONES\Resultado exhibiciones gratis.xlsx (10,189 filas, periodos preservados)
2026-06-22 14:44:59  [etl.cif]           ✓ INFO      [stdout] ✓ Output escrito en: C:\Users\Usuario\OneDrive - Universidad de los Andes\Escritorio\PROYECTO_EFICACIA\SALIDA\EXHIBICIONES\Resultado exhibiciones gratis.xlsx (10,189 filas, periodos preservados)
2026-06-22 14:44:59  [etl.sos]           · DEBUG     [stdout] ── Resumen de Exhibiciones ──────────────────────
2026-06-22 14:44:59  [etl.exhib_gratis]  · DEBUG     [stdout] ── Resumen de Exhibiciones ──────────────────────
2026-06-22 14:44:59  [etl.cif]           · DEBUG     [stdout] ── Resumen de Exhibiciones ──────────────────────
2026-06-22 14:44:59  [etl.sos]           · DEBUG     [stdout] Total Exhibiciones:                          12,576
2026-06-22 14:44:59  [etl.exhib_gratis]  · DEBUG     [stdout] Total Exhibiciones:                          12,576
2026-06-22 14:44:59  [etl.cif]           · DEBUG     [stdout] Total Exhibiciones:                          12,576
2026-06-22 14:44:59  [etl.sos]           · DEBUG     [stdout] Total Exhibiciones Gratis:                    4,935
2026-06-22 14:44:59  [etl.exhib_gratis]  · DEBUG     [stdout] Total Exhibiciones Gratis:                    4,935
2026-06-22 14:44:59  [etl.cif]           · DEBUG     [stdout] Total Exhibiciones Gratis:                    4,935
2026-06-22 14:44:59  [etl.sos]           · DEBUG     [stdout] Total Exhibiciones Pagadas:                   7,641
2026-06-22 14:44:59  [etl.exhib_gratis]  · DEBUG     [stdout] Total Exhibiciones Pagadas:                   7,641
2026-06-22 14:44:59  [etl.cif]           · DEBUG     [stdout] Total Exhibiciones Pagadas:                   7,641
2026-06-22 14:44:59  [etl.sos]           · DEBUG     [stdout] Total Exhibiciones Alto Impacto:              5,614
2026-06-22 14:44:59  [etl.exhib_gratis]  · DEBUG     [stdout] Total Exhibiciones Alto Impacto:              5,614
2026-06-22 14:44:59  [etl.cif]           · DEBUG     [stdout] Total Exhibiciones Alto Impacto:              5,614
2026-06-22 14:44:59  [etl.sos]           · DEBUG     [stdout] Total Exhibiciones Medio Impacto:             6,961
2026-06-22 14:44:59  [etl.exhib_gratis]  · DEBUG     [stdout] Total Exhibiciones Medio Impacto:             6,961
2026-06-22 14:44:59  [etl.cif]           · DEBUG     [stdout] Total Exhibiciones Medio Impacto:             6,961
2026-06-22 14:44:59  [etl.sos]           · DEBUG     [stdout] ─────────────────────────────────────────────────
2026-06-22 14:44:59  [etl.exhib_gratis]  · DEBUG     [stdout] ─────────────────────────────────────────────────
2026-06-22 14:44:59  [etl.cif]           · DEBUG     [stdout] ─────────────────────────────────────────────────
2026-06-22 14:44:59  [etl.sos]           · DEBUG     [stdout] --- KPI (V3): RESUMEN EXHIBICIONES GRATIS por empleado  (Abril_2026) ---
2026-06-22 14:44:59  [etl.exhib_gratis]  · DEBUG     [stdout] --- KPI (V3): RESUMEN EXHIBICIONES GRATIS por empleado  (Abril_2026) ---
2026-06-22 14:44:59  [etl.cif]           · DEBUG     [stdout] --- KPI (V3): RESUMEN EXHIBICIONES GRATIS por empleado  (Abril_2026) ---
2026-06-22 14:45:02  [etl.sos]           · DEBUG     [stdout] Leyendo: Resultado exhibiciones gratis.xlsx (10189 filas)
2026-06-22 14:45:02  [etl.exhib_gratis]  · DEBUG     [stdout] Leyendo: Resultado exhibiciones gratis.xlsx (10189 filas)
2026-06-22 14:45:02  [etl.cif]           · DEBUG     [stdout] Leyendo: Resultado exhibiciones gratis.xlsx (10189 filas)
2026-06-22 14:45:05  [etl.sos]           ✓ INFO      [stdout] ✅ Mes activo: 118 empleados → EXHIBICIONES_GRATIS_KPIS.xlsx
2026-06-22 14:45:05  [etl.exhib_gratis]  ✓ INFO      [stdout] ✅ Mes activo: 118 empleados → EXHIBICIONES_GRATIS_KPIS.xlsx
2026-06-22 14:45:05  [etl.cif]           ✓ INFO      [stdout] ✅ Mes activo: 118 empleados → EXHIBICIONES_GRATIS_KPIS.xlsx
2026-06-22 14:45:08  [etl.sos]           ✓ INFO      [stdout] ✅ Histórico → EXHIBICIONES_GRATIS_KPIS_HISTORICO.xlsx
2026-06-22 14:45:08  [etl.exhib_gratis]  ✓ INFO      [stdout] ✅ Histórico → EXHIBICIONES_GRATIS_KPIS_HISTORICO.xlsx
2026-06-22 14:45:08  [etl.cif]           ✓ INFO      [stdout] ✅ Histórico → EXHIBICIONES_GRATIS_KPIS_HISTORICO.xlsx
2026-06-22 14:45:08  [etl.exhib_gratis]  ✓ INFO      ETL Exhibiciones Gratis — completado
2026-06-22 14:45:08  [etl.exhib_gratis]  ✓ INFO      Duración total: 463.2s
2026-06-22 14:45:08  [etl.orquestador]   ✓ INFO      ETL 'exhib_gratis' terminó — ✓ OK en 463.2s
2026-06-22 14:45:25  [etl.sos]           ✓ INFO      [stdout] ✅ EXITO: Target normalizado guardado en: C:\Users\Usuario\OneDrive - Universidad de los Andes\Escritorio\PROYECTO_EFICACIA\BASES\SOS\Colombia_sos_target_Normalizado.xlsx
2026-06-22 14:45:25  [etl.sos]           ✓ INFO      Target normalizado
2026-06-22 14:45:25  [etl.sos]           · DEBUG     [stdout] --- PASO 5: Generando Reporte Final (Cruce Triple y Cálculos)  (Abril_2026) ---
2026-06-22 14:45:56  [etl.sos]           ⚠ WARNING   [stdout] ⚠️  No se pudo leer el reporte SOS previo (Reindexing only valid with uniquely valued Index objects); se sobrescribe.
2026-06-22 14:46:03  [etl.sos]           ✓ INFO      [stdout] ✅ EXITO: Reporte Final SOS (Abril_2026) generado en: C:\Users\Usuario\OneDrive - Universidad de los Andes\Escritorio\PROYECTO_EFICACIA\SALIDA\SOS\Reporte_SOS_Final_Calculado.xlsx
2026-06-22 14:46:03  [etl.sos]           ✓ INFO      Cruce triple y cálculo SOS completado
2026-06-22 14:46:03  [etl.sos]           · DEBUG     [stdout] --- PASO 6 (V3): RESUMEN KPI SOS por gestor  (Abril_2026) ---
2026-06-22 14:46:04  [etl.sos]           · DEBUG     [stdout] Leyendo: Cumplimiento_Captura_SOS.xlsx (497 filas)
2026-06-22 14:46:06  [etl.sos]           ✓ INFO      [stdout] ✅ Mes activo: 121 gestores → SOS_KPIS.xlsx
2026-06-22 14:46:06  [etl.sos]           ✓ INFO      [stdout] ✅ Histórico acumulado → SOS_KPIS_HISTORICO.xlsx
2026-06-22 14:46:06  [etl.sos]           ✓ INFO      KPI SOS consolidado
2026-06-22 14:46:06  [etl.sos]           ✓ INFO      ETL SOS — completado
2026-06-22 14:46:06  [etl.sos]           ✓ INFO      Duración total: 521.2s
2026-06-22 14:46:06  [etl.orquestador]   ✓ INFO      ETL 'sos' terminó — ✓ OK en 521.2s
2026-06-22 14:46:46  [etl.cif]           ✓ INFO      Paso 5 — Agrupación visitas (unificación gestores)
2026-06-22 14:46:46  [etl.cif]           ✓ INFO      Paso 6 — Generación de alertas de tiempos inconsistentes
2026-06-22 14:46:46  [etl.cif]           ✓ INFO      Paso 7 — Resultado final Excel
2026-06-22 14:46:58  [etl.cif]           ✓ INFO      Paso 8 — KPIs por gestor
2026-06-22 14:47:01  [etl.cif]           ✓ INFO      ETL CIF — completado
2026-06-22 14:47:01  [etl.cif]           ✓ INFO      Duración total: 576.7s
2026-06-22 14:47:01  [etl.orquestador]   ✓ INFO      ETL 'cif' terminó — ✓ OK en 576.7s
2026-06-22 14:47:01  [etl.orquestador]   ✓ INFO      ════════════════════════════════════════════════════════
2026-06-22 14:47:01  [etl.orquestador]   ✓ INFO      REPORTE DE EJECUCIÓN
2026-06-22 14:47:01  [etl.orquestador]   ✓ INFO      ════════════════════════════════════════════════════════
2026-06-22 14:47:01  [etl.orquestador]   ✓ INFO        ETL                    Estado           Tiempo
2026-06-22 14:47:01  [etl.orquestador]   ✓ INFO        ────────────────────── ────────────── ────────
2026-06-22 14:47:01  [etl.orquestador]   ✓ INFO        cif                    ✓ OK             576.7s
2026-06-22 14:47:01  [etl.orquestador]   ✓ INFO        sos                    ✓ OK             521.2s
2026-06-22 14:47:01  [etl.orquestador]   ✓ INFO        exhib_gratis           ✓ OK             463.2s
2026-06-22 14:47:01  [etl.orquestador]   ✓ INFO        ────────────────────── ────────────── ────────
2026-06-22 14:47:01  [etl.orquestador]   ✓ INFO        shared_loader          ✓ OK               5.2s
2026-06-22 14:47:01  [etl.orquestador]   ✓ INFO        TOTAL (paralelo)                        581.9s
2026-06-22 14:47:01  [etl.orquestador]   ✓ INFO        Sin paralelismo (est.)                 1566.3s
2026-06-22 14:47:01  [etl.orquestador]   ✓ INFO        Ahorro estimado                         984.4s
2026-06-22 14:47:01  [etl.orquestador]   ✓ INFO      ────────────────────────────────────────────────────────
2026-06-22 14:47:01  [etl.orquestador]   ✓ INFO      Eventos: 0 CRITICAL  |  0 ERROR  |  2 WARNING
2026-06-22 14:47:01  [etl.orquestador]   ✓ INFO      ························································
2026-06-22 14:47:01  [etl.orquestador]   ✓ INFO        WARNING (2)
2026-06-22 14:47:01  [etl.orquestador]   ✓ INFO      ························································
2026-06-22 14:47:01  [etl.orquestador]   ✓ INFO        14:37:24  [shared_loader]     [DIRECTO] Módulo 'precios': el filtro devolvió 0 filas (columna 'PRECIOS' sin valores = 1, o IDs sin coincidencia en el PT)
2026-06-22 14:47:01  [etl.orquestador]   ✓ INFO        14:45:56  [sos]               [stdout] ⚠️  No se pudo leer el reporte SOS previo (Reindexing only valid with uniquely valued Index objects); se sobrescribe.
2026-06-22 14:47:01  [etl.orquestador]   ✓ INFO      ════════════════════════════════════════════════════════
2026-06-22 14:47:01  [etl.orquestador]   ✓ INFO      Log completo guardado en: C:\Users\Usuario\OneDrive - Universidad de los Andes\Escritorio\PROYECTO_EFICACIA\SCRIPTS\logs\ejecucion_202604_a_202605_20260622_143719.log
2026-06-22 14:47:01  [etl.orquestador]   ✓ INFO      Fin: 2026-06-22 14:47:01
2026-06-22 14:47:01  [etl.orquestador]   ✓ INFO      ════════════════════════════════════════════════════════
2026-06-22 14:47:01  [etl.orquestador]   ✓ INFO      
2026-06-22 14:47:01  [etl.orquestador]   ✓ INFO      ▶ PERIODO 2/2: Mayo_2026
2026-06-22 14:47:01  [etl.orquestador]   ✓ INFO      ════════════════════════════════════════════════════════
2026-06-22 14:47:01  [etl.orquestador]   ✓ INFO      ORQUESTADOR ETLs — Eficacia
2026-06-22 14:47:01  [etl.orquestador]   ✓ INFO      Inicio: 2026-06-22 14:47:01
2026-06-22 14:47:01  [etl.orquestador]   ✓ INFO      Run ID: 20260622T143719_51e69c
2026-06-22 14:47:01  [etl.orquestador]   ✓ INFO      Periodo: Mayo_2026 (05/2026)
2026-06-22 14:47:01  [etl.orquestador]   ✓ INFO      ETLs seleccionados: ['cif', 'sos', 'exhib_gratis']
2026-06-22 14:47:01  [etl.orquestador]   ✓ INFO      Workers paralelos: 6
2026-06-22 14:47:01  [etl.orquestador]   ✓ INFO      Skip si cached: False
2026-06-22 14:47:01  [etl.orquestador]   ✓ INFO      ════════════════════════════════════════════════════════
2026-06-22 14:47:01  [etl.shared_loader]  ✓ INFO      PT Directo detectado: Plan de trabajo Directo Mayo 2026.xlsx
2026-06-22 14:47:01  [etl.shared_loader]  ✓ INFO      PT ISM detectado: Plan de trabajo ISM Mayo 2026.xlsx
2026-06-22 14:47:01  [etl.shared_loader]  ✓ INFO      ━━━━━━━━━━━━━━━━━━━━━━━━━━━━━━━━━━━━━━━━━━━━━━━━━━
2026-06-22 14:47:01  [etl.shared_loader]  ✓ INFO      Iniciando carga compartida del Plan de Trabajo
2026-06-22 14:47:01  [etl.shared_loader]  ✓ INFO      ━━━━━━━━━━━━━━━━━━━━━━━━━━━━━━━━━━━━━━━━━━━━━━━━━━
2026-06-22 14:47:04  [etl.shared_loader]  ✓ INFO      [DIRECTO] 8,755 filas PT  |  3,319 filas módulos cargadas
2026-06-22 14:47:04  [etl.shared_loader]  ✓ INFO      [ISM] 2,445 filas PT  |  859 filas módulos cargadas
2026-06-22 14:47:04  [etl.shared_loader]  ✓ INFO      PT consolidado: 11,200 filas totales
2026-06-22 14:47:04  [etl.shared_loader]  ✓ INFO      Periodo forzado por el caller: Mes 5 | Año 2026
2026-06-22 14:47:04  [etl.shared_loader]  ✓ INFO      Aplicando filtros por módulo
2026-06-22 14:47:04  [etl.shared_loader]  ✓ INFO      [DIRECTO] Módulo 'no_presencia': 5,182 filas retenidas
2026-06-22 14:47:04  [etl.shared_loader]  ✓ INFO      [ISM] Módulo 'no_presencia': 981 filas retenidas
2026-06-22 14:47:04  [etl.shared_loader]  ✓ INFO      [DIRECTO] Módulo 'precios': 3,152 filas retenidas
2026-06-22 14:47:04  [etl.shared_loader]  ✓ INFO      [ISM] Módulo 'precios': 622 filas retenidas
2026-06-22 14:47:04  [etl.shared_loader]  ✓ INFO      [DIRECTO] Módulo 'sos': 3,165 filas retenidas
2026-06-22 14:47:04  [etl.shared_loader]  ✓ INFO      [ISM] Módulo 'sos': 622 filas retenidas
2026-06-22 14:47:04  [etl.shared_loader]  ✓ INFO      Carga compartida completada
2026-06-22 14:47:04  [etl.orquestador]   ✓ INFO      shared_loader completado en 3.0s
2026-06-22 14:47:04  [etl.orquestador]   ✓ INFO      ────────────────────────────────────────────────────────
2026-06-22 14:47:04  [etl.orquestador]   ✓ INFO      FASE 1 — Lanzando 3 ETLs en paralelo (0 skipped)
2026-06-22 14:47:04  [etl.orquestador]   ✓ INFO      ────────────────────────────────────────────────────────
2026-06-22 14:47:04  [etl.sos]           ✓ INFO      ────────────────────────────────────────────────────────
2026-06-22 14:47:04  [etl.sos]           ✓ INFO      ETL SOS — iniciando
2026-06-22 14:47:04  [etl.sos]           ✓ INFO      PT filtrado persistido: 482 PDVs únicos
2026-06-22 14:47:04  [etl.sos]           ✓ INFO      6 archivo(s) de encuesta SOS encontrado(s)
2026-06-22 14:47:04  [etl.sos]           · DEBUG     [stdout] --- PASO 2: Consolidando Encuestas SOS  (Mayo_2026) ---
2026-06-22 14:47:04  [etl.exhib_gratis]  · DEBUG     [stdout] --- PASO 2: Consolidando Encuestas SOS  (Mayo_2026) ---
2026-06-22 14:47:04  [etl.sos]           · DEBUG     [stdout] --- PASO 2: Consolidando Encuestas SOS  (Mayo_2026) ---
2026-06-22 14:47:04  [etl.sos]           ✓ INFO      [stdout] ✓ Respuestas SOS Mayo 2026.xlsx
2026-06-22 14:47:04  [etl.exhib_gratis]  ✓ INFO      [stdout] ✓ Respuestas SOS Mayo 2026.xlsx
2026-06-22 14:47:04  [etl.sos]           ✓ INFO      [stdout] ✓ Respuestas SOS Mayo 2026.xlsx
2026-06-22 14:47:04  [etl.sos]           ✓ INFO      [stdout] ✓ Respuestas SOS Baby Mayo 2026.xlsx
2026-06-22 14:47:04  [etl.exhib_gratis]  ✓ INFO      [stdout] ✓ Respuestas SOS Baby Mayo 2026.xlsx
2026-06-22 14:47:04  [etl.sos]           ✓ INFO      [stdout] ✓ Respuestas SOS Baby Mayo 2026.xlsx
2026-06-22 14:47:05  [etl.exhib_gratis]  ✓ INFO      ────────────────────────────────────────────────────────
2026-06-22 14:47:05  [etl.exhib_gratis]  ✓ INFO      ETL Exhibiciones Gratis — iniciando
2026-06-22 14:47:05  [etl.sos]           · DEBUG     [stdout] ── Resolviendo archivos fuente (Mayo_2026) ─
2026-06-22 14:47:05  [etl.exhib_gratis]  · DEBUG     [stdout] ── Resolviendo archivos fuente (Mayo_2026) ─
2026-06-22 14:47:05  [etl.sos]           · DEBUG     [stdout] ── Resolviendo archivos fuente (Mayo_2026) ─
2026-06-22 14:47:05  [etl.exhib_gratis]  · DEBUG     [stdout] ── Resolviendo archivos fuente (Mayo_2026) ─
2026-06-22 14:47:05  [etl.sos]           · DEBUG     [stdout] [informar] 1 archivo(s):
2026-06-22 14:47:05  [etl.exhib_gratis]  · DEBUG     [stdout] [informar] 1 archivo(s):
2026-06-22 14:47:05  [etl.sos]           · DEBUG     [stdout] [informar] 1 archivo(s):
2026-06-22 14:47:05  [etl.exhib_gratis]  · DEBUG     [stdout] [informar] 1 archivo(s):
2026-06-22 14:47:05  [etl.sos]           · DEBUG     [stdout] - Base Exhibiciones Informar Mayo 2026.xlsx
2026-06-22 14:47:05  [etl.exhib_gratis]  · DEBUG     [stdout] - Base Exhibiciones Informar Mayo 2026.xlsx
2026-06-22 14:47:05  [etl.sos]           · DEBUG     [stdout] - Base Exhibiciones Informar Mayo 2026.xlsx
2026-06-22 14:47:05  [etl.exhib_gratis]  · DEBUG     [stdout] - Base Exhibiciones Informar Mayo 2026.xlsx
2026-06-22 14:47:05  [etl.sos]           · DEBUG     [stdout] [planning] 1 archivo(s):
2026-06-22 14:47:05  [etl.exhib_gratis]  · DEBUG     [stdout] [planning] 1 archivo(s):
2026-06-22 14:47:05  [etl.sos]           · DEBUG     [stdout] [planning] 1 archivo(s):
2026-06-22 14:47:05  [etl.exhib_gratis]  · DEBUG     [stdout] [planning] 1 archivo(s):
2026-06-22 14:47:05  [etl.sos]           · DEBUG     [stdout] - Base Exhibiciones Planning Mayo 2026.xlsx
2026-06-22 14:47:05  [etl.exhib_gratis]  · DEBUG     [stdout] - Base Exhibiciones Planning Mayo 2026.xlsx
2026-06-22 14:47:05  [etl.sos]           · DEBUG     [stdout] - Base Exhibiciones Planning Mayo 2026.xlsx
2026-06-22 14:47:05  [etl.exhib_gratis]  · DEBUG     [stdout] - Base Exhibiciones Planning Mayo 2026.xlsx
2026-06-22 14:47:05  [etl.sos]           · DEBUG     [stdout] [visitas] 1 archivo(s):
2026-06-22 14:47:05  [etl.exhib_gratis]  · DEBUG     [stdout] [visitas] 1 archivo(s):
2026-06-22 14:47:05  [etl.sos]           · DEBUG     [stdout] [visitas] 1 archivo(s):
2026-06-22 14:47:05  [etl.exhib_gratis]  · DEBUG     [stdout] [visitas] 1 archivo(s):
2026-06-22 14:47:05  [etl.sos]           · DEBUG     [stdout] - informe-gerencial-visitas_202605.xlsx
2026-06-22 14:47:05  [etl.exhib_gratis]  · DEBUG     [stdout] - informe-gerencial-visitas_202605.xlsx
2026-06-22 14:47:05  [etl.sos]           · DEBUG     [stdout] - informe-gerencial-visitas_202605.xlsx
2026-06-22 14:47:05  [etl.exhib_gratis]  · DEBUG     [stdout] - informe-gerencial-visitas_202605.xlsx
2026-06-22 14:47:05  [etl.sos]           · DEBUG     [stdout] [plan_trabajo] 1 archivo(s):
2026-06-22 14:47:05  [etl.exhib_gratis]  · DEBUG     [stdout] [plan_trabajo] 1 archivo(s):
2026-06-22 14:47:05  [etl.sos]           · DEBUG     [stdout] [plan_trabajo] 1 archivo(s):
2026-06-22 14:47:05  [etl.exhib_gratis]  · DEBUG     [stdout] [plan_trabajo] 1 archivo(s):
2026-06-22 14:47:05  [etl.sos]           · DEBUG     [stdout] - Plan de trabajo.xlsx
2026-06-22 14:47:05  [etl.exhib_gratis]  · DEBUG     [stdout] - Plan de trabajo.xlsx
2026-06-22 14:47:05  [etl.sos]           · DEBUG     [stdout] - Plan de trabajo.xlsx
2026-06-22 14:47:05  [etl.exhib_gratis]  · DEBUG     [stdout] - Plan de trabajo.xlsx
2026-06-22 14:47:05  [etl.sos]           · DEBUG     [stdout] ── Cargando archivos fuente ─────────────────────
2026-06-22 14:47:05  [etl.exhib_gratis]  · DEBUG     [stdout] ── Cargando archivos fuente ─────────────────────
2026-06-22 14:47:05  [etl.sos]           · DEBUG     [stdout] ── Cargando archivos fuente ─────────────────────
2026-06-22 14:47:05  [etl.exhib_gratis]  · DEBUG     [stdout] ── Cargando archivos fuente ─────────────────────
2026-06-22 14:47:05  [etl.cif]           ✓ INFO      ────────────────────────────────────────────────────────
2026-06-22 14:47:05  [etl.cif]           ✓ INFO      ETL CIF — iniciando
2026-06-22 14:47:06  [etl.cif]           ✓ INFO      Paso 1 — PT consolidado: 11,200 filas
2026-06-22 14:47:06  [etl.cif]           ✓ INFO      Paso 2 — Agrupación SQL
2026-06-22 14:47:06  [etl.sos]           · DEBUG     [stdout] ========================================
2026-06-22 14:47:06  [etl.exhib_gratis]  · DEBUG     [stdout] ========================================
2026-06-22 14:47:06  [etl.sos]           · DEBUG     [stdout] ========================================
2026-06-22 14:47:06  [etl.exhib_gratis]  · DEBUG     [stdout] ========================================
2026-06-22 14:47:06  [etl.cif]           · DEBUG     [stdout] ========================================
2026-06-22 14:47:06  [etl.sos]           · DEBUG     [stdout] INICIANDO PASO 2: AGRUPACIÓN SQL
2026-06-22 14:47:06  [etl.exhib_gratis]  · DEBUG     [stdout] INICIANDO PASO 2: AGRUPACIÓN SQL
2026-06-22 14:47:06  [etl.sos]           · DEBUG     [stdout] INICIANDO PASO 2: AGRUPACIÓN SQL
2026-06-22 14:47:06  [etl.exhib_gratis]  · DEBUG     [stdout] INICIANDO PASO 2: AGRUPACIÓN SQL
2026-06-22 14:47:06  [etl.cif]           · DEBUG     [stdout] INICIANDO PASO 2: AGRUPACIÓN SQL
2026-06-22 14:47:06  [etl.sos]           · DEBUG     [stdout] ========================================
2026-06-22 14:47:06  [etl.exhib_gratis]  · DEBUG     [stdout] ========================================
2026-06-22 14:47:06  [etl.sos]           · DEBUG     [stdout] ========================================
2026-06-22 14:47:06  [etl.exhib_gratis]  · DEBUG     [stdout] ========================================
2026-06-22 14:47:06  [etl.cif]           · DEBUG     [stdout] ========================================
2026-06-22 14:47:14  [etl.sos]           ✓ INFO      [stdout] ✓ Base Exhibiciones Informar Mayo 2026.xlsx — 3,446 filas
2026-06-22 14:47:14  [etl.exhib_gratis]  ✓ INFO      [stdout] ✓ Base Exhibiciones Informar Mayo 2026.xlsx — 3,446 filas
2026-06-22 14:47:14  [etl.sos]           ✓ INFO      [stdout] ✓ Base Exhibiciones Informar Mayo 2026.xlsx — 3,446 filas
2026-06-22 14:47:14  [etl.exhib_gratis]  ✓ INFO      [stdout] ✓ Base Exhibiciones Informar Mayo 2026.xlsx — 3,446 filas
2026-06-22 14:47:14  [etl.cif]           ✓ INFO      [stdout] ✓ Base Exhibiciones Informar Mayo 2026.xlsx — 3,446 filas
2026-06-22 14:47:23  [etl.sos]           ✓ INFO      [stdout] ✓ Base Exhibiciones Planning Mayo 2026.xlsx — 3,284 filas
2026-06-22 14:47:23  [etl.exhib_gratis]  ✓ INFO      [stdout] ✓ Base Exhibiciones Planning Mayo 2026.xlsx — 3,284 filas
2026-06-22 14:47:23  [etl.sos]           ✓ INFO      [stdout] ✓ Base Exhibiciones Planning Mayo 2026.xlsx — 3,284 filas
2026-06-22 14:47:23  [etl.exhib_gratis]  ✓ INFO      [stdout] ✓ Base Exhibiciones Planning Mayo 2026.xlsx — 3,284 filas
2026-06-22 14:47:23  [etl.cif]           ✓ INFO      [stdout] ✓ Base Exhibiciones Planning Mayo 2026.xlsx — 3,284 filas
2026-06-22 14:47:31  [etl.sos]           ✓ INFO      [stdout] ✓ Plan de trabajo.xlsx — 11,295 gestores cargados
2026-06-22 14:47:31  [etl.exhib_gratis]  ✓ INFO      [stdout] ✓ Plan de trabajo.xlsx — 11,295 gestores cargados
2026-06-22 14:47:31  [etl.sos]           ✓ INFO      [stdout] ✓ Plan de trabajo.xlsx — 11,295 gestores cargados
2026-06-22 14:47:31  [etl.exhib_gratis]  ✓ INFO      [stdout] ✓ Plan de trabajo.xlsx — 11,295 gestores cargados
2026-06-22 14:47:31  [etl.cif]           ✓ INFO      [stdout] ✓ Plan de trabajo.xlsx — 11,295 gestores cargados
2026-06-22 14:48:09  [etl.sos]           ✓ INFO      [stdout] ✅ ÉXITO: Agrupado guardado en: C:\Users\Usuario\OneDrive - Universidad de los Andes\Escritorio\PROYECTO_EFICACIA\BASES\CIF\PLAN DE TRABAJO\Plan de trabajo consolidado_grupado.csv
2026-06-22 14:48:09  [etl.exhib_gratis]  ✓ INFO      [stdout] ✅ ÉXITO: Agrupado guardado en: C:\Users\Usuario\OneDrive - Universidad de los Andes\Escritorio\PROYECTO_EFICACIA\BASES\CIF\PLAN DE TRABAJO\Plan de trabajo consolidado_grupado.csv
2026-06-22 14:48:09  [etl.sos]           ✓ INFO      [stdout] ✅ ÉXITO: Agrupado guardado en: C:\Users\Usuario\OneDrive - Universidad de los Andes\Escritorio\PROYECTO_EFICACIA\BASES\CIF\PLAN DE TRABAJO\Plan de trabajo consolidado_grupado.csv
2026-06-22 14:48:09  [etl.exhib_gratis]  ✓ INFO      [stdout] ✅ ÉXITO: Agrupado guardado en: C:\Users\Usuario\OneDrive - Universidad de los Andes\Escritorio\PROYECTO_EFICACIA\BASES\CIF\PLAN DE TRABAJO\Plan de trabajo consolidado_grupado.csv
2026-06-22 14:48:09  [etl.cif]           ✓ INFO      [stdout] ✅ ÉXITO: Agrupado guardado en: C:\Users\Usuario\OneDrive - Universidad de los Andes\Escritorio\PROYECTO_EFICACIA\BASES\CIF\PLAN DE TRABAJO\Plan de trabajo consolidado_grupado.csv
2026-06-22 14:48:09  [etl.sos]           · DEBUG     [stdout] Resumen agrupado (Primeros 5):
2026-06-22 14:48:09  [etl.exhib_gratis]  · DEBUG     [stdout] Resumen agrupado (Primeros 5):
2026-06-22 14:48:09  [etl.sos]           · DEBUG     [stdout] Resumen agrupado (Primeros 5):
2026-06-22 14:48:09  [etl.exhib_gratis]  · DEBUG     [stdout] Resumen agrupado (Primeros 5):
2026-06-22 14:48:09  [etl.cif]           · DEBUG     [stdout] Resumen agrupado (Primeros 5):
2026-06-22 14:48:09  [etl.sos]           · DEBUG     [stdout] ACRONIMO ID_PDV_INVOLVES  TIEMPO_SERVICIO_HORAS
2026-06-22 14:48:09  [etl.sos]           · DEBUG     [stdout] 0    LE001           10032                    NaN
2026-06-22 14:48:09  [etl.sos]           · DEBUG     [stdout] 1    LE001           10033                    NaN
2026-06-22 14:48:09  [etl.sos]           · DEBUG     [stdout] 2    LE001           10035                    NaN
2026-06-22 14:48:09  [etl.sos]           · DEBUG     [stdout] 3    LE001           10036                    NaN
2026-06-22 14:48:09  [etl.exhib_gratis]  · DEBUG     [stdout] ACRONIMO ID_PDV_INVOLVES  TIEMPO_SERVICIO_HORAS
2026-06-22 14:48:09  [etl.exhib_gratis]  · DEBUG     [stdout] 0    LE001           10032                    NaN
2026-06-22 14:48:09  [etl.exhib_gratis]  · DEBUG     [stdout] 1    LE001           10033                    NaN
2026-06-22 14:48:09  [etl.exhib_gratis]  · DEBUG     [stdout] 2    LE001           10035                    NaN
2026-06-22 14:48:09  [etl.exhib_gratis]  · DEBUG     [stdout] 3    LE001           10036                    NaN
2026-06-22 14:48:09  [etl.sos]           · DEBUG     [stdout] ACRONIMO ID_PDV_INVOLVES  TIEMPO_SERVICIO_HORAS
2026-06-22 14:48:09  [etl.sos]           · DEBUG     [stdout] 0    LE001           10032                    NaN
2026-06-22 14:48:09  [etl.sos]           · DEBUG     [stdout] 1    LE001           10033                    NaN
2026-06-22 14:48:09  [etl.sos]           · DEBUG     [stdout] 2    LE001           10035                    NaN
2026-06-22 14:48:09  [etl.sos]           · DEBUG     [stdout] 3    LE001           10036                    NaN
2026-06-22 14:48:09  [etl.exhib_gratis]  · DEBUG     [stdout] ACRONIMO ID_PDV_INVOLVES  TIEMPO_SERVICIO_HORAS
2026-06-22 14:48:09  [etl.exhib_gratis]  · DEBUG     [stdout] 0    LE001           10032                    NaN
2026-06-22 14:48:09  [etl.exhib_gratis]  · DEBUG     [stdout] 1    LE001           10033                    NaN
2026-06-22 14:48:09  [etl.exhib_gratis]  · DEBUG     [stdout] 2    LE001           10035                    NaN
2026-06-22 14:48:09  [etl.exhib_gratis]  · DEBUG     [stdout] 3    LE001           10036                    NaN
2026-06-22 14:48:09  [etl.cif]           · DEBUG     [stdout] ACRONIMO ID_PDV_INVOLVES  TIEMPO_SERVICIO_HORAS
2026-06-22 14:48:09  [etl.cif]           · DEBUG     [stdout] 0    LE001           10032                    NaN
2026-06-22 14:48:09  [etl.cif]           · DEBUG     [stdout] 1    LE001           10033                    NaN
2026-06-22 14:48:09  [etl.cif]           · DEBUG     [stdout] 2    LE001           10035                    NaN
2026-06-22 14:48:09  [etl.cif]           · DEBUG     [stdout] 3    LE001           10036                    NaN
2026-06-22 14:48:09  [etl.sos]           · DEBUG     [stdout] 4    LE001           10069                    NaN
2026-06-22 14:48:09  [etl.exhib_gratis]  · DEBUG     [stdout] 4    LE001           10069                    NaN
2026-06-22 14:48:09  [etl.sos]           · DEBUG     [stdout] 4    LE001           10069                    NaN
2026-06-22 14:48:09  [etl.exhib_gratis]  · DEBUG     [stdout] 4    LE001           10069                    NaN
2026-06-22 14:48:09  [etl.cif]           · DEBUG     [stdout] 4    LE001           10069                    NaN
2026-06-22 14:48:09  [etl.cif]           ✓ INFO      Paso 3 — Visitas Involves
2026-06-22 14:48:09  [etl.sos]           · DEBUG     [stdout] ========================================
2026-06-22 14:48:09  [etl.exhib_gratis]  · DEBUG     [stdout] ========================================
2026-06-22 14:48:09  [etl.sos]           · DEBUG     [stdout] ========================================
2026-06-22 14:48:09  [etl.exhib_gratis]  · DEBUG     [stdout] ========================================
2026-06-22 14:48:09  [etl.cif]           · DEBUG     [stdout] ========================================
2026-06-22 14:48:09  [etl.sos]           · DEBUG     [stdout] INICIANDO PASO 3: INVOLVES (CRUCE PRIORIZANDO BASE VENTAS)  (Mayo_2026)
2026-06-22 14:48:09  [etl.exhib_gratis]  · DEBUG     [stdout] INICIANDO PASO 3: INVOLVES (CRUCE PRIORIZANDO BASE VENTAS)  (Mayo_2026)
2026-06-22 14:48:09  [etl.sos]           · DEBUG     [stdout] INICIANDO PASO 3: INVOLVES (CRUCE PRIORIZANDO BASE VENTAS)  (Mayo_2026)
2026-06-22 14:48:09  [etl.exhib_gratis]  · DEBUG     [stdout] INICIANDO PASO 3: INVOLVES (CRUCE PRIORIZANDO BASE VENTAS)  (Mayo_2026)
2026-06-22 14:48:09  [etl.cif]           · DEBUG     [stdout] INICIANDO PASO 3: INVOLVES (CRUCE PRIORIZANDO BASE VENTAS)  (Mayo_2026)
2026-06-22 14:48:09  [etl.sos]           · DEBUG     [stdout] ========================================
2026-06-22 14:48:09  [etl.exhib_gratis]  · DEBUG     [stdout] ========================================
2026-06-22 14:48:09  [etl.sos]           · DEBUG     [stdout] ========================================
2026-06-22 14:48:09  [etl.exhib_gratis]  · DEBUG     [stdout] ========================================
2026-06-22 14:48:09  [etl.cif]           · DEBUG     [stdout] ========================================
2026-06-22 14:49:01  [etl.sos]           ✓ INFO      [stdout] ✓ informe-gerencial-visitas_202605.xlsx — 168,566 filas
2026-06-22 14:49:01  [etl.exhib_gratis]  ✓ INFO      [stdout] ✓ informe-gerencial-visitas_202605.xlsx — 168,566 filas
2026-06-22 14:49:01  [etl.sos]           ✓ INFO      [stdout] ✓ informe-gerencial-visitas_202605.xlsx — 168,566 filas
2026-06-22 14:49:01  [etl.exhib_gratis]  ✓ INFO      [stdout] ✓ informe-gerencial-visitas_202605.xlsx — 168,566 filas
2026-06-22 14:49:01  [etl.cif]           ✓ INFO      [stdout] ✓ informe-gerencial-visitas_202605.xlsx — 168,566 filas
2026-06-22 14:49:01  [etl.sos]           · DEBUG     [stdout] 🔎 Filtro Tipo de check-in: descartadas 156,222 filas 'Sin check-in' (92.7%); quedan 12,344 visitas efectivas.
2026-06-22 14:49:01  [etl.exhib_gratis]  · DEBUG     [stdout] 🔎 Filtro Tipo de check-in: descartadas 156,222 filas 'Sin check-in' (92.7%); quedan 12,344 visitas efectivas.
2026-06-22 14:49:01  [etl.sos]           · DEBUG     [stdout] 🔎 Filtro Tipo de check-in: descartadas 156,222 filas 'Sin check-in' (92.7%); quedan 12,344 visitas efectivas.
2026-06-22 14:49:01  [etl.exhib_gratis]  · DEBUG     [stdout] 🔎 Filtro Tipo de check-in: descartadas 156,222 filas 'Sin check-in' (92.7%); quedan 12,344 visitas efectivas.
2026-06-22 14:49:01  [etl.cif]           · DEBUG     [stdout] 🔎 Filtro Tipo de check-in: descartadas 156,222 filas 'Sin check-in' (92.7%); quedan 12,344 visitas efectivas.
2026-06-22 14:49:02  [etl.sos]           · DEBUG     [stdout] Encuestas consolidadas: 6,730 filas
2026-06-22 14:49:02  [etl.exhib_gratis]  · DEBUG     [stdout] Encuestas consolidadas: 6,730 filas
2026-06-22 14:49:02  [etl.sos]           · DEBUG     [stdout] Encuestas consolidadas: 6,730 filas
2026-06-22 14:49:02  [etl.exhib_gratis]  · DEBUG     [stdout] Encuestas consolidadas: 6,730 filas
2026-06-22 14:49:02  [etl.cif]           · DEBUG     [stdout] Encuestas consolidadas: 6,730 filas
2026-06-22 14:49:02  [etl.sos]           · DEBUG     [stdout] Plan de trabajo:         11,295 filas
2026-06-22 14:49:02  [etl.exhib_gratis]  · DEBUG     [stdout] Plan de trabajo:         11,295 filas
2026-06-22 14:49:02  [etl.sos]           · DEBUG     [stdout] Plan de trabajo:         11,295 filas
2026-06-22 14:49:02  [etl.exhib_gratis]  · DEBUG     [stdout] Plan de trabajo:         11,295 filas
2026-06-22 14:49:02  [etl.cif]           · DEBUG     [stdout] Plan de trabajo:         11,295 filas
2026-06-22 14:49:02  [etl.sos]           · DEBUG     [stdout] Visitas realizadas:      12,344 filas
2026-06-22 14:49:02  [etl.exhib_gratis]  · DEBUG     [stdout] Visitas realizadas:      12,344 filas
2026-06-22 14:49:02  [etl.sos]           · DEBUG     [stdout] Visitas realizadas:      12,344 filas
2026-06-22 14:49:02  [etl.exhib_gratis]  · DEBUG     [stdout] Visitas realizadas:      12,344 filas
2026-06-22 14:49:02  [etl.cif]           · DEBUG     [stdout] Visitas realizadas:      12,344 filas
2026-06-22 14:49:02  [etl.sos]           · DEBUG     [stdout] ── Módulo 1: Exhibiciones Pagadas ───────────────
2026-06-22 14:49:02  [etl.exhib_gratis]  · DEBUG     [stdout] ── Módulo 1: Exhibiciones Pagadas ───────────────
2026-06-22 14:49:02  [etl.sos]           · DEBUG     [stdout] ── Módulo 1: Exhibiciones Pagadas ───────────────
2026-06-22 14:49:02  [etl.exhib_gratis]  · DEBUG     [stdout] ── Módulo 1: Exhibiciones Pagadas ───────────────
2026-06-22 14:49:02  [etl.cif]           · DEBUG     [stdout] ── Módulo 1: Exhibiciones Pagadas ───────────────
2026-06-22 14:49:03  [etl.sos]           · DEBUG     [stdout] Implementadas pagadas:          2,321 filas
2026-06-22 14:49:03  [etl.exhib_gratis]  · DEBUG     [stdout] Implementadas pagadas:          2,321 filas
2026-06-22 14:49:03  [etl.sos]           · DEBUG     [stdout] Implementadas pagadas:          2,321 filas
2026-06-22 14:49:03  [etl.exhib_gratis]  · DEBUG     [stdout] Implementadas pagadas:          2,321 filas
2026-06-22 14:49:03  [etl.cif]           · DEBUG     [stdout] Implementadas pagadas:          2,321 filas
2026-06-22 14:49:03  [etl.sos]           · DEBUG     [stdout] ── Módulo 2: Exhibiciones Gratis y Concurso ─────
2026-06-22 14:49:03  [etl.exhib_gratis]  · DEBUG     [stdout] ── Módulo 2: Exhibiciones Gratis y Concurso ─────
2026-06-22 14:49:03  [etl.sos]           · DEBUG     [stdout] ── Módulo 2: Exhibiciones Gratis y Concurso ─────
2026-06-22 14:49:03  [etl.exhib_gratis]  · DEBUG     [stdout] ── Módulo 2: Exhibiciones Gratis y Concurso ─────
2026-06-22 14:49:03  [etl.cif]           · DEBUG     [stdout] ── Módulo 2: Exhibiciones Gratis y Concurso ─────
2026-06-22 14:49:09  [etl.sos]           · DEBUG     [stdout] Implementadas gratis/concurso: 1,293 filas
2026-06-22 14:49:09  [etl.exhib_gratis]  · DEBUG     [stdout] Implementadas gratis/concurso: 1,293 filas
2026-06-22 14:49:09  [etl.sos]           · DEBUG     [stdout] Implementadas gratis/concurso: 1,293 filas
2026-06-22 14:49:09  [etl.exhib_gratis]  · DEBUG     [stdout] Implementadas gratis/concurso: 1,293 filas
2026-06-22 14:49:09  [etl.cif]           · DEBUG     [stdout] Implementadas gratis/concurso: 1,293 filas
2026-06-22 14:49:09  [etl.sos]           · DEBUG     [stdout] ── Consolidando output ──────────────────────────
2026-06-22 14:49:09  [etl.exhib_gratis]  · DEBUG     [stdout] ── Consolidando output ──────────────────────────
2026-06-22 14:49:09  [etl.sos]           · DEBUG     [stdout] ── Consolidando output ──────────────────────────
2026-06-22 14:49:09  [etl.exhib_gratis]  · DEBUG     [stdout] ── Consolidando output ──────────────────────────
2026-06-22 14:49:09  [etl.cif]           · DEBUG     [stdout] ── Consolidando output ──────────────────────────
2026-06-22 14:49:17  [etl.sos]           ✓ INFO      [stdout] ✓ Output escrito en: C:\Users\Usuario\OneDrive - Universidad de los Andes\Escritorio\PROYECTO_EFICACIA\SALIDA\EXHIBICIONES\Resultado exhibiciones gratis.xlsx (10,189 filas, periodos preservados)
2026-06-22 14:49:17  [etl.exhib_gratis]  ✓ INFO      [stdout] ✓ Output escrito en: C:\Users\Usuario\OneDrive - Universidad de los Andes\Escritorio\PROYECTO_EFICACIA\SALIDA\EXHIBICIONES\Resultado exhibiciones gratis.xlsx (10,189 filas, periodos preservados)
2026-06-22 14:49:17  [etl.sos]           ✓ INFO      [stdout] ✓ Output escrito en: C:\Users\Usuario\OneDrive - Universidad de los Andes\Escritorio\PROYECTO_EFICACIA\SALIDA\EXHIBICIONES\Resultado exhibiciones gratis.xlsx (10,189 filas, periodos preservados)
2026-06-22 14:49:17  [etl.exhib_gratis]  ✓ INFO      [stdout] ✓ Output escrito en: C:\Users\Usuario\OneDrive - Universidad de los Andes\Escritorio\PROYECTO_EFICACIA\SALIDA\EXHIBICIONES\Resultado exhibiciones gratis.xlsx (10,189 filas, periodos preservados)
2026-06-22 14:49:17  [etl.cif]           ✓ INFO      [stdout] ✓ Output escrito en: C:\Users\Usuario\OneDrive - Universidad de los Andes\Escritorio\PROYECTO_EFICACIA\SALIDA\EXHIBICIONES\Resultado exhibiciones gratis.xlsx (10,189 filas, periodos preservados)
2026-06-22 14:49:17  [etl.sos]           · DEBUG     [stdout] ── Resumen de Exhibiciones ──────────────────────
2026-06-22 14:49:17  [etl.exhib_gratis]  · DEBUG     [stdout] ── Resumen de Exhibiciones ──────────────────────
2026-06-22 14:49:17  [etl.sos]           · DEBUG     [stdout] ── Resumen de Exhibiciones ──────────────────────
2026-06-22 14:49:17  [etl.exhib_gratis]  · DEBUG     [stdout] ── Resumen de Exhibiciones ──────────────────────
2026-06-22 14:49:17  [etl.cif]           · DEBUG     [stdout] ── Resumen de Exhibiciones ──────────────────────
2026-06-22 14:49:17  [etl.sos]           · DEBUG     [stdout] Total Exhibiciones:                          12,576
2026-06-22 14:49:17  [etl.exhib_gratis]  · DEBUG     [stdout] Total Exhibiciones:                          12,576
2026-06-22 14:49:17  [etl.sos]           · DEBUG     [stdout] Total Exhibiciones:                          12,576
2026-06-22 14:49:17  [etl.exhib_gratis]  · DEBUG     [stdout] Total Exhibiciones:                          12,576
2026-06-22 14:49:17  [etl.cif]           · DEBUG     [stdout] Total Exhibiciones:                          12,576
2026-06-22 14:49:17  [etl.sos]           · DEBUG     [stdout] Total Exhibiciones Gratis:                    4,935
2026-06-22 14:49:17  [etl.exhib_gratis]  · DEBUG     [stdout] Total Exhibiciones Gratis:                    4,935
2026-06-22 14:49:17  [etl.sos]           · DEBUG     [stdout] Total Exhibiciones Gratis:                    4,935
2026-06-22 14:49:17  [etl.exhib_gratis]  · DEBUG     [stdout] Total Exhibiciones Gratis:                    4,935
2026-06-22 14:49:17  [etl.cif]           · DEBUG     [stdout] Total Exhibiciones Gratis:                    4,935
2026-06-22 14:49:17  [etl.sos]           · DEBUG     [stdout] Total Exhibiciones Pagadas:                   7,641
2026-06-22 14:49:17  [etl.exhib_gratis]  · DEBUG     [stdout] Total Exhibiciones Pagadas:                   7,641
2026-06-22 14:49:17  [etl.sos]           · DEBUG     [stdout] Total Exhibiciones Pagadas:                   7,641
2026-06-22 14:49:17  [etl.exhib_gratis]  · DEBUG     [stdout] Total Exhibiciones Pagadas:                   7,641
2026-06-22 14:49:17  [etl.cif]           · DEBUG     [stdout] Total Exhibiciones Pagadas:                   7,641
2026-06-22 14:49:17  [etl.sos]           · DEBUG     [stdout] Total Exhibiciones Alto Impacto:              5,614
2026-06-22 14:49:17  [etl.exhib_gratis]  · DEBUG     [stdout] Total Exhibiciones Alto Impacto:              5,614
2026-06-22 14:49:17  [etl.sos]           · DEBUG     [stdout] Total Exhibiciones Alto Impacto:              5,614
2026-06-22 14:49:17  [etl.exhib_gratis]  · DEBUG     [stdout] Total Exhibiciones Alto Impacto:              5,614
2026-06-22 14:49:17  [etl.cif]           · DEBUG     [stdout] Total Exhibiciones Alto Impacto:              5,614
2026-06-22 14:49:17  [etl.sos]           · DEBUG     [stdout] Total Exhibiciones Medio Impacto:             6,961
2026-06-22 14:49:17  [etl.exhib_gratis]  · DEBUG     [stdout] Total Exhibiciones Medio Impacto:             6,961
2026-06-22 14:49:17  [etl.sos]           · DEBUG     [stdout] Total Exhibiciones Medio Impacto:             6,961
2026-06-22 14:49:17  [etl.exhib_gratis]  · DEBUG     [stdout] Total Exhibiciones Medio Impacto:             6,961
2026-06-22 14:49:17  [etl.cif]           · DEBUG     [stdout] Total Exhibiciones Medio Impacto:             6,961
2026-06-22 14:49:17  [etl.sos]           · DEBUG     [stdout] ─────────────────────────────────────────────────
2026-06-22 14:49:17  [etl.exhib_gratis]  · DEBUG     [stdout] ─────────────────────────────────────────────────
2026-06-22 14:49:17  [etl.sos]           · DEBUG     [stdout] ─────────────────────────────────────────────────
2026-06-22 14:49:17  [etl.exhib_gratis]  · DEBUG     [stdout] ─────────────────────────────────────────────────
2026-06-22 14:49:17  [etl.cif]           · DEBUG     [stdout] ─────────────────────────────────────────────────
2026-06-22 14:49:17  [etl.sos]           · DEBUG     [stdout] --- KPI (V3): RESUMEN EXHIBICIONES GRATIS por empleado  (Mayo_2026) ---
2026-06-22 14:49:17  [etl.exhib_gratis]  · DEBUG     [stdout] --- KPI (V3): RESUMEN EXHIBICIONES GRATIS por empleado  (Mayo_2026) ---
2026-06-22 14:49:17  [etl.sos]           · DEBUG     [stdout] --- KPI (V3): RESUMEN EXHIBICIONES GRATIS por empleado  (Mayo_2026) ---
2026-06-22 14:49:17  [etl.exhib_gratis]  · DEBUG     [stdout] --- KPI (V3): RESUMEN EXHIBICIONES GRATIS por empleado  (Mayo_2026) ---
2026-06-22 14:49:17  [etl.cif]           · DEBUG     [stdout] --- KPI (V3): RESUMEN EXHIBICIONES GRATIS por empleado  (Mayo_2026) ---
2026-06-22 14:49:18  [etl.sos]           · DEBUG     [stdout] Leyendo: Resultado exhibiciones gratis.xlsx (10189 filas)
2026-06-22 14:49:18  [etl.exhib_gratis]  · DEBUG     [stdout] Leyendo: Resultado exhibiciones gratis.xlsx (10189 filas)
2026-06-22 14:49:18  [etl.sos]           · DEBUG     [stdout] Leyendo: Resultado exhibiciones gratis.xlsx (10189 filas)
2026-06-22 14:49:18  [etl.exhib_gratis]  · DEBUG     [stdout] Leyendo: Resultado exhibiciones gratis.xlsx (10189 filas)
2026-06-22 14:49:18  [etl.cif]           · DEBUG     [stdout] Leyendo: Resultado exhibiciones gratis.xlsx (10189 filas)
2026-06-22 14:49:19  [etl.sos]           ✓ INFO      [stdout] ✅ Mes activo: 108 empleados → EXHIBICIONES_GRATIS_KPIS.xlsx
2026-06-22 14:49:19  [etl.exhib_gratis]  ✓ INFO      [stdout] ✅ Mes activo: 108 empleados → EXHIBICIONES_GRATIS_KPIS.xlsx
2026-06-22 14:49:19  [etl.sos]           ✓ INFO      [stdout] ✅ Mes activo: 108 empleados → EXHIBICIONES_GRATIS_KPIS.xlsx
2026-06-22 14:49:19  [etl.exhib_gratis]  ✓ INFO      [stdout] ✅ Mes activo: 108 empleados → EXHIBICIONES_GRATIS_KPIS.xlsx
2026-06-22 14:49:19  [etl.cif]           ✓ INFO      [stdout] ✅ Mes activo: 108 empleados → EXHIBICIONES_GRATIS_KPIS.xlsx
2026-06-22 14:49:20  [etl.sos]           ✓ INFO      [stdout] ✅ Histórico → EXHIBICIONES_GRATIS_KPIS_HISTORICO.xlsx
2026-06-22 14:49:20  [etl.exhib_gratis]  ✓ INFO      [stdout] ✅ Histórico → EXHIBICIONES_GRATIS_KPIS_HISTORICO.xlsx
2026-06-22 14:49:20  [etl.sos]           ✓ INFO      [stdout] ✅ Histórico → EXHIBICIONES_GRATIS_KPIS_HISTORICO.xlsx
2026-06-22 14:49:20  [etl.exhib_gratis]  ✓ INFO      [stdout] ✅ Histórico → EXHIBICIONES_GRATIS_KPIS_HISTORICO.xlsx
2026-06-22 14:49:20  [etl.cif]           ✓ INFO      [stdout] ✅ Histórico → EXHIBICIONES_GRATIS_KPIS_HISTORICO.xlsx
2026-06-22 14:49:20  [etl.exhib_gratis]  ✓ INFO      ETL Exhibiciones Gratis — completado
2026-06-22 14:49:20  [etl.exhib_gratis]  ✓ INFO      Duración total: 135.4s
2026-06-22 14:49:20  [etl.orquestador]   ✓ INFO      ETL 'exhib_gratis' terminó — ✓ OK en 135.4s
2026-06-22 14:49:30  [etl.sos]           ✓ INFO      [stdout] ✅ Paso 3 finalizado. Condición de Checkout Manual obligatoria aplicada.
2026-06-22 14:49:30  [etl.exhib_gratis]  ✓ INFO      [stdout] ✅ Paso 3 finalizado. Condición de Checkout Manual obligatoria aplicada.
2026-06-22 14:49:30  [etl.sos]           ✓ INFO      [stdout] ✅ Paso 3 finalizado. Condición de Checkout Manual obligatoria aplicada.
2026-06-22 14:49:30  [etl.cif]           ✓ INFO      Paso 4 — Justificaciones
2026-06-22 14:49:30  [etl.sos]           · DEBUG     [stdout] ========================================
2026-06-22 14:49:30  [etl.exhib_gratis]  · DEBUG     [stdout] ========================================
2026-06-22 14:49:30  [etl.sos]           · DEBUG     [stdout] ========================================
2026-06-22 14:49:30  [etl.sos]           · DEBUG     [stdout] INICIANDO PASO 4: JUSTIFICACIONES (CRUCE PRIORIZANDO BASE VENTAS)  (Mayo_2026)
2026-06-22 14:49:30  [etl.exhib_gratis]  · DEBUG     [stdout] INICIANDO PASO 4: JUSTIFICACIONES (CRUCE PRIORIZANDO BASE VENTAS)  (Mayo_2026)
2026-06-22 14:49:30  [etl.sos]           · DEBUG     [stdout] INICIANDO PASO 4: JUSTIFICACIONES (CRUCE PRIORIZANDO BASE VENTAS)  (Mayo_2026)
2026-06-22 14:49:30  [etl.sos]           · DEBUG     [stdout] ========================================
2026-06-22 14:49:30  [etl.exhib_gratis]  · DEBUG     [stdout] ========================================
2026-06-22 14:49:30  [etl.sos]           · DEBUG     [stdout] ========================================
2026-06-22 14:49:34  [etl.sos]           ✓ INFO      [stdout] ✅ EXITO: Encuestas unidas (2 archivo(s)).
2026-06-22 14:49:34  [etl.exhib_gratis]  ✓ INFO      [stdout] ✅ EXITO: Encuestas unidas (2 archivo(s)).
2026-06-22 14:49:34  [etl.sos]           ✓ INFO      [stdout] ✅ EXITO: Encuestas unidas (2 archivo(s)).
2026-06-22 14:49:34  [etl.sos]           ✓ INFO      Encuestas SOS consolidadas
2026-06-22 14:49:34  [etl.sos]           · DEBUG     [stdout] --- PASO 3: Generando Reporte de Cumplimiento  (Mayo_2026) ---
2026-06-22 14:49:34  [etl.exhib_gratis]  · DEBUG     [stdout] --- PASO 3: Generando Reporte de Cumplimiento  (Mayo_2026) ---
2026-06-22 14:49:34  [etl.sos]           · DEBUG     [stdout] --- PASO 3: Generando Reporte de Cumplimiento  (Mayo_2026) ---
2026-06-22 14:49:55  [etl.sos]           ✓ INFO      [stdout] ✅ EXITO: Reporte de capturas generado con Captura Planeada, Fechas y periodo Mayo_2026.
2026-06-22 14:49:55  [etl.exhib_gratis]  ✓ INFO      [stdout] ✅ EXITO: Reporte de capturas generado con Captura Planeada, Fechas y periodo Mayo_2026.
2026-06-22 14:49:55  [etl.sos]           ✓ INFO      [stdout] ✅ EXITO: Reporte de capturas generado con Captura Planeada, Fechas y periodo Mayo_2026.
2026-06-22 14:49:55  [etl.sos]           ✓ INFO      Cumplimiento de captura calculado
2026-06-22 14:49:55  [etl.sos]           · DEBUG     [stdout] --- PASO 4: Normalizando Target  (Mayo_2026) ---
2026-06-22 14:49:55  [etl.exhib_gratis]  · DEBUG     [stdout] --- PASO 4: Normalizando Target  (Mayo_2026) ---
2026-06-22 14:49:55  [etl.sos]           · DEBUG     [stdout] --- PASO 4: Normalizando Target  (Mayo_2026) ---
2026-06-22 14:49:55  [etl.sos]           · DEBUG     [stdout] 📂 Archivo detectado: Colombia-sos-target-202605.xlsx
2026-06-22 14:49:55  [etl.exhib_gratis]  · DEBUG     [stdout] 📂 Archivo detectado: Colombia-sos-target-202605.xlsx
2026-06-22 14:49:55  [etl.sos]           · DEBUG     [stdout] 📂 Archivo detectado: Colombia-sos-target-202605.xlsx
2026-06-22 14:50:23  [etl.sos]           ✓ INFO      [stdout] ✅ EXITO: Target normalizado guardado en: C:\Users\Usuario\OneDrive - Universidad de los Andes\Escritorio\PROYECTO_EFICACIA\BASES\SOS\Colombia_sos_target_Normalizado.xlsx
2026-06-22 14:50:23  [etl.exhib_gratis]  ✓ INFO      [stdout] ✅ EXITO: Target normalizado guardado en: C:\Users\Usuario\OneDrive - Universidad de los Andes\Escritorio\PROYECTO_EFICACIA\BASES\SOS\Colombia_sos_target_Normalizado.xlsx
2026-06-22 14:50:23  [etl.sos]           ✓ INFO      [stdout] ✅ EXITO: Target normalizado guardado en: C:\Users\Usuario\OneDrive - Universidad de los Andes\Escritorio\PROYECTO_EFICACIA\BASES\SOS\Colombia_sos_target_Normalizado.xlsx
2026-06-22 14:50:23  [etl.sos]           ✓ INFO      Target normalizado
2026-06-22 14:50:23  [etl.sos]           · DEBUG     [stdout] --- PASO 5: Generando Reporte Final (Cruce Triple y Cálculos)  (Mayo_2026) ---
2026-06-22 14:50:23  [etl.exhib_gratis]  · DEBUG     [stdout] --- PASO 5: Generando Reporte Final (Cruce Triple y Cálculos)  (Mayo_2026) ---
2026-06-22 14:50:23  [etl.sos]           · DEBUG     [stdout] --- PASO 5: Generando Reporte Final (Cruce Triple y Cálculos)  (Mayo_2026) ---
2026-06-22 14:50:46  [etl.sos]           ⚠ WARNING   [stdout] ⚠️  No se pudo leer el reporte SOS previo (Reindexing only valid with uniquely valued Index objects); se sobrescribe.
2026-06-22 14:50:46  [etl.exhib_gratis]  ⚠ WARNING   [stdout] ⚠️  No se pudo leer el reporte SOS previo (Reindexing only valid with uniquely valued Index objects); se sobrescribe.
2026-06-22 14:50:46  [etl.sos]           ⚠ WARNING   [stdout] ⚠️  No se pudo leer el reporte SOS previo (Reindexing only valid with uniquely valued Index objects); se sobrescribe.
2026-06-22 14:50:52  [etl.sos]           ✓ INFO      [stdout] ✅ EXITO: Reporte Final SOS (Mayo_2026) generado en: C:\Users\Usuario\OneDrive - Universidad de los Andes\Escritorio\PROYECTO_EFICACIA\SALIDA\SOS\Reporte_SOS_Final_Calculado.xlsx
2026-06-22 14:50:52  [etl.exhib_gratis]  ✓ INFO      [stdout] ✅ EXITO: Reporte Final SOS (Mayo_2026) generado en: C:\Users\Usuario\OneDrive - Universidad de los Andes\Escritorio\PROYECTO_EFICACIA\SALIDA\SOS\Reporte_SOS_Final_Calculado.xlsx
2026-06-22 14:50:52  [etl.sos]           ✓ INFO      [stdout] ✅ EXITO: Reporte Final SOS (Mayo_2026) generado en: C:\Users\Usuario\OneDrive - Universidad de los Andes\Escritorio\PROYECTO_EFICACIA\SALIDA\SOS\Reporte_SOS_Final_Calculado.xlsx
2026-06-22 14:50:52  [etl.sos]           ✓ INFO      Cruce triple y cálculo SOS completado
2026-06-22 14:50:52  [etl.sos]           · DEBUG     [stdout] --- PASO 6 (V3): RESUMEN KPI SOS por gestor  (Mayo_2026) ---
2026-06-22 14:50:52  [etl.exhib_gratis]  · DEBUG     [stdout] --- PASO 6 (V3): RESUMEN KPI SOS por gestor  (Mayo_2026) ---
2026-06-22 14:50:52  [etl.sos]           · DEBUG     [stdout] --- PASO 6 (V3): RESUMEN KPI SOS por gestor  (Mayo_2026) ---
2026-06-22 14:50:52  [etl.sos]           · DEBUG     [stdout] Leyendo: Cumplimiento_Captura_SOS.xlsx (482 filas)
2026-06-22 14:50:52  [etl.exhib_gratis]  · DEBUG     [stdout] Leyendo: Cumplimiento_Captura_SOS.xlsx (482 filas)
2026-06-22 14:50:52  [etl.sos]           · DEBUG     [stdout] Leyendo: Cumplimiento_Captura_SOS.xlsx (482 filas)
2026-06-22 14:50:52  [etl.sos]           ✓ INFO      [stdout] ✅ Mes activo: 74 gestores → SOS_KPIS.xlsx
2026-06-22 14:50:52  [etl.exhib_gratis]  ✓ INFO      [stdout] ✅ Mes activo: 74 gestores → SOS_KPIS.xlsx
2026-06-22 14:50:52  [etl.sos]           ✓ INFO      [stdout] ✅ Mes activo: 74 gestores → SOS_KPIS.xlsx
2026-06-22 14:50:52  [etl.sos]           ✓ INFO      [stdout] ✅ Histórico acumulado → SOS_KPIS_HISTORICO.xlsx
2026-06-22 14:50:52  [etl.exhib_gratis]  ✓ INFO      [stdout] ✅ Histórico acumulado → SOS_KPIS_HISTORICO.xlsx
2026-06-22 14:50:52  [etl.sos]           ✓ INFO      [stdout] ✅ Histórico acumulado → SOS_KPIS_HISTORICO.xlsx
2026-06-22 14:50:52  [etl.sos]           ✓ INFO      KPI SOS consolidado
2026-06-22 14:50:52  [etl.sos]           ✓ INFO      ETL SOS — completado
2026-06-22 14:50:53  [etl.sos]           ✓ INFO      Duración total: 228.1s
2026-06-22 14:50:53  [etl.orquestador]   ✓ INFO      ETL 'sos' terminó — ✓ OK en 228.1s
2026-06-22 14:50:55  [etl.sos]           ✓ INFO      [stdout] ✅ Paso 4 finalizado: IDs unificados (Ventas > Plan) y justificaciones procesadas.
2026-06-22 14:50:55  [etl.exhib_gratis]  ✓ INFO      [stdout] ✅ Paso 4 finalizado: IDs unificados (Ventas > Plan) y justificaciones procesadas.
2026-06-22 14:50:55  [etl.cif]           ✓ INFO      Paso 5 — Agrupación visitas (unificación gestores)
2026-06-22 14:50:55  [etl.sos]           · DEBUG     [stdout] ========================================
2026-06-22 14:50:55  [etl.exhib_gratis]  · DEBUG     [stdout] ========================================
2026-06-22 14:50:55  [etl.sos]           · DEBUG     [stdout] INICIANDO PASO 5: CONSOLIDACIÓN (CORRECCIÓN DE ID FORMATO .0)
2026-06-22 14:50:55  [etl.exhib_gratis]  · DEBUG     [stdout] INICIANDO PASO 5: CONSOLIDACIÓN (CORRECCIÓN DE ID FORMATO .0)
2026-06-22 14:50:55  [etl.sos]           · DEBUG     [stdout] ========================================
2026-06-22 14:50:55  [etl.exhib_gratis]  · DEBUG     [stdout] ========================================
2026-06-22 14:50:55  [etl.sos]           ✓ INFO      [stdout] ✅ ¡Proceso Limpio! IDs corregidos y apoyos sumados al Gestor.
2026-06-22 14:50:55  [etl.exhib_gratis]  ✓ INFO      [stdout] ✅ ¡Proceso Limpio! IDs corregidos y apoyos sumados al Gestor.
2026-06-22 14:50:55  [etl.cif]           ✓ INFO      Paso 6 — Generación de alertas de tiempos inconsistentes
2026-06-22 14:50:55  [etl.sos]           · DEBUG     [stdout] ========================================
2026-06-22 14:50:55  [etl.exhib_gratis]  · DEBUG     [stdout] ========================================
2026-06-22 14:50:55  [etl.sos]           · DEBUG     [stdout] INICIANDO PASO 6: GENERACIÓN DE ALERTAS (RUTA CIF SALIDA)
2026-06-22 14:50:55  [etl.exhib_gratis]  · DEBUG     [stdout] INICIANDO PASO 6: GENERACIÓN DE ALERTAS (RUTA CIF SALIDA)
2026-06-22 14:50:55  [etl.sos]           · DEBUG     [stdout] ========================================
2026-06-22 14:50:55  [etl.exhib_gratis]  · DEBUG     [stdout] ========================================
2026-06-22 14:50:55  [etl.sos]           ⚠ WARNING   [stdout] ⚠️ AUDITORÍA: Se detectaron 97 registros con tiempos > 9h.
2026-06-22 14:50:55  [etl.exhib_gratis]  ⚠ WARNING   [stdout] ⚠️ AUDITORÍA: Se detectaron 97 registros con tiempos > 9h.
2026-06-22 14:50:55  [etl.sos]           · DEBUG     [stdout] 📁 Archivo de alertas generado en: C:\Users\Usuario\OneDrive - Universidad de los Andes\Escritorio\PROYECTO_EFICACIA\SALIDA\CIF\ALERTAS_TIEMPOS_INCONSISTENTES.csv
2026-06-22 14:50:55  [etl.exhib_gratis]  · DEBUG     [stdout] 📁 Archivo de alertas generado en: C:\Users\Usuario\OneDrive - Universidad de los Andes\Escritorio\PROYECTO_EFICACIA\SALIDA\CIF\ALERTAS_TIEMPOS_INCONSISTENTES.csv
2026-06-22 14:50:55  [etl.sos]           · DEBUG     [stdout] ========================================
2026-06-22 14:50:55  [etl.exhib_gratis]  · DEBUG     [stdout] ========================================
2026-06-22 14:50:55  [etl.cif]           ✓ INFO      Paso 7 — Resultado final Excel
2026-06-22 14:50:55  [etl.sos]           · DEBUG     [stdout] ========================================
2026-06-22 14:50:55  [etl.exhib_gratis]  · DEBUG     [stdout] ========================================
2026-06-22 14:50:55  [etl.sos]           · DEBUG     [stdout] INICIANDO PASO 7: ESTRUCTURACIÓN FINAL  (Mayo_2026)
2026-06-22 14:50:55  [etl.exhib_gratis]  · DEBUG     [stdout] INICIANDO PASO 7: ESTRUCTURACIÓN FINAL  (Mayo_2026)
2026-06-22 14:50:55  [etl.sos]           · DEBUG     [stdout] ========================================
2026-06-22 14:50:55  [etl.exhib_gratis]  · DEBUG     [stdout] ========================================
2026-06-22 14:50:55  [etl.sos]           · DEBUG     [stdout] 📅 Periodo confirmado: 05/2026
2026-06-22 14:50:55  [etl.exhib_gratis]  · DEBUG     [stdout] 📅 Periodo confirmado: 05/2026
2026-06-22 14:50:57  [etl.sos]           · DEBUG     [stdout] 🔧 H4 fallback: 0 filas del plan rescatadas via CEDULA.
2026-06-22 14:50:57  [etl.exhib_gratis]  · DEBUG     [stdout] 🔧 H4 fallback: 0 filas del plan rescatadas via CEDULA.
2026-06-22 14:51:08  [etl.sos]           ✓ INFO      [stdout] ✅ ¡LISTO! Excel generado para el periodo 5/2026.
2026-06-22 14:51:08  [etl.exhib_gratis]  ✓ INFO      [stdout] ✅ ¡LISTO! Excel generado para el periodo 5/2026.
2026-06-22 14:51:08  [etl.sos]           · DEBUG     [stdout] 📁 C:\Users\Usuario\OneDrive - Universidad de los Andes\Escritorio\PROYECTO_EFICACIA\SALIDA\CIF\CIF.xlsx
2026-06-22 14:51:08  [etl.exhib_gratis]  · DEBUG     [stdout] 📁 C:\Users\Usuario\OneDrive - Universidad de los Andes\Escritorio\PROYECTO_EFICACIA\SALIDA\CIF\CIF.xlsx
2026-06-22 14:51:08  [etl.sos]           · DEBUG     [stdout] 📁 C:\Users\Usuario\OneDrive - Universidad de los Andes\Escritorio\PROYECTO_EFICACIA\SALIDA\CIF\Plan de trabajo.xlsx  (alias legacy)
2026-06-22 14:51:08  [etl.exhib_gratis]  · DEBUG     [stdout] 📁 C:\Users\Usuario\OneDrive - Universidad de los Andes\Escritorio\PROYECTO_EFICACIA\SALIDA\CIF\Plan de trabajo.xlsx  (alias legacy)
2026-06-22 14:51:08  [etl.sos]           · DEBUG     [stdout] ========================================
2026-06-22 14:51:08  [etl.exhib_gratis]  · DEBUG     [stdout] ========================================
2026-06-22 14:51:08  [etl.cif]           ✓ INFO      Paso 8 — KPIs por gestor
2026-06-22 14:51:08  [etl.sos]           · DEBUG     [stdout] ========================================
2026-06-22 14:51:08  [etl.exhib_gratis]  · DEBUG     [stdout] ========================================
2026-06-22 14:51:08  [etl.sos]           · DEBUG     [stdout] INICIANDO PASO 8: RESUMEN KPIS POR GESTOR (V3)  (Mayo_2026)
2026-06-22 14:51:08  [etl.exhib_gratis]  · DEBUG     [stdout] INICIANDO PASO 8: RESUMEN KPIS POR GESTOR (V3)  (Mayo_2026)
2026-06-22 14:51:08  [etl.sos]           · DEBUG     [stdout] ========================================
2026-06-22 14:51:08  [etl.exhib_gratis]  · DEBUG     [stdout] ========================================
2026-06-22 14:51:08  [etl.sos]           · DEBUG     [stdout] Leyendo: C:\Users\Usuario\OneDrive - Universidad de los Andes\Escritorio\PROYECTO_EFICACIA\SALIDA\CIF\CIF.xlsx
2026-06-22 14:51:08  [etl.exhib_gratis]  · DEBUG     [stdout] Leyendo: C:\Users\Usuario\OneDrive - Universidad de los Andes\Escritorio\PROYECTO_EFICACIA\SALIDA\CIF\CIF.xlsx
2026-06-22 14:51:11  [etl.sos]           ✓ INFO      [stdout] ✅ Mes activo  (05/2026): 148 gestores → KPIS_CIF.xlsx
2026-06-22 14:51:11  [etl.exhib_gratis]  ✓ INFO      [stdout] ✅ Mes activo  (05/2026): 148 gestores → KPIS_CIF.xlsx
2026-06-22 14:51:11  [etl.sos]           ✓ INFO      [stdout] ✅ Histórico: 453 filas totales → KPIS_CIF_HISTORICO.xlsx
2026-06-22 14:51:11  [etl.exhib_gratis]  ✓ INFO      [stdout] ✅ Histórico: 453 filas totales → KPIS_CIF_HISTORICO.xlsx
2026-06-22 14:51:11  [etl.sos]           · DEBUG     [stdout] ========================================
2026-06-22 14:51:11  [etl.exhib_gratis]  · DEBUG     [stdout] ========================================
2026-06-22 14:51:11  [etl.cif]           ✓ INFO      ETL CIF — completado
2026-06-22 14:51:11  [etl.cif]           ✓ INFO      Duración total: 247.2s
2026-06-22 14:51:11  [etl.orquestador]   ✓ INFO      ETL 'cif' terminó — ✓ OK en 247.2s
2026-06-22 14:51:11  [etl.orquestador]   ✓ INFO      ════════════════════════════════════════════════════════
2026-06-22 14:51:11  [etl.orquestador]   ✓ INFO      REPORTE DE EJECUCIÓN
2026-06-22 14:51:11  [etl.orquestador]   ✓ INFO      ════════════════════════════════════════════════════════
2026-06-22 14:51:11  [etl.orquestador]   ✓ INFO        ETL                    Estado           Tiempo
2026-06-22 14:51:11  [etl.orquestador]   ✓ INFO        ────────────────────── ────────────── ────────
2026-06-22 14:51:11  [etl.orquestador]   ✓ INFO        cif                    ✓ OK             247.2s
2026-06-22 14:51:11  [etl.orquestador]   ✓ INFO        sos                    ✓ OK             228.1s
2026-06-22 14:51:11  [etl.orquestador]   ✓ INFO        exhib_gratis           ✓ OK             135.4s
2026-06-22 14:51:11  [etl.orquestador]   ✓ INFO        ────────────────────── ────────────── ────────
2026-06-22 14:51:11  [etl.orquestador]   ✓ INFO        shared_loader          ✓ OK               3.0s
2026-06-22 14:51:11  [etl.orquestador]   ✓ INFO        TOTAL (paralelo)                        250.2s
2026-06-22 14:51:11  [etl.orquestador]   ✓ INFO        Sin paralelismo (est.)                  613.8s
2026-06-22 14:51:11  [etl.orquestador]   ✓ INFO        Ahorro estimado                         363.5s
2026-06-22 14:51:11  [etl.orquestador]   ✓ INFO      ────────────────────────────────────────────────────────
2026-06-22 14:51:11  [etl.orquestador]   ✓ INFO      Eventos: 0 CRITICAL  |  0 ERROR  |  7 WARNING
2026-06-22 14:51:11  [etl.orquestador]   ✓ INFO      ························································
2026-06-22 14:51:11  [etl.orquestador]   ✓ INFO        WARNING (7)
2026-06-22 14:51:11  [etl.orquestador]   ✓ INFO      ························································
2026-06-22 14:51:11  [etl.orquestador]   ✓ INFO        14:37:24  [shared_loader]     [DIRECTO] Módulo 'precios': el filtro devolvió 0 filas (columna 'PRECIOS' sin valores = 1, o IDs sin coincidencia en el PT)
2026-06-22 14:51:11  [etl.orquestador]   ✓ INFO        14:45:56  [sos]               [stdout] ⚠️  No se pudo leer el reporte SOS previo (Reindexing only valid with uniquely valued Index objects); se sobrescribe.
2026-06-22 14:51:11  [etl.orquestador]   ✓ INFO        14:50:46  [sos]               [stdout] ⚠️  No se pudo leer el reporte SOS previo (Reindexing only valid with uniquely valued Index objects); se sobrescribe.
2026-06-22 14:51:11  [etl.orquestador]   ✓ INFO        14:50:46  [exhib_gratis]      [stdout] ⚠️  No se pudo leer el reporte SOS previo (Reindexing only valid with uniquely valued Index objects); se sobrescribe.
2026-06-22 14:51:11  [etl.orquestador]   ✓ INFO        14:50:46  [sos]               [stdout] ⚠️  No se pudo leer el reporte SOS previo (Reindexing only valid with uniquely valued Index objects); se sobrescribe.
2026-06-22 14:51:11  [etl.orquestador]   ✓ INFO        14:50:55  [sos]               [stdout] ⚠️ AUDITORÍA: Se detectaron 97 registros con tiempos > 9h.
2026-06-22 14:51:11  [etl.orquestador]   ✓ INFO        14:50:55  [exhib_gratis]      [stdout] ⚠️ AUDITORÍA: Se detectaron 97 registros con tiempos > 9h.
2026-06-22 14:51:11  [etl.orquestador]   ✓ INFO      ════════════════════════════════════════════════════════
2026-06-22 14:51:11  [etl.orquestador]   ✓ INFO      Log completo guardado en: C:\Users\Usuario\OneDrive - Universidad de los Andes\Escritorio\PROYECTO_EFICACIA\SCRIPTS\logs\ejecucion_202604_a_202605_20260622_143719.log
2026-06-22 14:51:11  [etl.orquestador]   ✓ INFO      Fin: 2026-06-22 14:51:11
2026-06-22 14:51:11  [etl.orquestador]   ✓ INFO      ════════════════════════════════════════════════════════
2026-06-22 14:51:11  [etl.orquestador]   ✓ INFO      
2026-06-22 14:51:11  [etl.orquestador]   ✓ INFO      ══════════════════════════════════════════════════════════════════════
2026-06-22 14:51:11  [etl.orquestador]   ✓ INFO      FASE FINAL — Regenerando capa GOLD
2026-06-22 14:51:11  [etl.orquestador]   ✓ INFO      ══════════════════════════════════════════════════════════════════════
2026-06-22 14:51:11  [etl.sos]           · DEBUG     [stdout] 📁 Output: C:\Users\Usuario\OneDrive - Universidad de los Andes\Escritorio\PROYECTO_EFICACIA\SALIDA\GOLD
2026-06-22 14:51:11  [etl.exhib_gratis]  · DEBUG     [stdout] 📁 Output: C:\Users\Usuario\OneDrive - Universidad de los Andes\Escritorio\PROYECTO_EFICACIA\SALIDA\GOLD
2026-06-22 14:51:11  [etl.sos]           · DEBUG     [stdout] 📁 Output: C:\Users\Usuario\OneDrive - Universidad de los Andes\Escritorio\PROYECTO_EFICACIA\SALIDA\GOLD
2026-06-22 14:51:11  [etl.exhib_gratis]  · DEBUG     [stdout] 📁 Output: C:\Users\Usuario\OneDrive - Universidad de los Andes\Escritorio\PROYECTO_EFICACIA\SALIDA\GOLD
2026-06-22 14:51:11  [etl.sos]           · DEBUG     [stdout] 🔍 Filtrando a periodos: Abril_2026, Mayo_2026
2026-06-22 14:51:11  [etl.exhib_gratis]  · DEBUG     [stdout] 🔍 Filtrando a periodos: Abril_2026, Mayo_2026
2026-06-22 14:51:11  [etl.sos]           · DEBUG     [stdout] 🔍 Filtrando a periodos: Abril_2026, Mayo_2026
2026-06-22 14:51:11  [etl.exhib_gratis]  · DEBUG     [stdout] 🔍 Filtrando a periodos: Abril_2026, Mayo_2026
2026-06-22 14:51:12  [etl.sos]           ✓ INFO      [stdout] ✓ fact_cumplimientos_gestor          318 filas → fact_cumplimientos_gestor.csv
2026-06-22 14:51:12  [etl.exhib_gratis]  ✓ INFO      [stdout] ✓ fact_cumplimientos_gestor          318 filas → fact_cumplimientos_gestor.csv
2026-06-22 14:51:12  [etl.sos]           ✓ INFO      [stdout] ✓ fact_cumplimientos_gestor          318 filas → fact_cumplimientos_gestor.csv
2026-06-22 14:51:12  [etl.exhib_gratis]  ✓ INFO      [stdout] ✓ fact_cumplimientos_gestor          318 filas → fact_cumplimientos_gestor.csv
2026-06-22 14:51:15  [etl.sos]           ✓ INFO      [stdout] ✓ fact_cif_pdv                    10,175 filas → fact_cif_pdv.csv
2026-06-22 14:51:15  [etl.exhib_gratis]  ✓ INFO      [stdout] ✓ fact_cif_pdv                    10,175 filas → fact_cif_pdv.csv
2026-06-22 14:51:15  [etl.sos]           ✓ INFO      [stdout] ✓ fact_cif_pdv                    10,175 filas → fact_cif_pdv.csv
2026-06-22 14:51:15  [etl.exhib_gratis]  ✓ INFO      [stdout] ✓ fact_cif_pdv                    10,175 filas → fact_cif_pdv.csv
2026-06-22 14:51:15  [etl.sos]           ✓ INFO      [stdout] ✓ fact_np_reporte                  4,459 filas → fact_np_reporte.csv
2026-06-22 14:51:15  [etl.exhib_gratis]  ✓ INFO      [stdout] ✓ fact_np_reporte                  4,459 filas → fact_np_reporte.csv
2026-06-22 14:51:15  [etl.sos]           ✓ INFO      [stdout] ✓ fact_np_reporte                  4,459 filas → fact_np_reporte.csv
2026-06-22 14:51:15  [etl.exhib_gratis]  ✓ INFO      [stdout] ✓ fact_np_reporte                  4,459 filas → fact_np_reporte.csv
2026-06-22 14:51:16  [etl.sos]           ✓ INFO      [stdout] ✓ fact_np_agotados                22,766 filas → fact_np_agotados.csv
2026-06-22 14:51:16  [etl.exhib_gratis]  ✓ INFO      [stdout] ✓ fact_np_agotados                22,766 filas → fact_np_agotados.csv
2026-06-22 14:51:16  [etl.sos]           ✓ INFO      [stdout] ✓ fact_np_agotados                22,766 filas → fact_np_agotados.csv
2026-06-22 14:51:16  [etl.exhib_gratis]  ✓ INFO      [stdout] ✓ fact_np_agotados                22,766 filas → fact_np_agotados.csv
2026-06-22 14:51:16  [etl.sos]           ✓ INFO      [stdout] ✓ fact_precios_captura               650 filas → fact_precios_captura.csv
2026-06-22 14:51:16  [etl.exhib_gratis]  ✓ INFO      [stdout] ✓ fact_precios_captura               650 filas → fact_precios_captura.csv
2026-06-22 14:51:16  [etl.sos]           ✓ INFO      [stdout] ✓ fact_precios_captura               650 filas → fact_precios_captura.csv
2026-06-22 14:51:16  [etl.exhib_gratis]  ✓ INFO      [stdout] ✓ fact_precios_captura               650 filas → fact_precios_captura.csv
2026-06-22 14:51:20  [etl.sos]           ✓ INFO      [stdout] ✓ fact_precios_analisis           56,353 filas → fact_precios_analisis.csv
2026-06-22 14:51:20  [etl.exhib_gratis]  ✓ INFO      [stdout] ✓ fact_precios_analisis           56,353 filas → fact_precios_analisis.csv
2026-06-22 14:51:20  [etl.sos]           ✓ INFO      [stdout] ✓ fact_precios_analisis           56,353 filas → fact_precios_analisis.csv
2026-06-22 14:51:20  [etl.exhib_gratis]  ✓ INFO      [stdout] ✓ fact_precios_analisis           56,353 filas → fact_precios_analisis.csv
2026-06-22 14:51:20  [etl.sos]           ✓ INFO      [stdout] ✓ fact_sos_pdv                     8,375 filas → fact_sos_pdv.csv
2026-06-22 14:51:20  [etl.exhib_gratis]  ✓ INFO      [stdout] ✓ fact_sos_pdv                     8,375 filas → fact_sos_pdv.csv
2026-06-22 14:51:20  [etl.sos]           ✓ INFO      [stdout] ✓ fact_sos_pdv                     8,375 filas → fact_sos_pdv.csv
2026-06-22 14:51:20  [etl.exhib_gratis]  ✓ INFO      [stdout] ✓ fact_sos_pdv                     8,375 filas → fact_sos_pdv.csv
2026-06-22 14:51:21  [etl.sos]           ✓ INFO      [stdout] ✓ fact_exh_pagadas                 5,526 filas → fact_exh_pagadas.csv
2026-06-22 14:51:21  [etl.exhib_gratis]  ✓ INFO      [stdout] ✓ fact_exh_pagadas                 5,526 filas → fact_exh_pagadas.csv
2026-06-22 14:51:21  [etl.sos]           ✓ INFO      [stdout] ✓ fact_exh_pagadas                 5,526 filas → fact_exh_pagadas.csv
2026-06-22 14:51:21  [etl.exhib_gratis]  ✓ INFO      [stdout] ✓ fact_exh_pagadas                 5,526 filas → fact_exh_pagadas.csv
2026-06-22 14:51:21  [etl.sos]           ✓ INFO      [stdout] ✓ fact_exh_gratis                  7,111 filas → fact_exh_gratis.csv
2026-06-22 14:51:21  [etl.exhib_gratis]  ✓ INFO      [stdout] ✓ fact_exh_gratis                  7,111 filas → fact_exh_gratis.csv
2026-06-22 14:51:21  [etl.sos]           ✓ INFO      [stdout] ✓ fact_exh_gratis                  7,111 filas → fact_exh_gratis.csv
2026-06-22 14:51:21  [etl.exhib_gratis]  ✓ INFO      [stdout] ✓ fact_exh_gratis                  7,111 filas → fact_exh_gratis.csv
2026-06-22 14:51:21  [etl.sos]           ✓ INFO      [stdout] ✓ dim_personas                       212 filas → dim_personas.csv
2026-06-22 14:51:21  [etl.exhib_gratis]  ✓ INFO      [stdout] ✓ dim_personas                       212 filas → dim_personas.csv
2026-06-22 14:51:21  [etl.sos]           ✓ INFO      [stdout] ✓ dim_personas                       212 filas → dim_personas.csv
2026-06-22 14:51:21  [etl.exhib_gratis]  ✓ INFO      [stdout] ✓ dim_personas                       212 filas → dim_personas.csv
2026-06-22 14:51:24  [etl.sos]           ✓ INFO      [stdout] ✓ dim_pdv                          4,258 filas → dim_pdv.csv
2026-06-22 14:51:24  [etl.exhib_gratis]  ✓ INFO      [stdout] ✓ dim_pdv                          4,258 filas → dim_pdv.csv
2026-06-22 14:51:24  [etl.sos]           ✓ INFO      [stdout] ✓ dim_pdv                          4,258 filas → dim_pdv.csv
2026-06-22 14:51:24  [etl.exhib_gratis]  ✓ INFO      [stdout] ✓ dim_pdv                          4,258 filas → dim_pdv.csv
2026-06-22 14:51:24  [etl.sos]           ✓ INFO      [stdout] ✓ dim_periodo                          2 filas → dim_periodo.csv
2026-06-22 14:51:24  [etl.exhib_gratis]  ✓ INFO      [stdout] ✓ dim_periodo                          2 filas → dim_periodo.csv
2026-06-22 14:51:24  [etl.sos]           ✓ INFO      [stdout] ✓ dim_periodo                          2 filas → dim_periodo.csv
2026-06-22 14:51:24  [etl.exhib_gratis]  ✓ INFO      [stdout] ✓ dim_periodo                          2 filas → dim_periodo.csv
2026-06-22 14:51:24  [etl.orquestador]   ✓ INFO      GOLD regenerado OK
