2026-08-02 16:06:44  [etl.sistema]       ✓ INFO      Logging inicializado — archivo: C:\1\OneDrive - Eficacia\Escritorio\ETLS\SCRIPTS\logs\ejecucion_202607_20260802_160644.log
2026-08-02 16:06:44  [etl.orquestador]   ✓ INFO      Run ID compartido para esta corrida: 20260802T160644_c01f95
2026-08-02 16:06:44  [etl.orquestador]   ✓ INFO      ════════════════════════════════════════════════════════
2026-08-02 16:06:44  [etl.orquestador]   ✓ INFO      ORQUESTADOR ETLs — Eficacia
2026-08-02 16:06:44  [etl.orquestador]   ✓ INFO      Inicio: 2026-08-02 16:06:44
2026-08-02 16:06:44  [etl.orquestador]   ✓ INFO      Run ID: 20260802T160644_c01f95
2026-08-02 16:06:44  [etl.orquestador]   ✓ INFO      Periodo: Julio_2026 (07/2026)
2026-08-02 16:06:44  [etl.orquestador]   ✓ INFO      ETLs seleccionados: ['exhib_pagadas']
2026-08-02 16:06:44  [etl.orquestador]   ✓ INFO      Workers paralelos: 6
2026-08-02 16:06:44  [etl.orquestador]   ✓ INFO      Skip si cached: False
2026-08-02 16:06:44  [etl.orquestador]   ✓ INFO      ════════════════════════════════════════════════════════
2026-08-02 16:06:44  [etl.shared_loader]  ✓ INFO      PT Directo detectado: Plan de trabajo Directo Julio 2026.xlsx
2026-08-02 16:06:44  [etl.shared_loader]  ✓ INFO      PT ISM detectado: Plan de trabajo ISM Julio 2026.xlsx
2026-08-02 16:06:44  [etl.shared_loader]  ✓ INFO      ━━━━━━━━━━━━━━━━━━━━━━━━━━━━━━━━━━━━━━━━━━━━━━━━━━
2026-08-02 16:06:44  [etl.shared_loader]  ✓ INFO      Iniciando carga compartida del Plan de Trabajo
2026-08-02 16:06:44  [etl.shared_loader]  ✓ INFO      ━━━━━━━━━━━━━━━━━━━━━━━━━━━━━━━━━━━━━━━━━━━━━━━━━━
2026-08-02 16:06:46  [etl.shared_loader]  ✓ INFO      [DIRECTO] 8,601 filas PT  |  3,262 filas módulos cargadas
2026-08-02 16:06:47  [etl.shared_loader]  ✓ INFO      [ISM] 2,530 filas PT  |  888 filas módulos cargadas
2026-08-02 16:06:47  [etl.shared_loader]  ✓ INFO      PT consolidado: 11,131 filas totales
2026-08-02 16:06:47  [etl.shared_loader]  ✓ INFO      Periodo forzado por el caller: Mes 7 | Año 2026
2026-08-02 16:06:47  [etl.shared_loader]  ✓ INFO      Aplicando filtros por módulo
2026-08-02 16:06:47  [etl.shared_loader]  ✓ INFO      [DIRECTO] Módulo 'no_presencia': 5,073 filas retenidas
2026-08-02 16:06:47  [etl.shared_loader]  ✓ INFO      [ISM] Módulo 'no_presencia': 980 filas retenidas
2026-08-02 16:06:47  [etl.shared_loader]  ⚠ WARNING   [DIRECTO] Módulo 'precios': el filtro devolvió 0 filas (columna 'PRECIOS' sin valores = 1, o IDs sin coincidencia en el PT)
2026-08-02 16:06:47  [etl.shared_loader]  ✓ INFO      [ISM] Módulo 'precios': 791 filas retenidas
2026-08-02 16:06:47  [etl.shared_loader]  ✓ INFO      [DIRECTO] Módulo 'sos': 4,084 filas retenidas
2026-08-02 16:06:47  [etl.shared_loader]  ✓ INFO      [ISM] Módulo 'sos': 759 filas retenidas
2026-08-02 16:06:47  [etl.shared_loader]  ✓ INFO      Carga compartida completada
2026-08-02 16:06:47  [etl.orquestador]   ✓ INFO      shared_loader completado en 2.9s
2026-08-02 16:06:47  [etl.orquestador]   ✓ INFO      ────────────────────────────────────────────────────────
2026-08-02 16:06:47  [etl.orquestador]   ✓ INFO      FASE 1 — Lanzando 1 ETLs en paralelo (0 skipped)
2026-08-02 16:06:47  [etl.orquestador]   ✓ INFO      ────────────────────────────────────────────────────────
2026-08-02 16:06:47  [etl.exhib_pagadas]  ✓ INFO      ────────────────────────────────────────────────────────
2026-08-02 16:06:47  [etl.exhib_pagadas]  ✓ INFO      ETL Exhibiciones Pagadas — iniciando
2026-08-02 16:06:51  [etl.exhib_pagadas]  · DEBUG     [stdout] 🚀 Iniciando auditoría exhibiciones pagadas (Julio_2026)...
2026-08-02 16:06:52  [etl.exhib_pagadas]  · DEBUG     [stdout] ℹ️  Planning seleccionado: PLANNING DE JULIO 2026.xlsx
2026-08-02 16:06:52  [etl.exhib_pagadas]  · DEBUG     [stdout] ℹ️  Encuesta/Base seleccionada: Base Exhibiciones Informar Julio 2026.xlsx
2026-08-02 16:06:53  [etl.exhib_pagadas]  · DEBUG     [stdout] ℹ️  Header detectado en fila 0 — col_cant='*Pagadas - *Digite el numero de exhibiciones adicionales para este tipo.'
2026-08-02 16:06:53  [etl.exhib_pagadas]  · DEBUG     [stdout] ℹ️  '*Pagadas - *Digite el numero de exhibiciones adicionales para este tipo.': 2902/2902 valores numéricos válidos, 2902 > 0
2026-08-02 16:06:56  [etl.exhib_pagadas]  · DEBUG     [stdout] ℹ️  Marca de la encuesta tomada de la columna #61 ('MARCA.1'). Muestra de valores: ['MULTIMARCA', "Johnson's Baby", "Johnson's Adulto", 'Listerine', 'Lubriderm']
2026-08-02 16:06:56  [etl.exhib_pagadas]  · DEBUG     [stdout] ℹ️  col_pdv (Planning) = '*Punto de venta' | col_id_inv (Encuesta) = 'ID del PDV' | col_tipo_inv (Encuesta) = 'Seleccionar el Tipo de la exhibicion (Pagadas)'
2026-08-02 16:06:56  [etl.exhib_pagadas]  · DEBUG     [stdout] ℹ️  Columnas Planning (11): ['Exhibiciones adicionales - Planning E', '*Rótulo de la encuesta', '*Empleado', '*Punto de venta', '*Fecha de expiración', '*EXHIBICIONES:', '*Tipo - Pagadas', '*MARCA - Pagadas', '*Pagadas - *Digite el numero de exhibiciones adicionales para este tipo.', '*La exhibicion es PAC o ExtraPAC?', '_JOIN_']
2026-08-02 16:06:56  [etl.exhib_pagadas]  · DEBUG     [stdout] ℹ️  Columnas Encuesta (165): ['ID de la encuesta', 'Rótulo de la encuesta', 'Red', 'Cadena', 'Canal del PDV', 'Perfil del PDV', 'Tipo de PDV', 'ID del PDV', 'PDV', 'Núm. del PDV', 'Código del PDV', 'División territorial', 'Ciudad', 'Macrorregional', 'Regional', 'Barrio', 'Núm. de Identificación Empresarial', 'Código postal', 'Centro comercial', 'Cod PDV (SGI)', 'CODIGO GERENCIA', 'GERENTE / KAM', 'CODIGO VENDEDOR SAP', 'VENDEDOR SAP', 'Golden Store', 'Tienda con OPL', 'Tienda Visitada por Operaciones', 'Tienda Perfecta', 'Código Interno D&P', 'Dirección', 'Latitud', 'Longitud', 'Fecha y hora de la encuesta', 'Fecha de la encuesta', 'Hora de la encuesta', 'Día de la semana', 'Semana del año', 'Semana del mes', 'Día del mes', 'Mes del año', 'Año', 'ID del empleado', 'ID del empleado.1', 'Empleado', 'Núm. de Identificación del Empleado', 'Superior del empleado', 'Perfil del empleado', 'Perfil de acceso', 'Cargo', 'Número de registro', 'Homologación', 'Empleado que digitó', 'EXHIBICIONES:', 'EXHIBICIONES: - Puntuación', 'Seleccionar el Tipo de la exhibicion:', 'Seleccionar el Tipo de la exhibicion: - Puntuación', 'MARCA', 'MARCA - Puntuación', '*Digite el numero de exhibiciones adicionales para este tipo', 'Seleccionar el Tipo de la exhibicion (Pagadas)', 'Seleccionar el Tipo de la exhibicion (Pagadas) - Puntuación', 'MARCA.1', 'MARCA - Puntuación.1', '*Digite el numero de exhibiciones adicionales para este tipo.', 'Indique la marca y el porcentaje en números', 'Listerine', 'Porcentaje', 'Lubriderm', 'Porcentaje.1', 'Johnson’s baby', 'Porcentaje.2', 'Neutrogena', 'Porcentaje.3', 'Stayfree', 'Porcentaje.4', 'Carefree', 'Porcentaje.5', 'OB', 'Porcentaje.6', 'OTROS', 'Porcentaje.7', 'La exhibicion es PAC o ExtraPAC?', 'La exhibicion es PAC o ExtraPAC? - Puntuación', '¿Tiene material de visibilidad?', '¿Tiene material de visibilidad? - Puntuación', 'Cual es el segmento de la exhibicion?', 'Shampoo', 'Cremas Baby', 'Baño Liquido', 'Otros', 'Indique las Adyacencias ( Máximo 2 Adyacencias):', 'Cepillo y cremas dentales', 'Jabones', 'Shampoo.1', 'Afeitada y depilacion', 'Desodorantes', 'Proteccion pies', 'Pañitos y toallitas humedas', 'Pañales', 'Leches o cereales infantiles', 'Cremas de manos y corporal', 'Cremas faciales', 'Aseo del bb', 'Proteccion solar', 'Otc', 'Maquillaje', 'Proteccion femenina', 'OTROS.1', 'La Exhibicion esta implementada de acuerdo con el planning?', 'La Exhibicion esta implementada de acuerdo con el planning? - Puntuación', 'Indique las causales:', 'Indique las causales: - Puntuación', 'Tome evidencia:', 'Tome evidencia:.1', 'Seleccionar el Tipo de la exhibicion - CONTRAPRESTACIÓN', 'Seleccionar el Tipo de la exhibicion - CONTRAPRESTACIÓN - Puntuación', 'MARCA - CONTRAPRESTACIÓN', 'MARCA - CONTRAPRESTACIÓN - Puntuación', '*Digite el numero de exhibiciones adicionales para este tipo. - CONTRAPRESTACIÓN', 'Indique la marca y el porcentaje en números.1', 'Listerine.1', 'Porcentaje.8', 'Lubriderm.1', 'Porcentaje.9', 'Johnson’s baby.1', 'Porcentaje.10', 'Neutrogena.1', 'Porcentaje.11', 'Stayfree.1', 'Porcentaje.12', 'Carefree.1', 'Porcentaje.13', 'OB.1', 'Porcentaje.14', 'OTROS.2', 'Porcentaje.15', 'La exhibicion es PAC o ExtraPAC? - CONTRAPESTRACIÓN', 'La exhibicion es PAC o ExtraPAC? - CONTRAPESTRACIÓN - Puntuación', '- ¿En qué estado se encuentra el material POP?', '- ¿En qué estado se encuentra el material POP? - Puntuación', 'Cual es el segmento de la exhibicion?.1', 'Shampoo.2', 'Cremas Baby.1', 'Baño Liquido.1', 'Otros.1', 'Indique las Adyacencias ( Máximo 2 Adyacencias):.1', 'Cepillo y cremas dentales.1', 'Jabones.1', 'Shampoo.3', 'Afeitada y depilacion.1', 'Desodorantes.1', 'Proteccion pies.1', 'Pañitos y toallitas humedas.1', 'Pañales.1', 'Leches o cereales infantiles.1', 'Cremas de manos y corporal.1', 'Cremas faciales.1', 'Aseo del bb.1', 'Proteccion solar.1', 'Maquillaje.1', 'Otc.1', 'Proteccion femenina.1', 'OTROS.3', 'Tome evidencia:.2', 'Puntuación total']
2026-08-02 16:06:56  [etl.exhib_pagadas]  · DEBUG     [stdout] ℹ️  Muestra _LL_ Planning: ['MERCALDAS VERSALLES_PUNTA DE GONDOLA_LISTERINE', 'MERCAMIO BOGOTA_LATERAL O REJILLA PUNTA_LISTERINE', 'MERCAMIO CIUDAD JARDIN_EXTENSION DE PUNTA_LISTERINE']
2026-08-02 16:06:56  [etl.exhib_pagadas]  · DEBUG     [stdout] ℹ️  Muestra _LL_ Encuesta: ['18339__', '14132__', '14132__']
2026-08-02 16:06:56  [etl.exhib_pagadas]  · DEBUG     [stdout] ℹ️  Merge Planning↔Encuesta: 0/2902 filas encontraron match (0.0%)
2026-08-02 16:06:56  [etl.exhib_pagadas]  ⚠ WARNING   [stdout] ⚠️  NINGUNA fila hizo match — todas quedarán con 'La Exhibicion esta implementada de acuerdo con el planning?'='No' por defecto, y CANTIDAD_EJECUTADA saldrá en 0 para todo el periodo. Revisa la muestra de _LL_ arriba: si no coinciden, el problema está en col_tipo/col_marca (Planning) o en la columna #61 (Encuesta) — probablemente la posición de esa columna cambió.
2026-08-02 16:06:59  [etl.exhib_pagadas]  ✓ INFO      [stdout] ✅ SHAREPOINT: Archivo guardado con éxito -> Equipo Información/BI/INVOLVES/SALIDAS/EXHIBICIONES/Resultado_exhibiciones_pagadas Julio 2026.xlsx
2026-08-02 16:07:02  [etl.exhib_pagadas]  ✓ INFO      [stdout] ✅ SHAREPOINT: Archivo guardado con éxito -> Equipo Información/BI/INVOLVES/SALIDAS/EXHIBICIONES/Rexhibiciones_pagadas_agrupado Julio 2026.xlsx
2026-08-02 16:07:02  [etl.exhib_pagadas]  ✓ INFO      [stdout] ✅ ¡Hecho! Archivos subidos a SharePoint en Equipo Información/BI/INVOLVES/SALIDAS/EXHIBICIONES
2026-08-02 16:07:02  [etl.exhib_pagadas]  · DEBUG     [stdout] --- KPI (V3): RESUMEN EXHIBICIONES PAGADAS por empleado  (Julio_2026) ---
2026-08-02 16:07:05  [etl.exhib_pagadas]  · DEBUG     [stdout] Leyendo desde nube: Resultado_exhibiciones_pagadas Julio 2026.xlsx (2902 filas)
2026-08-02 16:07:05  [etl.exhib_pagadas]  · DEBUG     [stdout] ℹ️  CANTIDAD_PLANEADA > 0: 2902/2902 filas | CANTIDAD_EJECUTADA > 0: 0/2902 filas
2026-08-02 16:07:12  [etl.exhib_pagadas]  ✓ INFO      [stdout] ✅ SHAREPOINT: Archivo guardado con éxito -> Equipo Información/BI/INVOLVES/SALIDAS/EXHIBICIONES/EXHIBICIONES_PAGADAS_KPIS.xlsx
2026-08-02 16:07:12  [etl.exhib_pagadas]  · DEBUG     [stdout] 🚀 Preparando cargue del KPI de Exhibiciones Pagadas a Supabase...
2026-08-02 16:07:14  [etl.exhib_pagadas]  ✓ INFO      [stdout] ✅ ÉXITO CLOUD: 128 filas subidas de forma exitosa a Supabase.
2026-08-02 16:07:14  [etl.exhib_pagadas]  ✓ INFO      ETL Exhibiciones Pagadas — completado
2026-08-02 16:07:14  [etl.exhib_pagadas]  ✓ INFO      Duración total: 26.4s
2026-08-02 16:07:14  [etl.orquestador]   ✓ INFO      ETL 'exhib_pagadas' terminó — ✓ OK en 26.4s
2026-08-02 16:07:14  [etl.orquestador]   ✓ INFO      ════════════════════════════════════════════════════════
2026-08-02 16:07:14  [etl.orquestador]   ✓ INFO      REPORTE DE EJECUCIÓN
2026-08-02 16:07:14  [etl.orquestador]   ✓ INFO      ════════════════════════════════════════════════════════
2026-08-02 16:07:14  [etl.orquestador]   ✓ INFO        ETL                    Estado           Tiempo
2026-08-02 16:07:14  [etl.orquestador]   ✓ INFO        ────────────────────── ────────────── ────────
2026-08-02 16:07:14  [etl.orquestador]   ✓ INFO        exhib_pagadas          ✓ OK              26.4s
2026-08-02 16:07:14  [etl.orquestador]   ✓ INFO        ────────────────────── ────────────── ────────
2026-08-02 16:07:14  [etl.orquestador]   ✓ INFO        shared_loader          ✓ OK               2.9s
2026-08-02 16:07:14  [etl.orquestador]   ✓ INFO        TOTAL (paralelo)                         29.4s
2026-08-02 16:07:14  [etl.orquestador]   ✓ INFO        Sin paralelismo (est.)                   29.3s
2026-08-02 16:07:14  [etl.orquestador]   ✓ INFO        Ahorro estimado                          -0.0s
2026-08-02 16:07:14  [etl.orquestador]   ✓ INFO      ────────────────────────────────────────────────────────
2026-08-02 16:07:14  [etl.orquestador]   ✓ INFO      Eventos: 0 CRITICAL  |  0 ERROR  |  2 WARNING
2026-08-02 16:07:14  [etl.orquestador]   ✓ INFO      ························································
2026-08-02 16:07:14  [etl.orquestador]   ✓ INFO        WARNING (2)
2026-08-02 16:07:14  [etl.orquestador]   ✓ INFO      ························································
2026-08-02 16:07:14  [etl.orquestador]   ✓ INFO        16:06:47  [shared_loader]     [DIRECTO] Módulo 'precios': el filtro devolvió 0 filas (columna 'PRECIOS' sin valores = 1, o IDs sin coincidencia en el PT)
2026-08-02 16:07:14  [etl.orquestador]   ✓ INFO        16:06:56  [exhib_pagadas]     [stdout] ⚠️  NINGUNA fila hizo match — todas quedarán con 'La Exhibicion esta implementada de acuerdo con el planning?'='No' por defecto, y CANTIDAD_EJECUTADA saldrá en 0 para todo el periodo. Revisa la muestra de _LL_ arriba: si no coinciden, el problema está en col_tipo/col_marca (Planning) o en la columna #61 (Encuesta) — probablemente la posición de esa columna cambió.
2026-08-02 16:07:14  [etl.orquestador]   ✓ INFO      ════════════════════════════════════════════════════════
2026-08-02 16:07:14  [etl.orquestador]   ✓ INFO      Log completo guardado en: C:\1\OneDrive - Eficacia\Escritorio\ETLS\SCRIPTS\logs\ejecucion_202607_20260802_160644.log
2026-08-02 16:07:14  [etl.orquestador]   ✓ INFO      Fin: 2026-08-02 16:07:14
2026-08-02 16:07:14  [etl.orquestador]   ✓ INFO      ════════════════════════════════════════════════════════
