2026-07-30 09:34:33  [etl.sistema]       ✓ INFO      Logging inicializado — archivo: C:\1\OneDrive - Eficacia\Escritorio\ETLS\SCRIPTS\logs\ejecucion_202607_20260730_093433.log
2026-07-30 09:34:33  [etl.orquestador]   ✓ INFO      Run ID compartido para esta corrida: 20260730T093433_64cd57
2026-07-30 09:34:33  [etl.orquestador]   ✓ INFO      ════════════════════════════════════════════════════════
2026-07-30 09:34:33  [etl.orquestador]   ✓ INFO      ORQUESTADOR ETLs — Eficacia
2026-07-30 09:34:33  [etl.orquestador]   ✓ INFO      Inicio: 2026-07-30 09:34:33
2026-07-30 09:34:33  [etl.orquestador]   ✓ INFO      Run ID: 20260730T093433_64cd57
2026-07-30 09:34:33  [etl.orquestador]   ✓ INFO      Periodo: Julio_2026 (07/2026)
2026-07-30 09:34:33  [etl.orquestador]   ✓ INFO      ETLs seleccionados: ['exhib_gratis']
2026-07-30 09:34:33  [etl.orquestador]   ✓ INFO      Workers paralelos: 6
2026-07-30 09:34:33  [etl.orquestador]   ✓ INFO      Skip si cached: False
2026-07-30 09:34:33  [etl.orquestador]   ✓ INFO      ════════════════════════════════════════════════════════
2026-07-30 09:34:33  [etl.shared_loader]  ✓ INFO      PT Directo detectado: Plan de trabajo Directo Julio 2026.xlsx
2026-07-30 09:34:33  [etl.shared_loader]  ✓ INFO      PT ISM detectado: Plan de trabajo ISM Julio 2026.xlsx
2026-07-30 09:34:33  [etl.shared_loader]  ✓ INFO      ━━━━━━━━━━━━━━━━━━━━━━━━━━━━━━━━━━━━━━━━━━━━━━━━━━
2026-07-30 09:34:33  [etl.shared_loader]  ✓ INFO      Iniciando carga compartida del Plan de Trabajo
2026-07-30 09:34:33  [etl.shared_loader]  ✓ INFO      ━━━━━━━━━━━━━━━━━━━━━━━━━━━━━━━━━━━━━━━━━━━━━━━━━━
2026-07-30 09:34:36  [etl.shared_loader]  ✓ INFO      [DIRECTO] 8,601 filas PT  |  3,262 filas módulos cargadas
2026-07-30 09:34:36  [etl.shared_loader]  ✓ INFO      [ISM] 2,530 filas PT  |  888 filas módulos cargadas
2026-07-30 09:34:36  [etl.shared_loader]  ✓ INFO      PT consolidado: 11,131 filas totales
2026-07-30 09:34:36  [etl.shared_loader]  ✓ INFO      Periodo forzado por el caller: Mes 7 | Año 2026
2026-07-30 09:34:36  [etl.shared_loader]  ✓ INFO      Aplicando filtros por módulo
2026-07-30 09:34:36  [etl.shared_loader]  ✓ INFO      [DIRECTO] Módulo 'no_presencia': 5,073 filas retenidas
2026-07-30 09:34:36  [etl.shared_loader]  ✓ INFO      [ISM] Módulo 'no_presencia': 980 filas retenidas
2026-07-30 09:34:36  [etl.shared_loader]  ⚠ WARNING   [DIRECTO] Módulo 'precios': el filtro devolvió 0 filas (columna 'PRECIOS' sin valores = 1, o IDs sin coincidencia en el PT)
2026-07-30 09:34:36  [etl.shared_loader]  ✓ INFO      [ISM] Módulo 'precios': 791 filas retenidas
2026-07-30 09:34:36  [etl.shared_loader]  ✓ INFO      [DIRECTO] Módulo 'sos': 4,084 filas retenidas
2026-07-30 09:34:36  [etl.shared_loader]  ✓ INFO      [ISM] Módulo 'sos': 759 filas retenidas
2026-07-30 09:34:36  [etl.shared_loader]  ✓ INFO      Carga compartida completada
2026-07-30 09:34:36  [etl.orquestador]   ✓ INFO      shared_loader completado en 3.8s
2026-07-30 09:34:36  [etl.orquestador]   ✓ INFO      ────────────────────────────────────────────────────────
2026-07-30 09:34:36  [etl.orquestador]   ✓ INFO      FASE 1 — Lanzando 1 ETLs en paralelo (0 skipped)
2026-07-30 09:34:36  [etl.orquestador]   ✓ INFO      ────────────────────────────────────────────────────────
2026-07-30 09:34:36  [etl.exhib_gratis]  ✓ INFO      ────────────────────────────────────────────────────────
2026-07-30 09:34:36  [etl.exhib_gratis]  ✓ INFO      ETL Exhibiciones Gratis — iniciando
2026-07-30 09:34:36  [etl.exhib_gratis]  · DEBUG     [stdout] ── Resolviendo fuentes en SharePoint (Julio_2026) ─
2026-07-30 09:34:36  [etl.exhib_gratis]  · DEBUG     [stdout] ☁️ [SHAREPOINT GRAPH API] Rutas aplicadas para el periodo Julio_2026:
2026-07-30 09:34:36  [etl.exhib_gratis]  · DEBUG     [stdout] [informar] 1 archivo(s):
2026-07-30 09:34:36  [etl.exhib_gratis]  · DEBUG     [stdout] - Ruta: Equipo Información/BI/INVOLVES/BASES DE RESPUESTAS/EXHIBICIONES/2026/Base Exhibiciones Informar Julio 2026.xlsx
2026-07-30 09:34:36  [etl.exhib_gratis]  · DEBUG     [stdout] [planning] 1 archivo(s):
2026-07-30 09:34:36  [etl.exhib_gratis]  · DEBUG     [stdout] - Ruta: Equipo Información/BI/INVOLVES/BASES DE RESPUESTAS/EXHIBICIONES/2026/Base Exhibiciones Planning Julio 2026.xlsx
2026-07-30 09:34:36  [etl.exhib_gratis]  · DEBUG     [stdout] [visitas] 1 archivo(s):
2026-07-30 09:34:36  [etl.exhib_gratis]  · DEBUG     [stdout] - Ruta: Equipo Información/BI/INVOLVES/BASES DE RESPUESTAS/VISITAS/2026/informe-gerencial-visitas_202607.xlsx
2026-07-30 09:34:36  [etl.exhib_gratis]  · DEBUG     [stdout] [plan_trabajo] 2 archivo(s):
2026-07-30 09:34:36  [etl.exhib_gratis]  · DEBUG     [stdout] - Ruta: Equipo Información/BI/INVOLVES/PLAN DE TRABAJO/Plan de trabajo Directo Julio 2026.xlsx
2026-07-30 09:34:36  [etl.exhib_gratis]  · DEBUG     [stdout] - Ruta: Equipo Información/BI/INVOLVES/PLAN DE TRABAJO/Plan de trabajo ISM Julio 2026.xlsx
2026-07-30 09:34:36  [etl.exhib_gratis]  · DEBUG     [stdout] ── Cargando fuentes desde SharePoint ────────────
2026-07-30 09:34:44  [etl.exhib_gratis]  ✓ INFO      [stdout] ✓ [SharePoint] Base Exhibiciones Informar Julio 2026.xlsx — 1,592 filas
2026-07-30 09:34:50  [etl.exhib_gratis]  ✓ INFO      [stdout] ✓ [SharePoint] Base Exhibiciones Planning Julio 2026.xlsx — 2,277 filas
2026-07-30 09:34:57  [etl.exhib_gratis]  ✓ INFO      [stdout] ✓ [SharePoint] Plan de trabajo Directo Julio 2026.xlsx — 7,792 gestores cargados
2026-07-30 09:35:01  [etl.exhib_gratis]  ✓ INFO      [stdout] ✓ [SharePoint] Plan de trabajo ISM Julio 2026.xlsx — 2,043 gestores cargados
2026-07-30 09:35:39  [etl.exhib_gratis]  ✓ INFO      [stdout] ✓ [SharePoint] informe-gerencial-visitas_202607.xlsx — 51,443 filas
2026-07-30 09:35:39  [etl.exhib_gratis]  · DEBUG     [stdout] 🔎 Filtro Tipo de check-in: descartadas 45,266 filas 'Sin check-in' (88.0%); quedan 6,177 visitas efectivas.
2026-07-30 09:35:44  [etl.exhib_gratis]  · DEBUG     [stdout] Encuestas consolidadas: 3,869 filas
2026-07-30 09:35:44  [etl.exhib_gratis]  · DEBUG     [stdout] Plan de trabajo:        9,819 filas
2026-07-30 09:35:44  [etl.exhib_gratis]  · DEBUG     [stdout] Visitas realizadas:     6,177 filas
2026-07-30 09:35:44  [etl.exhib_gratis]  · DEBUG     [stdout] ── Módulo 1: Exhibiciones Pagadas ───────────────
2026-07-30 09:35:45  [etl.exhib_gratis]  · DEBUG     [stdout] Implementadas pagadas:          1,760 filas
2026-07-30 09:35:45  [etl.exhib_gratis]  · DEBUG     [stdout] ── Módulo 2: Exhibiciones Gratis y Concurso ─────
2026-07-30 09:35:52  [etl.exhib_gratis]  · DEBUG     [stdout] Implementadas gratis/concurso: 759 filas
2026-07-30 09:35:52  [etl.exhib_gratis]  · DEBUG     [stdout] ── Consolidando y escribiendo en SharePoint ─────
2026-07-30 09:36:01  [etl.exhib_gratis]  ✓ INFO      [stdout] ✓ Output escrito con éxito en SharePoint: Equipo Información/BI/INVOLVES/SALIDAS/EXHIBICIONES/Resultado exhibiciones gratis.xlsx (2,519 filas)
2026-07-30 09:36:01  [etl.exhib_gratis]  · DEBUG     [stdout] ── Resumen de Exhibiciones ──────────────────────
2026-07-30 09:36:01  [etl.exhib_gratis]  · DEBUG     [stdout] Total Exhibiciones:                                        5,306
2026-07-30 09:36:01  [etl.exhib_gratis]  · DEBUG     [stdout] Total Exhibiciones Gratis:                                   3,326
2026-07-30 09:36:01  [etl.exhib_gratis]  · DEBUG     [stdout] Total Exhibiciones Pagadas:                                 1,979
2026-07-30 09:36:01  [etl.exhib_gratis]  · DEBUG     [stdout] Total Exhibiciones Alto Impacto:                            2,181
2026-07-30 09:36:01  [etl.exhib_gratis]  · DEBUG     [stdout] Total Exhibiciones Medio Impacto:                           3,125
2026-07-30 09:36:01  [etl.exhib_gratis]  · DEBUG     [stdout] ─────────────────────────────────────────────────
2026-07-30 09:36:01  [etl.exhib_gratis]  · DEBUG     [stdout] --- KPI (V3): RESUMEN EXHIBICIONES GRATIS por empleado (Julio_2026) ---
2026-07-30 09:36:05  [etl.exhib_gratis]  · DEBUG     [stdout] Leyendo archivo desde SharePoint (2519 filas)
2026-07-30 09:36:07  [etl.exhib_gratis]  ✗ ERROR     [stdout] ⚠️ No pude leer Base cupos para targets por canal desde SharePoint (❌ No se pudo descargar el archivo desde SharePoint (Equipo Información/BI/INVOLVES/BASES DE RESPUESTAS/Base cupos.xlsx). Estado HTTP 404: {"error":{"code":"itemNotFound","message":"The resource could not be found."}}); uso 3/5 por defecto.
2026-07-30 09:36:10  [etl.exhib_gratis]  ☠ CRITICAL  Excepción no capturada — ETL abortado
Traceback (most recent call last):
  File "C:\1\OneDrive - Eficacia\Escritorio\ETLS\SCRIPTS\run_all.py", line 434, in _ejecutar_etl
    fn(spec=spec)
  File "C:\1\OneDrive - Eficacia\Escritorio\ETLS\SCRIPTS\run_all.py", line 330, in _run_exhibiciones_gratis
    etl_exhibiciones_gratis.generar_resumen_kpi_exhibiciones_gratis(spec)
  File "C:\1\OneDrive - Eficacia\Escritorio\ETLS\SCRIPTS\etl_exhibiciones_gratis.py", line 707, in generar_resumen_kpi_exhibiciones_gratis
    _upload_sharepoint_file(path_kpis, buf_kpi)
  File "C:\1\OneDrive - Eficacia\Escritorio\ETLS\SCRIPTS\etl_exhibiciones_gratis.py", line 173, in _upload_sharepoint_file
    raise Exception(f"❌ Error al subir archivo a SharePoint ({sharepoint_path}). Estado HTTP {response.status_code}: {response.text}")
Exception: ❌ Error al subir archivo a SharePoint (Equipo Información/BI/INVOLVES/SALIDAS/EXHIBICIONES/KPI_Exhibiciones_Gratis.xlsx). Estado HTTP 423: {"error":{"code":"notAllowed","message":"The resource you are attempting to access is locked","innerError":{"code":"resourceLocked","date":"2026-07-30T14:35:50","request-id":"1af8e87c-209c-4270-bade-aed8465165f5","client-request-id":"1af8e87c-209c-4270-bade-aed8465165f5"}}}

2026-07-30 09:36:10  [etl.exhib_gratis]  ✗ ERROR     Duración hasta fallo: 93.4s
2026-07-30 09:36:10  [etl.orquestador]   ✓ INFO      ETL 'exhib_gratis' terminó — ✗ FALLÓ en 93.4s
2026-07-30 09:36:10  [etl.orquestador]   ✓ INFO      ════════════════════════════════════════════════════════
2026-07-30 09:36:10  [etl.orquestador]   ✓ INFO      REPORTE DE EJECUCIÓN
2026-07-30 09:36:10  [etl.orquestador]   ✓ INFO      ════════════════════════════════════════════════════════
2026-07-30 09:36:10  [etl.orquestador]   ✓ INFO        ETL                    Estado           Tiempo
2026-07-30 09:36:10  [etl.orquestador]   ✓ INFO        ────────────────────── ────────────── ────────
2026-07-30 09:36:10  [etl.orquestador]   ✓ INFO        exhib_gratis           ✗ ERROR           93.4s
2026-07-30 09:36:10  [etl.orquestador]   ✓ INFO        ────────────────────── ────────────── ────────
2026-07-30 09:36:10  [etl.orquestador]   ✓ INFO        shared_loader          ✓ OK               3.8s
2026-07-30 09:36:10  [etl.orquestador]   ✓ INFO        TOTAL (paralelo)                         97.3s
2026-07-30 09:36:10  [etl.orquestador]   ✓ INFO        Sin paralelismo (est.)                   97.2s
2026-07-30 09:36:10  [etl.orquestador]   ✓ INFO        Ahorro estimado                          -0.0s
2026-07-30 09:36:10  [etl.orquestador]   ✓ INFO      ────────────────────────────────────────────────────────
2026-07-30 09:36:10  [etl.orquestador]   ✓ INFO      Eventos: 1 CRITICAL  |  2 ERROR  |  1 WARNING
2026-07-30 09:36:10  [etl.orquestador]   ✓ INFO      ························································
2026-07-30 09:36:10  [etl.orquestador]   ✓ INFO        CRITICAL (1)
2026-07-30 09:36:10  [etl.orquestador]   ✓ INFO      ························································
2026-07-30 09:36:10  [etl.orquestador]   ✓ INFO        09:36:10  [exhib_gratis]      Excepción no capturada — ETL abortado
Traceback (most recent call last):
  File "C:\1\OneDrive - Eficacia\Escritorio\ETLS\SCRIPTS\run_all.py", line 434, in _ejecutar_etl
    fn(spec=spec)
  File "C:\1\OneDrive - Eficacia\Escritorio\ETLS\SCRIPTS\run_all.py", line 330, in _run_exhibiciones_gratis
    etl_exhibiciones_gratis.generar_resumen_kpi_exhibiciones_gratis(spec)
  File "C:\1\OneDrive - Eficacia\Escritorio\ETLS\SCRIPTS\etl_exhibiciones_gratis.py", line 707, in generar_resumen_kpi_exhibiciones_gratis
    _upload_sharepoint_file(path_kpis, buf_kpi)
  File "C:\1\OneDrive - Eficacia\Escritorio\ETLS\SCRIPTS\etl_exhibiciones_gratis.py", line 173, in _upload_sharepoint_file
    raise Exception(f"❌ Error al subir archivo a SharePoint ({sharepoint_path}). Estado HTTP {response.status_code}: {response.text}")
Exception: ❌ Error al subir archivo a SharePoint (Equipo Información/BI/INVOLVES/SALIDAS/EXHIBICIONES/KPI_Exhibiciones_Gratis.xlsx). Estado HTTP 423: {"error":{"code":"notAllowed","message":"The resource you are attempting to access is locked","innerError":{"code":"resourceLocked","date":"2026-07-30T14:35:50","request-id":"1af8e87c-209c-4270-bade-aed8465165f5","client-request-id":"1af8e87c-209c-4270-bade-aed8465165f5"}}}

2026-07-30 09:36:10  [etl.orquestador]   ✓ INFO      ························································
2026-07-30 09:36:10  [etl.orquestador]   ✓ INFO        ERROR (2)
2026-07-30 09:36:10  [etl.orquestador]   ✓ INFO      ························································
2026-07-30 09:36:10  [etl.orquestador]   ✓ INFO        09:36:07  [exhib_gratis]      [stdout] ⚠️ No pude leer Base cupos para targets por canal desde SharePoint (❌ No se pudo descargar el archivo desde SharePoint (Equipo Información/BI/INVOLVES/BASES DE RESPUESTAS/Base cupos.xlsx). Estado HTTP 404: {"error":{"code":"itemNotFound","message":"The resource could not be found."}}); uso 3/5 por defecto.
2026-07-30 09:36:10  [etl.orquestador]   ✓ INFO        09:36:10  [exhib_gratis]      Duración hasta fallo: 93.4s
2026-07-30 09:36:10  [etl.orquestador]   ✓ INFO      ························································
2026-07-30 09:36:10  [etl.orquestador]   ✓ INFO        WARNING (1)
2026-07-30 09:36:10  [etl.orquestador]   ✓ INFO      ························································
2026-07-30 09:36:10  [etl.orquestador]   ✓ INFO        09:34:36  [shared_loader]     [DIRECTO] Módulo 'precios': el filtro devolvió 0 filas (columna 'PRECIOS' sin valores = 1, o IDs sin coincidencia en el PT)
2026-07-30 09:36:10  [etl.orquestador]   ✓ INFO      ════════════════════════════════════════════════════════
2026-07-30 09:36:10  [etl.orquestador]   ✓ INFO      Log completo guardado en: C:\1\OneDrive - Eficacia\Escritorio\ETLS\SCRIPTS\logs\ejecucion_202607_20260730_093433.log
2026-07-30 09:36:10  [etl.orquestador]   ✓ INFO      Fin: 2026-07-30 09:36:10
2026-07-30 09:36:10  [etl.orquestador]   ✓ INFO      ════════════════════════════════════════════════════════
