2026-07-14 15:42:15  [etl.sistema]       ✓ INFO      Logging inicializado — archivo: C:\1\OneDrive - Eficacia\Escritorio\ETLS\SCRIPTS\logs\ejecucion_202607_20260714_154215.log
2026-07-14 15:42:15  [etl.orquestador]   ✓ INFO      Run ID compartido para esta corrida: 20260714T154215_443dd5
2026-07-14 15:42:15  [etl.orquestador]   ✓ INFO      ════════════════════════════════════════════════════════
2026-07-14 15:42:15  [etl.orquestador]   ✓ INFO      ORQUESTADOR ETLs — Eficacia
2026-07-14 15:42:15  [etl.orquestador]   ✓ INFO      Inicio: 2026-07-14 15:42:15
2026-07-14 15:42:15  [etl.orquestador]   ✓ INFO      Run ID: 20260714T154215_443dd5
2026-07-14 15:42:15  [etl.orquestador]   ✓ INFO      Periodo: Julio_2026 (07/2026)
2026-07-14 15:42:15  [etl.orquestador]   ✓ INFO      ETLs seleccionados: ['cif', 'nopresencia', 'precios', 'sos', 'exhib_pagadas', 'exhib_gratis', 'ventas', 'impactos', 'impactos_segmentos']
2026-07-14 15:42:15  [etl.orquestador]   ✓ INFO      Workers paralelos: 6
2026-07-14 15:42:15  [etl.orquestador]   ✓ INFO      Skip si cached: False
2026-07-14 15:42:15  [etl.orquestador]   ✓ INFO      ════════════════════════════════════════════════════════
2026-07-14 15:42:15  [etl.shared_loader]  ✓ INFO      PT Directo detectado: Plan de trabajo Directo Julio 2026.xlsx
2026-07-14 15:42:15  [etl.shared_loader]  ✓ INFO      PT ISM detectado: Plan de trabajo ISM Julio 2026.xlsx
2026-07-14 15:42:15  [etl.shared_loader]  ✓ INFO      ━━━━━━━━━━━━━━━━━━━━━━━━━━━━━━━━━━━━━━━━━━━━━━━━━━
2026-07-14 15:42:15  [etl.shared_loader]  ✓ INFO      Iniciando carga compartida del Plan de Trabajo
2026-07-14 15:42:15  [etl.shared_loader]  ✓ INFO      ━━━━━━━━━━━━━━━━━━━━━━━━━━━━━━━━━━━━━━━━━━━━━━━━━━
2026-07-14 15:42:23  [etl.shared_loader]  ✓ INFO      [DIRECTO] 8,601 filas PT  |  3,262 filas módulos cargadas
2026-07-14 15:42:25  [etl.shared_loader]  ✓ INFO      [ISM] 2,530 filas PT  |  888 filas módulos cargadas
2026-07-14 15:42:25  [etl.shared_loader]  ✓ INFO      PT consolidado: 11,131 filas totales
2026-07-14 15:42:25  [etl.shared_loader]  ✓ INFO      Periodo forzado por el caller: Mes 7 | Año 2026
2026-07-14 15:42:25  [etl.shared_loader]  ✓ INFO      Aplicando filtros por módulo
2026-07-14 15:42:25  [etl.shared_loader]  ✓ INFO      [DIRECTO] Módulo 'no_presencia': 5,073 filas retenidas
2026-07-14 15:42:25  [etl.shared_loader]  ✓ INFO      [ISM] Módulo 'no_presencia': 980 filas retenidas
2026-07-14 15:42:25  [etl.shared_loader]  ⚠ WARNING   [DIRECTO] Módulo 'precios': el filtro devolvió 0 filas (columna 'PRECIOS' sin valores = 1, o IDs sin coincidencia en el PT)
2026-07-14 15:42:25  [etl.shared_loader]  ✓ INFO      [ISM] Módulo 'precios': 791 filas retenidas
2026-07-14 15:42:25  [etl.shared_loader]  ✓ INFO      [DIRECTO] Módulo 'sos': 4,084 filas retenidas
2026-07-14 15:42:25  [etl.shared_loader]  ✓ INFO      [ISM] Módulo 'sos': 759 filas retenidas
2026-07-14 15:42:25  [etl.shared_loader]  ✓ INFO      Carga compartida completada
2026-07-14 15:42:25  [etl.orquestador]   ✓ INFO      shared_loader completado en 10.0s
2026-07-14 15:42:25  [etl.orquestador]   ✓ INFO      ────────────────────────────────────────────────────────
2026-07-14 15:42:25  [etl.orquestador]   ✓ INFO      FASE 1 — Lanzando 9 ETLs en paralelo (0 skipped)
2026-07-14 15:42:25  [etl.orquestador]   ✓ INFO      ────────────────────────────────────────────────────────
2026-07-14 15:42:25  [etl.exhib_pagadas]  ✓ INFO      ────────────────────────────────────────────────────────
2026-07-14 15:42:25  [etl.exhib_pagadas]  ✓ INFO      ETL Exhibiciones Pagadas — iniciando
2026-07-14 15:42:25  [etl.exhib_pagadas]  · DEBUG     [stdout] 🚀 Iniciando auditoría exhibiciones pagadas  (Julio_2026)...
2026-07-14 15:42:25  [etl.precios]       ✓ INFO      ────────────────────────────────────────────────────────
2026-07-14 15:42:25  [etl.precios]       ✓ INFO      ETL Precios — iniciando
2026-07-14 15:42:26  [etl.sos]           ✓ INFO      ────────────────────────────────────────────────────────
2026-07-14 15:42:26  [etl.sos]           ✓ INFO      ETL SOS — iniciando
2026-07-14 15:42:26  [etl.nopresencia]   ✓ INFO      ────────────────────────────────────────────────────────
2026-07-14 15:42:26  [etl.nopresencia]   ✓ INFO      ETL No Presencia — iniciando
2026-07-14 15:42:26  [etl.ventas]        ✓ INFO      ────────────────────────────────────────────────────────
2026-07-14 15:42:26  [etl.impactos]      ✓ INFO      ────────────────────────────────────────────────────────
2026-07-14 15:42:26  [etl.ventas]        ✓ INFO      ETL Ventas D&P — iniciando
2026-07-14 15:42:26  [etl.impactos]      ✓ INFO      ETL Impactos D&P — iniciando
2026-07-14 15:42:26  [etl.exhib_pagadas]  · DEBUG     [stdout] 📍 Origen: C:\1\OneDrive - Eficacia\Escritorio\ETLS\BASES\D&P\01. Ventas📍 Origen: C:\1\OneDrive - Eficacia\Escritorio\ETLS\BASES\D&P\02. Impactos
2026-07-14 15:42:26  [etl.precios]       · DEBUG     [stdout] 📍 Origen: C:\1\OneDrive - Eficacia\Escritorio\ETLS\BASES\D&P\01. Ventas📍 Origen: C:\1\OneDrive - Eficacia\Escritorio\ETLS\BASES\D&P\02. Impactos
2026-07-14 15:42:26  [etl.sos]           · DEBUG     [stdout] 📍 Origen: C:\1\OneDrive - Eficacia\Escritorio\ETLS\BASES\D&P\01. Ventas📍 Origen: C:\1\OneDrive - Eficacia\Escritorio\ETLS\BASES\D&P\02. Impactos
2026-07-14 15:42:26  [etl.nopresencia]   · DEBUG     [stdout] 📍 Origen: C:\1\OneDrive - Eficacia\Escritorio\ETLS\BASES\D&P\01. Ventas📍 Origen: C:\1\OneDrive - Eficacia\Escritorio\ETLS\BASES\D&P\02. Impactos
2026-07-14 15:42:26  [etl.ventas]        · DEBUG     [stdout] 📍 Origen: C:\1\OneDrive - Eficacia\Escritorio\ETLS\BASES\D&P\01. Ventas📍 Origen: C:\1\OneDrive - Eficacia\Escritorio\ETLS\BASES\D&P\02. Impactos
2026-07-14 15:42:26  [etl.impactos]      · DEBUG     [stdout] 📍 Origen: C:\1\OneDrive - Eficacia\Escritorio\ETLS\BASES\D&P\01. Ventas📍 Origen: C:\1\OneDrive - Eficacia\Escritorio\ETLS\BASES\D&P\02. Impactos
2026-07-14 15:42:26  [etl.exhib_pagadas]  · DEBUG     [stdout] 📁 Salida: C:\1\OneDrive - Eficacia\Escritorio\ETLS\SALIDA\D&P\Consolidado_Ventas.csv
2026-07-14 15:42:26  [etl.precios]       · DEBUG     [stdout] 📁 Salida: C:\1\OneDrive - Eficacia\Escritorio\ETLS\SALIDA\D&P\Consolidado_Ventas.csv
2026-07-14 15:42:26  [etl.sos]           · DEBUG     [stdout] 📁 Salida: C:\1\OneDrive - Eficacia\Escritorio\ETLS\SALIDA\D&P\Consolidado_Ventas.csv
2026-07-14 15:42:26  [etl.nopresencia]   · DEBUG     [stdout] 📁 Salida: C:\1\OneDrive - Eficacia\Escritorio\ETLS\SALIDA\D&P\Consolidado_Ventas.csv
2026-07-14 15:42:26  [etl.ventas]        · DEBUG     [stdout] 📁 Salida: C:\1\OneDrive - Eficacia\Escritorio\ETLS\SALIDA\D&P\Consolidado_Ventas.csv
2026-07-14 15:42:26  [etl.impactos]      · DEBUG     [stdout] 📁 Salida: C:\1\OneDrive - Eficacia\Escritorio\ETLS\SALIDA\D&P\Consolidado_Ventas.csv
2026-07-14 15:42:26  [etl.exhib_pagadas]  · DEBUG     [stdout] 📁 Salida: C:\1\OneDrive - Eficacia\Escritorio\ETLS\SALIDA\D&P\Consolidado_Impactos.csv
2026-07-14 15:42:26  [etl.precios]       · DEBUG     [stdout] 📁 Salida: C:\1\OneDrive - Eficacia\Escritorio\ETLS\SALIDA\D&P\Consolidado_Impactos.csv
2026-07-14 15:42:26  [etl.sos]           · DEBUG     [stdout] 📁 Salida: C:\1\OneDrive - Eficacia\Escritorio\ETLS\SALIDA\D&P\Consolidado_Impactos.csv
2026-07-14 15:42:26  [etl.nopresencia]   · DEBUG     [stdout] 📁 Salida: C:\1\OneDrive - Eficacia\Escritorio\ETLS\SALIDA\D&P\Consolidado_Impactos.csv
2026-07-14 15:42:26  [etl.ventas]        · DEBUG     [stdout] 📁 Salida: C:\1\OneDrive - Eficacia\Escritorio\ETLS\SALIDA\D&P\Consolidado_Impactos.csv
2026-07-14 15:42:26  [etl.impactos]      · DEBUG     [stdout] 📁 Salida: C:\1\OneDrive - Eficacia\Escritorio\ETLS\SALIDA\D&P\Consolidado_Impactos.csv
2026-07-14 15:42:26  [etl.exhib_pagadas]  ✓ INFO      [stdout] ✅ Archivos encontrados (2024+): 5
2026-07-14 15:42:26  [etl.precios]       ✓ INFO      [stdout] ✅ Archivos encontrados (2024+): 5
2026-07-14 15:42:26  [etl.sos]           ✓ INFO      [stdout] ✅ Archivos encontrados (2024+): 5
2026-07-14 15:42:26  [etl.nopresencia]   ✓ INFO      [stdout] ✅ Archivos encontrados (2024+): 5
2026-07-14 15:42:26  [etl.ventas]        ✓ INFO      [stdout] ✅ Archivos encontrados (2024+): 5✅ Archivos encontrados (2024+): 5
2026-07-14 15:42:26  [etl.exhib_pagadas]  ✓ INFO      [stdout] ✅ Archivos encontrados (2024+): 5
2026-07-14 15:42:26  [etl.precios]       ✓ INFO      [stdout] ✅ Archivos encontrados (2024+): 5
2026-07-14 15:42:26  [etl.impactos]      ✓ INFO      [stdout] ✅ Archivos encontrados (2024+): 5✅ Archivos encontrados (2024+): 5
2026-07-14 15:42:26  [etl.sos]           ✓ INFO      [stdout] ✅ Archivos encontrados (2024+): 5
2026-07-14 15:42:26  [etl.nopresencia]   ✓ INFO      [stdout] ✅ Archivos encontrados (2024+): 5
2026-07-14 15:42:27  [etl.exhib_pagadas]  · DEBUG     [stdout] Modo upsert — reprocesando: 07. Julio base impactos - cuota.xlsx
2026-07-14 15:42:27  [etl.precios]       · DEBUG     [stdout] Modo upsert — reprocesando: 07. Julio base impactos - cuota.xlsx
2026-07-14 15:42:27  [etl.sos]           · DEBUG     [stdout] Modo upsert — reprocesando: 07. Julio base impactos - cuota.xlsx
2026-07-14 15:42:27  [etl.nopresencia]   · DEBUG     [stdout] Modo upsert — reprocesando: 07. Julio base impactos - cuota.xlsx
2026-07-14 15:42:27  [etl.ventas]        · DEBUG     [stdout] Modo upsert — reprocesando: 07. Julio base impactos - cuota.xlsx
2026-07-14 15:42:27  [etl.impactos]      · DEBUG     [stdout] Modo upsert — reprocesando: 07. Julio base impactos - cuota.xlsx
2026-07-14 15:42:27  [etl.exhib_pagadas]  · DEBUG     [stdout] → Procesando: 07. Julio base impactos - cuota.xlsx
2026-07-14 15:42:27  [etl.precios]       · DEBUG     [stdout] → Procesando: 07. Julio base impactos - cuota.xlsx
2026-07-14 15:42:27  [etl.sos]           · DEBUG     [stdout] → Procesando: 07. Julio base impactos - cuota.xlsx
2026-07-14 15:42:27  [etl.nopresencia]   · DEBUG     [stdout] → Procesando: 07. Julio base impactos - cuota.xlsx
2026-07-14 15:42:27  [etl.ventas]        · DEBUG     [stdout] → Procesando: 07. Julio base impactos - cuota.xlsx
2026-07-14 15:42:27  [etl.impactos]      · DEBUG     [stdout] → Procesando: 07. Julio base impactos - cuota.xlsx
2026-07-14 15:42:27  [etl.exhib_pagadas]  ✓ INFO      [stdout] ✅ Consolidado guardado: C:\1\OneDrive - Eficacia\Escritorio\ETLS\SALIDA\D&P\Consolidado_Impactos.csv  (272 filas)
2026-07-14 15:42:27  [etl.precios]       ✓ INFO      [stdout] ✅ Consolidado guardado: C:\1\OneDrive - Eficacia\Escritorio\ETLS\SALIDA\D&P\Consolidado_Impactos.csv  (272 filas)
2026-07-14 15:42:27  [etl.sos]           ✓ INFO      [stdout] ✅ Consolidado guardado: C:\1\OneDrive - Eficacia\Escritorio\ETLS\SALIDA\D&P\Consolidado_Impactos.csv  (272 filas)
2026-07-14 15:42:27  [etl.nopresencia]   ✓ INFO      [stdout] ✅ Consolidado guardado: C:\1\OneDrive - Eficacia\Escritorio\ETLS\SALIDA\D&P\Consolidado_Impactos.csv  (272 filas)
2026-07-14 15:42:27  [etl.ventas]        ✓ INFO      [stdout] ✅ Consolidado guardado: C:\1\OneDrive - Eficacia\Escritorio\ETLS\SALIDA\D&P\Consolidado_Impactos.csv  (272 filas)
2026-07-14 15:42:27  [etl.impactos]      ✓ INFO      [stdout] ✅ Consolidado guardado: C:\1\OneDrive - Eficacia\Escritorio\ETLS\SALIDA\D&P\Consolidado_Impactos.csv  (272 filas)
2026-07-14 15:42:27  [etl.impactos]      ✓ INFO      ETL Impactos D&P — completado (272 filas en consolidado)
2026-07-14 15:42:28  [etl.impactos]      ✓ INFO      Duración total: 1.4s
2026-07-14 15:42:28  [etl.impactos_segmentos]  ✓ INFO      ────────────────────────────────────────────────────────
2026-07-14 15:42:28  [etl.impactos_segmentos]  ✓ INFO      ETL Impactos por Segmento — iniciando
2026-07-14 15:42:28  [etl.exhib_pagadas]  · DEBUG     [stdout] =======================================================
2026-07-14 15:42:28  [etl.precios]       · DEBUG     [stdout] =======================================================
2026-07-14 15:42:28  [etl.sos]           · DEBUG     [stdout] =======================================================
2026-07-14 15:42:28  [etl.nopresencia]   · DEBUG     [stdout] =======================================================
2026-07-14 15:42:28  [etl.ventas]        · DEBUG     [stdout] =======================================================
2026-07-14 15:42:28  [etl.impactos_segmentos]  · DEBUG     [stdout] =======================================================
2026-07-14 15:42:28  [etl.exhib_pagadas]  · DEBUG     [stdout] ETL — Impacto por Segmento (V2)
2026-07-14 15:42:28  [etl.precios]       · DEBUG     [stdout] ETL — Impacto por Segmento (V2)
2026-07-14 15:42:28  [etl.sos]           · DEBUG     [stdout] ETL — Impacto por Segmento (V2)
2026-07-14 15:42:28  [etl.nopresencia]   · DEBUG     [stdout] ETL — Impacto por Segmento (V2)
2026-07-14 15:42:28  [etl.ventas]        · DEBUG     [stdout] ETL — Impacto por Segmento (V2)
2026-07-14 15:42:28  [etl.impactos_segmentos]  · DEBUG     [stdout] ETL — Impacto por Segmento (V2)
2026-07-14 15:42:28  [etl.exhib_pagadas]  · DEBUG     [stdout] =======================================================
2026-07-14 15:42:28  [etl.precios]       · DEBUG     [stdout] =======================================================
2026-07-14 15:42:28  [etl.sos]           · DEBUG     [stdout] =======================================================
2026-07-14 15:42:28  [etl.nopresencia]   · DEBUG     [stdout] =======================================================
2026-07-14 15:42:28  [etl.ventas]        · DEBUG     [stdout] =======================================================
2026-07-14 15:42:28  [etl.impactos_segmentos]  · DEBUG     [stdout] =======================================================
2026-07-14 15:42:28  [etl.exhib_pagadas]  · DEBUG     [stdout] [1/5] Cargando rutero...
2026-07-14 15:42:28  [etl.precios]       · DEBUG     [stdout] [1/5] Cargando rutero...
2026-07-14 15:42:28  [etl.sos]           · DEBUG     [stdout] [1/5] Cargando rutero...
2026-07-14 15:42:28  [etl.nopresencia]   · DEBUG     [stdout] [1/5] Cargando rutero...
2026-07-14 15:42:28  [etl.ventas]        · DEBUG     [stdout] [1/5] Cargando rutero...
2026-07-14 15:42:28  [etl.impactos_segmentos]  · DEBUG     [stdout] [1/5] Cargando rutero...
2026-07-14 15:42:33  [etl.precios]       ✓ INFO      PT filtrado persistido: 191 PDVs únicos — periodo JULIO_2026
2026-07-14 15:42:34  [etl.exhib_pagadas]  · DEBUG     [stdout] --- PASO 2: Cruzando Capturas por Categorías (JULIO_2026) ---
2026-07-14 15:42:34  [etl.precios]       · DEBUG     [stdout] --- PASO 2: Cruzando Capturas por Categorías (JULIO_2026) ---
2026-07-14 15:42:34  [etl.sos]           · DEBUG     [stdout] --- PASO 2: Cruzando Capturas por Categorías (JULIO_2026) ---
2026-07-14 15:42:34  [etl.nopresencia]   · DEBUG     [stdout] --- PASO 2: Cruzando Capturas por Categorías (JULIO_2026) ---
2026-07-14 15:42:34  [etl.ventas]        · DEBUG     [stdout] --- PASO 2: Cruzando Capturas por Categorías (JULIO_2026) ---
2026-07-14 15:42:34  [etl.impactos_segmentos]  · DEBUG     [stdout] --- PASO 2: Cruzando Capturas por Categorías (JULIO_2026) ---
2026-07-14 15:42:34  [etl.exhib_pagadas]  · DEBUG     [stdout] Encuestas: Respuestas Precios Julio 2026.xlsx
2026-07-14 15:42:34  [etl.precios]       · DEBUG     [stdout] Encuestas: Respuestas Precios Julio 2026.xlsx
2026-07-14 15:42:34  [etl.sos]           · DEBUG     [stdout] Encuestas: Respuestas Precios Julio 2026.xlsx
2026-07-14 15:42:34  [etl.nopresencia]   · DEBUG     [stdout] Encuestas: Respuestas Precios Julio 2026.xlsx
2026-07-14 15:42:34  [etl.ventas]        · DEBUG     [stdout] Encuestas: Respuestas Precios Julio 2026.xlsx
2026-07-14 15:42:34  [etl.impactos_segmentos]  · DEBUG     [stdout] Encuestas: Respuestas Precios Julio 2026.xlsx
2026-07-14 15:42:36  [etl.sos]           ✓ INFO      PT filtrado persistido: 742 PDVs únicos
2026-07-14 15:42:36  [etl.sos]           ✓ INFO      10 archivo(s) de encuesta SOS encontrado(s)
2026-07-14 15:42:36  [etl.exhib_pagadas]  · DEBUG     [stdout] --- PASO 2: Consolidando Encuestas SOS  (Julio_2026) ---
2026-07-14 15:42:36  [etl.precios]       · DEBUG     [stdout] --- PASO 2: Consolidando Encuestas SOS  (Julio_2026) ---
2026-07-14 15:42:36  [etl.sos]           · DEBUG     [stdout] --- PASO 2: Consolidando Encuestas SOS  (Julio_2026) ---
2026-07-14 15:42:36  [etl.nopresencia]   · DEBUG     [stdout] --- PASO 2: Consolidando Encuestas SOS  (Julio_2026) ---
2026-07-14 15:42:36  [etl.ventas]        · DEBUG     [stdout] --- PASO 2: Consolidando Encuestas SOS  (Julio_2026) ---
2026-07-14 15:42:36  [etl.impactos_segmentos]  · DEBUG     [stdout] --- PASO 2: Consolidando Encuestas SOS  (Julio_2026) ---
2026-07-14 15:42:36  [etl.exhib_pagadas]  ✓ INFO      [stdout] ✓ Respuestas SOS Julio 2026.xlsx
2026-07-14 15:42:36  [etl.precios]       ✓ INFO      [stdout] ✓ Respuestas SOS Julio 2026.xlsx
2026-07-14 15:42:36  [etl.sos]           ✓ INFO      [stdout] ✓ Respuestas SOS Julio 2026.xlsx
2026-07-14 15:42:36  [etl.nopresencia]   ✓ INFO      [stdout] ✓ Respuestas SOS Julio 2026.xlsx
2026-07-14 15:42:36  [etl.ventas]        ✓ INFO      [stdout] ✓ Respuestas SOS Julio 2026.xlsx
2026-07-14 15:42:36  [etl.impactos_segmentos]  ✓ INFO      [stdout] ✓ Respuestas SOS Julio 2026.xlsx
2026-07-14 15:42:36  [etl.exhib_pagadas]  ✓ INFO      [stdout] ✓ Respuestas SOS Baby Julio 2026.xlsx
2026-07-14 15:42:37  [etl.precios]       ✓ INFO      [stdout] ✓ Respuestas SOS Baby Julio 2026.xlsx
2026-07-14 15:42:37  [etl.sos]           ✓ INFO      [stdout] ✓ Respuestas SOS Baby Julio 2026.xlsx
2026-07-14 15:42:37  [etl.nopresencia]   ✓ INFO      [stdout] ✓ Respuestas SOS Baby Julio 2026.xlsx
2026-07-14 15:42:37  [etl.ventas]        ✓ INFO      [stdout] ✓ Respuestas SOS Baby Julio 2026.xlsx
2026-07-14 15:42:37  [etl.impactos_segmentos]  ✓ INFO      [stdout] ✓ Respuestas SOS Baby Julio 2026.xlsx
