2026-07-30 10:23:47  [etl.sistema]       ✓ INFO      Logging inicializado — archivo: C:\1\OneDrive - Eficacia\Escritorio\ETLS\SCRIPTS\logs\ejecucion_202607_20260730_102347.log
2026-07-30 10:23:47  [etl.orquestador]   ✓ INFO      Run ID compartido para esta corrida: 20260730T102347_1129e7
2026-07-30 10:23:47  [etl.orquestador]   ✓ INFO      ════════════════════════════════════════════════════════
2026-07-30 10:23:47  [etl.orquestador]   ✓ INFO      ORQUESTADOR ETLs — Eficacia
2026-07-30 10:23:47  [etl.orquestador]   ✓ INFO      Inicio: 2026-07-30 10:23:47
2026-07-30 10:23:47  [etl.orquestador]   ✓ INFO      Run ID: 20260730T102347_1129e7
2026-07-30 10:23:47  [etl.orquestador]   ✓ INFO      Periodo: Julio_2026 (07/2026)
2026-07-30 10:23:47  [etl.orquestador]   ✓ INFO      ETLs seleccionados: ['precios']
2026-07-30 10:23:47  [etl.orquestador]   ✓ INFO      Workers paralelos: 6
2026-07-30 10:23:47  [etl.orquestador]   ✓ INFO      Skip si cached: False
2026-07-30 10:23:47  [etl.orquestador]   ✓ INFO      ════════════════════════════════════════════════════════
2026-07-30 10:23:47  [etl.shared_loader]  ✓ INFO      PT Directo detectado: Plan de trabajo Directo Julio 2026.xlsx
2026-07-30 10:23:47  [etl.shared_loader]  ✓ INFO      PT ISM detectado: Plan de trabajo ISM Julio 2026.xlsx
2026-07-30 10:23:47  [etl.shared_loader]  ✓ INFO      ━━━━━━━━━━━━━━━━━━━━━━━━━━━━━━━━━━━━━━━━━━━━━━━━━━
2026-07-30 10:23:47  [etl.shared_loader]  ✓ INFO      Iniciando carga compartida del Plan de Trabajo
2026-07-30 10:23:47  [etl.shared_loader]  ✓ INFO      ━━━━━━━━━━━━━━━━━━━━━━━━━━━━━━━━━━━━━━━━━━━━━━━━━━
2026-07-30 10:23:50  [etl.shared_loader]  ✓ INFO      [DIRECTO] 8,601 filas PT  |  3,262 filas módulos cargadas
2026-07-30 10:23:51  [etl.shared_loader]  ✓ INFO      [ISM] 2,530 filas PT  |  888 filas módulos cargadas
2026-07-30 10:23:51  [etl.shared_loader]  ✓ INFO      PT consolidado: 11,131 filas totales
2026-07-30 10:23:51  [etl.shared_loader]  ✓ INFO      Periodo forzado por el caller: Mes 7 | Año 2026
2026-07-30 10:23:51  [etl.shared_loader]  ✓ INFO      Aplicando filtros por módulo
2026-07-30 10:23:51  [etl.shared_loader]  ✓ INFO      [DIRECTO] Módulo 'no_presencia': 5,073 filas retenidas
2026-07-30 10:23:51  [etl.shared_loader]  ✓ INFO      [ISM] Módulo 'no_presencia': 980 filas retenidas
2026-07-30 10:23:51  [etl.shared_loader]  ⚠ WARNING   [DIRECTO] Módulo 'precios': el filtro devolvió 0 filas (columna 'PRECIOS' sin valores = 1, o IDs sin coincidencia en el PT)
2026-07-30 10:23:51  [etl.shared_loader]  ✓ INFO      [ISM] Módulo 'precios': 791 filas retenidas
2026-07-30 10:23:51  [etl.shared_loader]  ✓ INFO      [DIRECTO] Módulo 'sos': 4,084 filas retenidas
2026-07-30 10:23:51  [etl.shared_loader]  ✓ INFO      [ISM] Módulo 'sos': 759 filas retenidas
2026-07-30 10:23:51  [etl.shared_loader]  ✓ INFO      Carga compartida completada
2026-07-30 10:23:51  [etl.orquestador]   ✓ INFO      shared_loader completado en 4.1s
2026-07-30 10:23:51  [etl.orquestador]   ✓ INFO      ────────────────────────────────────────────────────────
2026-07-30 10:23:51  [etl.orquestador]   ✓ INFO      FASE 1 — Lanzando 1 ETLs en paralelo (0 skipped)
2026-07-30 10:23:51  [etl.orquestador]   ✓ INFO      ────────────────────────────────────────────────────────
2026-07-30 10:23:51  [etl.precios]       ✓ INFO      ────────────────────────────────────────────────────────
2026-07-30 10:23:51  [etl.precios]       ✓ INFO      ETL Precios — iniciando
2026-07-30 10:23:54  [etl.precios]       ✓ INFO      PT filtrado persistido: 191 PDVs únicos — periodo JULIO_2026
2026-07-30 10:23:54  [etl.precios]       · DEBUG     [stdout] --- PASO 2: Cruzando Capturas por Categorías (JULIO_2026) ---
2026-07-30 10:24:08  [etl.precios]       ✓ INFO      [stdout] ✅ SHAREPOINT: Archivo guardado con éxito -> Equipo Información/BI/INVOLVES/SALIDAS/PRECIOS/REPORTE_CAPTURA_PRECIOS_JULIO_2026.xlsx
2026-07-30 10:24:08  [etl.precios]       ✓ INFO      [stdout] ✅ Reporte capturas unificado generado en SharePoint.
2026-07-30 10:24:08  [etl.precios]       ✓ INFO      Reporte de captura de precios generado
2026-07-30 10:24:08  [etl.precios]       · DEBUG     [stdout] --- PASO 3: Generando Análisis Detallado (JULIO_2026) ---
2026-07-30 10:24:24  [etl.precios]       ✓ INFO      [stdout] ✅ SHAREPOINT: Archivo guardado con éxito -> Equipo Información/BI/INVOLVES/SALIDAS/PRECIOS/ANALISIS_PRECIOS_JULIO_2026.xlsx
2026-07-30 10:24:24  [etl.precios]       ✓ INFO      [stdout] ✅ Análisis detallado guardado en SharePoint.
2026-07-30 10:24:24  [etl.precios]       ✓ INFO      Análisis detallado de precios generado
2026-07-30 10:24:24  [etl.precios]       · DEBUG     [stdout] --- PASO KPI (V3): RESUMEN PRECIOS por gestor  (Julio_2026) ---
2026-07-30 10:24:26  [etl.precios]       · DEBUG     [stdout] Leyendo desde cloud: REPORTE_CAPTURA_PRECIOS_JULIO_2026.xlsx (191 filas)
2026-07-30 10:24:26  [etl.precios]       ✓ INFO      [stdout] ✅ Mes activo: 33 gestores.
2026-07-30 10:24:28  [etl.precios]       ✓ INFO      [stdout] ✅ SHAREPOINT: Archivo guardado con éxito -> Equipo Información/BI/INVOLVES/SALIDAS/PRECIOS/PRECIOS_KPIS.xlsx
2026-07-30 10:24:28  [etl.precios]       · DEBUG     [stdout] 🚀 Preparando cargue del KPI de Precios consolidado a Supabase...
2026-07-30 10:24:28  [etl.precios]       ✗ ERROR     [stdout] ⚠ ERROR REAL EN CARGA SUPABASE: Index(['empleado'], dtype='object')
2026-07-30 10:24:28  [etl.precios]       ✓ INFO      KPI precios consolidado
2026-07-30 10:24:28  [etl.precios]       ✓ INFO      ETL Precios — completado
2026-07-30 10:24:28  [etl.precios]       ✓ INFO      Duración total: 37.0s
2026-07-30 10:24:28  [etl.orquestador]   ✓ INFO      ETL 'precios' terminó — ✓ OK en 37.0s
2026-07-30 10:24:28  [etl.orquestador]   ✓ INFO      ════════════════════════════════════════════════════════
2026-07-30 10:24:28  [etl.orquestador]   ✓ INFO      REPORTE DE EJECUCIÓN
2026-07-30 10:24:28  [etl.orquestador]   ✓ INFO      ════════════════════════════════════════════════════════
2026-07-30 10:24:28  [etl.orquestador]   ✓ INFO        ETL                    Estado           Tiempo
2026-07-30 10:24:28  [etl.orquestador]   ✓ INFO        ────────────────────── ────────────── ────────
2026-07-30 10:24:28  [etl.orquestador]   ✓ INFO        precios                ✓ OK              37.0s
2026-07-30 10:24:28  [etl.orquestador]   ✓ INFO        ────────────────────── ────────────── ────────
2026-07-30 10:24:28  [etl.orquestador]   ✓ INFO        shared_loader          ✓ OK               4.1s
2026-07-30 10:24:28  [etl.orquestador]   ✓ INFO        TOTAL (paralelo)                         41.2s
2026-07-30 10:24:28  [etl.orquestador]   ✓ INFO        Sin paralelismo (est.)                   41.1s
2026-07-30 10:24:28  [etl.orquestador]   ✓ INFO        Ahorro estimado                          -0.0s
2026-07-30 10:24:28  [etl.orquestador]   ✓ INFO      ────────────────────────────────────────────────────────
2026-07-30 10:24:28  [etl.orquestador]   ✓ INFO      Eventos: 0 CRITICAL  |  1 ERROR  |  1 WARNING
2026-07-30 10:24:28  [etl.orquestador]   ✓ INFO      ························································
2026-07-30 10:24:28  [etl.orquestador]   ✓ INFO        ERROR (1)
2026-07-30 10:24:28  [etl.orquestador]   ✓ INFO      ························································
2026-07-30 10:24:28  [etl.orquestador]   ✓ INFO        10:24:28  [precios]           [stdout] ⚠ ERROR REAL EN CARGA SUPABASE: Index(['empleado'], dtype='object')
2026-07-30 10:24:28  [etl.orquestador]   ✓ INFO      ························································
2026-07-30 10:24:28  [etl.orquestador]   ✓ INFO        WARNING (1)
2026-07-30 10:24:28  [etl.orquestador]   ✓ INFO      ························································
2026-07-30 10:24:28  [etl.orquestador]   ✓ INFO        10:23:51  [shared_loader]     [DIRECTO] Módulo 'precios': el filtro devolvió 0 filas (columna 'PRECIOS' sin valores = 1, o IDs sin coincidencia en el PT)
2026-07-30 10:24:28  [etl.orquestador]   ✓ INFO      ════════════════════════════════════════════════════════
2026-07-30 10:24:28  [etl.orquestador]   ✓ INFO      Log completo guardado en: C:\1\OneDrive - Eficacia\Escritorio\ETLS\SCRIPTS\logs\ejecucion_202607_20260730_102347.log
2026-07-30 10:24:28  [etl.orquestador]   ✓ INFO      Fin: 2026-07-30 10:24:28
2026-07-30 10:24:28  [etl.orquestador]   ✓ INFO      ════════════════════════════════════════════════════════
