2026-05-06 12:22:59  [etl.sistema]       ✓ INFO      Logging inicializado — archivo: C:\Users\Usuario\OneDrive - Universidad de los Andes\Escritorio\PROYECTO_EFICACIA\SCRIPTS\logs\ejecucion_20260506_122259.log
2026-05-06 12:22:59  [etl.orquestador]   ✓ INFO      ════════════════════════════════════════════════════════
2026-05-06 12:22:59  [etl.orquestador]   ✓ INFO      ORQUESTADOR ETLs — Eficacia
2026-05-06 12:22:59  [etl.orquestador]   ✓ INFO      Inicio: 2026-05-06 12:22:59
2026-05-06 12:22:59  [etl.orquestador]   ✓ INFO      ETLs seleccionados: ['impactos_segmentos']
2026-05-06 12:22:59  [etl.orquestador]   ✓ INFO      Workers paralelos: 6
2026-05-06 12:22:59  [etl.orquestador]   ✓ INFO      ════════════════════════════════════════════════════════
2026-05-06 12:22:59  [etl.shared_loader]  ✓ INFO      ━━━━━━━━━━━━━━━━━━━━━━━━━━━━━━━━━━━━━━━━━━━━━━━━━━
2026-05-06 12:22:59  [etl.shared_loader]  ✓ INFO      Iniciando carga compartida del Plan de Trabajo
2026-05-06 12:22:59  [etl.shared_loader]  ✓ INFO      ━━━━━━━━━━━━━━━━━━━━━━━━━━━━━━━━━━━━━━━━━━━━━━━━━━
2026-05-06 12:23:04  [etl.shared_loader]  ✓ INFO      [DIRECTO] 8,764 filas PT  |  3,319 filas módulos cargadas
2026-05-06 12:23:06  [etl.shared_loader]  ✓ INFO      [ISM] 2,606 filas PT  |  872 filas módulos cargadas
2026-05-06 12:23:06  [etl.shared_loader]  ✓ INFO      PT consolidado: 11,370 filas totales
2026-05-06 12:23:06  [etl.shared_loader]  ✓ INFO      Periodo detectado en el PT: Mes 4 | Año 2026
2026-05-06 12:23:06  [etl.shared_loader]  ✓ INFO      Aplicando filtros por módulo
2026-05-06 12:23:06  [etl.shared_loader]  ✓ INFO      [DIRECTO] Módulo 'no_presencia': 5,192 filas retenidas
2026-05-06 12:23:06  [etl.shared_loader]  ✓ INFO      [ISM] Módulo 'no_presencia': 1,044 filas retenidas
2026-05-06 12:23:06  [etl.shared_loader]  ⚠ WARNING   [DIRECTO] Módulo 'precios': el filtro devolvió 0 filas (columna 'PRECIOS' sin valores = 1, o IDs sin coincidencia en el PT)
2026-05-06 12:23:06  [etl.shared_loader]  ✓ INFO      [ISM] Módulo 'precios': 810 filas retenidas
2026-05-06 12:23:06  [etl.shared_loader]  ✓ INFO      [DIRECTO] Módulo 'sos': 3,175 filas retenidas
2026-05-06 12:23:06  [etl.shared_loader]  ✓ INFO      [ISM] Módulo 'sos': 750 filas retenidas
2026-05-06 12:23:06  [etl.shared_loader]  ✓ INFO      Carga compartida completada
2026-05-06 12:23:06  [etl.orquestador]   ✓ INFO      shared_loader completado en 6.8s
2026-05-06 12:23:06  [etl.orquestador]   ✓ INFO      ────────────────────────────────────────────────────────
2026-05-06 12:23:06  [etl.orquestador]   ✓ INFO      FASE 1 — Lanzando 1 ETLs en paralelo
2026-05-06 12:23:06  [etl.orquestador]   ✓ INFO      ────────────────────────────────────────────────────────
2026-05-06 12:23:06  [etl.impactos_segmentos]  ✓ INFO      ────────────────────────────────────────────────────────
2026-05-06 12:23:06  [etl.impactos_segmentos]  ✓ INFO      ETL Impactos por Segmento — iniciando
2026-05-06 12:23:06  [etl.impactos_segmentos]  · DEBUG     [stdout] =======================================================
2026-05-06 12:23:06  [etl.impactos_segmentos]  · DEBUG     [stdout] ETL — Impacto por Segmento
2026-05-06 12:23:06  [etl.impactos_segmentos]  · DEBUG     [stdout] =======================================================
2026-05-06 12:23:06  [etl.impactos_segmentos]  · DEBUG     [stdout] [1/4] Cargando rutero...
2026-05-06 12:23:18  [etl.impactos_segmentos]  · DEBUG     [stdout] 11,842 PDVs en el rutero
2026-05-06 12:23:18  [etl.impactos_segmentos]  · DEBUG     [stdout] [2/4] Cargando listas de referencia...
2026-05-06 12:23:19  [etl.impactos_segmentos]  · DEBUG     [stdout] MustStock      :  63 EANs | todos los PDVs del rutero
2026-05-06 12:23:19  [etl.impactos_segmentos]  · DEBUG     [stdout] ListSant       :   1 EANs | 880 PDVs target
2026-05-06 12:23:19  [etl.impactos_segmentos]  · DEBUG     [stdout] DoyPackBaby    :   2 EANs | 1,515 PDVs target
2026-05-06 12:23:19  [etl.impactos_segmentos]  · DEBUG     [stdout] CremasBaby     :   1 EANs | 344 PDVs target
2026-05-06 12:23:19  [etl.impactos_segmentos]  · DEBUG     [stdout] [3/4] Cargando ventas desde el consolidado...
2026-05-06 12:23:19  [etl.impactos_segmentos]  · DEBUG     [stdout] Leyendo consolidado: C:\Users\Usuario\OneDrive - Universidad de los Andes\Escritorio\PROYECTO_EFICACIA\SALIDA\D&P\Consolidado_Ventas.csv
2026-05-06 12:23:20  [etl.impactos_segmentos]  · DEBUG     [stdout] 81,801 registros (PDV × EAN × periodo)
2026-05-06 12:23:20  [etl.impactos_segmentos]  · DEBUG     [stdout] Período más reciente: Abril-2026
2026-05-06 12:23:20  [etl.impactos_segmentos]  · DEBUG     [stdout] [4/4] Construyendo BDs de impacto...
2026-05-06 12:23:20  [etl.impactos_segmentos]  · DEBUG     [stdout] → MustStock...
2026-05-06 12:23:21  [etl.impactos_segmentos]  · DEBUG     [stdout] → ListSant...
2026-05-06 12:23:21  [etl.impactos_segmentos]  · DEBUG     [stdout] → DoyPackBaby...
2026-05-06 12:23:21  [etl.impactos_segmentos]  · DEBUG     [stdout] → CremasBaby...
2026-05-06 12:23:46  [etl.impactos_segmentos]  ✓ INFO      [stdout] ✅ Archivo generado: C:\Users\Usuario\OneDrive - Universidad de los Andes\Escritorio\PROYECTO_EFICACIA\SALIDA\D&P\impacto_segmentos.xlsx
2026-05-06 12:23:46  [etl.impactos_segmentos]  · DEBUG     [stdout] Resumen por hoja (período Abril-2026):
2026-05-06 12:23:46  [etl.impactos_segmentos]  · DEBUG     [stdout] Segmento            PDVs   Con impacto   Sin impacto
2026-05-06 12:23:46  [etl.impactos_segmentos]  · DEBUG     [stdout] -------------------------------------------------------
2026-05-06 12:23:46  [etl.impactos_segmentos]  · DEBUG     [stdout] MustStock         11,842         4,661         7,181
2026-05-06 12:23:46  [etl.impactos_segmentos]  · DEBUG     [stdout] ListSant             868           125           743
2026-05-06 12:23:46  [etl.impactos_segmentos]  · DEBUG     [stdout] DoyPackBaby        1,497            19         1,478
2026-05-06 12:23:46  [etl.impactos_segmentos]  · DEBUG     [stdout] CremasBaby           342            69           273
2026-05-06 12:23:46  [etl.impactos_segmentos]  ✓ INFO      ETL Impactos por Segmento — completado
2026-05-06 12:23:46  [etl.impactos_segmentos]  ✓ INFO      Duración total: 40.1s
2026-05-06 12:23:46  [etl.orquestador]   ✓ INFO      ETL 'impactos_segmentos' terminó — ✓ OK en 40.1s
2026-05-06 12:23:46  [etl.orquestador]   ✓ INFO      ════════════════════════════════════════════════════════
2026-05-06 12:23:46  [etl.orquestador]   ✓ INFO      REPORTE DE EJECUCIÓN
2026-05-06 12:23:46  [etl.orquestador]   ✓ INFO      ════════════════════════════════════════════════════════
2026-05-06 12:23:46  [etl.orquestador]   ✓ INFO        ETL                    Estado           Tiempo
2026-05-06 12:23:46  [etl.orquestador]   ✓ INFO        ────────────────────── ────────────── ────────
2026-05-06 12:23:46  [etl.orquestador]   ✓ INFO        impactos_segmentos     ✓ OK              40.1s
2026-05-06 12:23:46  [etl.orquestador]   ✓ INFO        ────────────────────── ────────────── ────────
2026-05-06 12:23:46  [etl.orquestador]   ✓ INFO        shared_loader          ✓ OK               6.8s
2026-05-06 12:23:46  [etl.orquestador]   ✓ INFO        TOTAL (paralelo)                         46.9s
2026-05-06 12:23:46  [etl.orquestador]   ✓ INFO        Sin paralelismo (est.)                   46.9s
2026-05-06 12:23:46  [etl.orquestador]   ✓ INFO        Ahorro estimado                          -0.0s
2026-05-06 12:23:46  [etl.orquestador]   ✓ INFO      ────────────────────────────────────────────────────────
2026-05-06 12:23:46  [etl.orquestador]   ✓ INFO      Eventos: 0 CRITICAL  |  0 ERROR  |  1 WARNING
2026-05-06 12:23:46  [etl.orquestador]   ✓ INFO      ························································
2026-05-06 12:23:46  [etl.orquestador]   ✓ INFO        WARNING (1)
2026-05-06 12:23:46  [etl.orquestador]   ✓ INFO      ························································
2026-05-06 12:23:46  [etl.orquestador]   ✓ INFO        12:23:06  [shared_loader]     [DIRECTO] Módulo 'precios': el filtro devolvió 0 filas (columna 'PRECIOS' sin valores = 1, o IDs sin coincidencia en el PT)
2026-05-06 12:23:46  [etl.orquestador]   ✓ INFO      ════════════════════════════════════════════════════════
2026-05-06 12:23:46  [etl.orquestador]   ✓ INFO      Log completo guardado en: C:\Users\Usuario\OneDrive - Universidad de los Andes\Escritorio\PROYECTO_EFICACIA\SCRIPTS\logs\ejecucion_20260506_122259.log
2026-05-06 12:23:46  [etl.orquestador]   ✓ INFO      Fin: 2026-05-06 12:23:46
2026-05-06 12:23:46  [etl.orquestador]   ✓ INFO      ════════════════════════════════════════════════════════
