2026-07-29 10:42:37  [etl.sistema]       ✓ INFO      Logging inicializado — archivo: C:\1\OneDrive - Eficacia\Escritorio\ETLS\SCRIPTS\logs\ejecucion_202607_20260729_104237.log
2026-07-29 10:42:37  [etl.orquestador]   ✓ INFO      Run ID compartido para esta corrida: 20260729T104237_119727
2026-07-29 10:42:37  [etl.orquestador]   ✓ INFO      ════════════════════════════════════════════════════════
2026-07-29 10:42:37  [etl.orquestador]   ✓ INFO      ORQUESTADOR ETLs — Eficacia
2026-07-29 10:42:37  [etl.orquestador]   ✓ INFO      Inicio: 2026-07-29 10:42:37
2026-07-29 10:42:37  [etl.orquestador]   ✓ INFO      Run ID: 20260729T104237_119727
2026-07-29 10:42:37  [etl.orquestador]   ✓ INFO      Periodo: Julio_2026 (07/2026)
2026-07-29 10:42:37  [etl.orquestador]   ✓ INFO      ETLs seleccionados: ['cif', 'nopresencia', 'precios', 'sos', 'exhib_pagadas', 'exhib_gratis', 'ventas', 'impactos', 'impactos_segmentos']
2026-07-29 10:42:37  [etl.orquestador]   ✓ INFO      Workers paralelos: 6
2026-07-29 10:42:37  [etl.orquestador]   ✓ INFO      Skip si cached: False
2026-07-29 10:42:37  [etl.orquestador]   ✓ INFO      ════════════════════════════════════════════════════════
2026-07-29 10:42:37  [etl.shared_loader]  ✓ INFO      PT Directo detectado: Plan de trabajo Directo Julio 2026.xlsx
2026-07-29 10:42:37  [etl.shared_loader]  ✓ INFO      PT ISM detectado: Plan de trabajo ISM Julio 2026.xlsx
2026-07-29 10:42:37  [etl.shared_loader]  ✓ INFO      ━━━━━━━━━━━━━━━━━━━━━━━━━━━━━━━━━━━━━━━━━━━━━━━━━━
2026-07-29 10:42:37  [etl.shared_loader]  ✓ INFO      Iniciando carga compartida del Plan de Trabajo
2026-07-29 10:42:37  [etl.shared_loader]  ✓ INFO      ━━━━━━━━━━━━━━━━━━━━━━━━━━━━━━━━━━━━━━━━━━━━━━━━━━
2026-07-29 10:42:40  [etl.shared_loader]  ✓ INFO      [DIRECTO] 8,601 filas PT  |  3,262 filas módulos cargadas
2026-07-29 10:42:41  [etl.shared_loader]  ✓ INFO      [ISM] 2,530 filas PT  |  888 filas módulos cargadas
2026-07-29 10:42:41  [etl.shared_loader]  ✓ INFO      PT consolidado: 11,131 filas totales
2026-07-29 10:42:41  [etl.shared_loader]  ✓ INFO      Periodo forzado por el caller: Mes 7 | Año 2026
2026-07-29 10:42:41  [etl.shared_loader]  ✓ INFO      Aplicando filtros por módulo
2026-07-29 10:42:41  [etl.shared_loader]  ✓ INFO      [DIRECTO] Módulo 'no_presencia': 5,073 filas retenidas
2026-07-29 10:42:41  [etl.shared_loader]  ✓ INFO      [ISM] Módulo 'no_presencia': 980 filas retenidas
2026-07-29 10:42:41  [etl.shared_loader]  ⚠ WARNING   [DIRECTO] Módulo 'precios': el filtro devolvió 0 filas (columna 'PRECIOS' sin valores = 1, o IDs sin coincidencia en el PT)
2026-07-29 10:42:41  [etl.shared_loader]  ✓ INFO      [ISM] Módulo 'precios': 791 filas retenidas
2026-07-29 10:42:41  [etl.shared_loader]  ✓ INFO      [DIRECTO] Módulo 'sos': 4,084 filas retenidas
2026-07-29 10:42:41  [etl.shared_loader]  ✓ INFO      [ISM] Módulo 'sos': 759 filas retenidas
2026-07-29 10:42:41  [etl.shared_loader]  ✓ INFO      Carga compartida completada
2026-07-29 10:42:41  [etl.orquestador]   ✓ INFO      shared_loader completado en 3.6s
2026-07-29 10:42:41  [etl.orquestador]   ✓ INFO      ────────────────────────────────────────────────────────
2026-07-29 10:42:41  [etl.orquestador]   ✓ INFO      FASE 1 — Lanzando 9 ETLs en paralelo (0 skipped)
2026-07-29 10:42:41  [etl.orquestador]   ✓ INFO      ────────────────────────────────────────────────────────
2026-07-29 10:42:41  [etl.exhib_pagadas]  ✓ INFO      ────────────────────────────────────────────────────────
2026-07-29 10:42:41  [etl.exhib_pagadas]  ✓ INFO      ETL Exhibiciones Pagadas — iniciando
2026-07-29 10:42:41  [etl.precios]       ✓ INFO      ────────────────────────────────────────────────────────
2026-07-29 10:42:41  [etl.precios]       ✓ INFO      ETL Precios — iniciando
2026-07-29 10:42:41  [etl.exhib_gratis]  ✓ INFO      ────────────────────────────────────────────────────────
2026-07-29 10:42:41  [etl.exhib_gratis]  ✓ INFO      ETL Exhibiciones Gratis — iniciando
2026-07-29 10:42:41  [etl.exhib_pagadas]  · DEBUG     [stdout] ── Resolviendo fuentes en SharePoint (Julio_2026) ─
2026-07-29 10:42:41  [etl.precios]       · DEBUG     [stdout] ── Resolviendo fuentes en SharePoint (Julio_2026) ─
2026-07-29 10:42:41  [etl.exhib_gratis]  · DEBUG     [stdout] ── Resolviendo fuentes en SharePoint (Julio_2026) ─
2026-07-29 10:42:41  [etl.exhib_pagadas]  · DEBUG     [stdout] ☁️ [NUBE / AZURE API] Rutas aplicadas para el periodo Julio_2026:
2026-07-29 10:42:41  [etl.precios]       · DEBUG     [stdout] ☁️ [NUBE / AZURE API] Rutas aplicadas para el periodo Julio_2026:
2026-07-29 10:42:41  [etl.exhib_gratis]  · DEBUG     [stdout] ☁️ [NUBE / AZURE API] Rutas aplicadas para el periodo Julio_2026:
2026-07-29 10:42:41  [etl.exhib_pagadas]  · DEBUG     [stdout] [informar] 1 archivo(s):
2026-07-29 10:42:41  [etl.precios]       · DEBUG     [stdout] [informar] 1 archivo(s):
2026-07-29 10:42:41  [etl.exhib_gratis]  · DEBUG     [stdout] [informar] 1 archivo(s):
2026-07-29 10:42:41  [etl.exhib_pagadas]  · DEBUG     [stdout] - Ruta: Equipo Información/BI/INVOLVES/BASES DE RESPUESTAS/EXHIBICIONES/2026/Base Exhibiciones Informar Julio 2026.xlsx
2026-07-29 10:42:41  [etl.precios]       · DEBUG     [stdout] - Ruta: Equipo Información/BI/INVOLVES/BASES DE RESPUESTAS/EXHIBICIONES/2026/Base Exhibiciones Informar Julio 2026.xlsx
2026-07-29 10:42:41  [etl.exhib_gratis]  · DEBUG     [stdout] - Ruta: Equipo Información/BI/INVOLVES/BASES DE RESPUESTAS/EXHIBICIONES/2026/Base Exhibiciones Informar Julio 2026.xlsx
2026-07-29 10:42:41  [etl.exhib_pagadas]  · DEBUG     [stdout] [planning] 1 archivo(s):
2026-07-29 10:42:41  [etl.precios]       · DEBUG     [stdout] [planning] 1 archivo(s):
2026-07-29 10:42:41  [etl.exhib_gratis]  · DEBUG     [stdout] [planning] 1 archivo(s):
2026-07-29 10:42:41  [etl.exhib_pagadas]  · DEBUG     [stdout] - Ruta: Equipo Información/BI/INVOLVES/BASES DE RESPUESTAS/EXHIBICIONES/2026/Base Exhibiciones Planning Julio 2026.xlsx
2026-07-29 10:42:41  [etl.precios]       · DEBUG     [stdout] - Ruta: Equipo Información/BI/INVOLVES/BASES DE RESPUESTAS/EXHIBICIONES/2026/Base Exhibiciones Planning Julio 2026.xlsx
2026-07-29 10:42:41  [etl.exhib_gratis]  · DEBUG     [stdout] - Ruta: Equipo Información/BI/INVOLVES/BASES DE RESPUESTAS/EXHIBICIONES/2026/Base Exhibiciones Planning Julio 2026.xlsx
2026-07-29 10:42:41  [etl.exhib_pagadas]  · DEBUG     [stdout] [visitas] 1 archivo(s):
2026-07-29 10:42:41  [etl.precios]       · DEBUG     [stdout] [visitas] 1 archivo(s):
2026-07-29 10:42:41  [etl.exhib_gratis]  · DEBUG     [stdout] [visitas] 1 archivo(s):
2026-07-29 10:42:41  [etl.exhib_pagadas]  · DEBUG     [stdout] - Ruta: C:\1\OneDrive - Eficacia\Escritorio\ETLS\BASES\CIF\INVOLVES\informe-gerencial-visitas_202607.xlsx
2026-07-29 10:42:41  [etl.precios]       · DEBUG     [stdout] - Ruta: C:\1\OneDrive - Eficacia\Escritorio\ETLS\BASES\CIF\INVOLVES\informe-gerencial-visitas_202607.xlsx
2026-07-29 10:42:41  [etl.exhib_gratis]  · DEBUG     [stdout] - Ruta: C:\1\OneDrive - Eficacia\Escritorio\ETLS\BASES\CIF\INVOLVES\informe-gerencial-visitas_202607.xlsx
2026-07-29 10:42:41  [etl.exhib_pagadas]  · DEBUG     [stdout] [plan_trabajo] 1 archivo(s):
2026-07-29 10:42:41  [etl.precios]       · DEBUG     [stdout] [plan_trabajo] 1 archivo(s):
2026-07-29 10:42:41  [etl.exhib_gratis]  · DEBUG     [stdout] [plan_trabajo] 1 archivo(s):
2026-07-29 10:42:41  [etl.exhib_pagadas]  · DEBUG     [stdout] - Ruta: Equipo Información\BI\INVOLVES\PLAN DE TRABAJO\Plan de trabajo.xlsx
2026-07-29 10:42:41  [etl.precios]       · DEBUG     [stdout] - Ruta: Equipo Información\BI\INVOLVES\PLAN DE TRABAJO\Plan de trabajo.xlsx
2026-07-29 10:42:41  [etl.exhib_gratis]  · DEBUG     [stdout] - Ruta: Equipo Información\BI\INVOLVES\PLAN DE TRABAJO\Plan de trabajo.xlsx
2026-07-29 10:42:41  [etl.exhib_pagadas]  · DEBUG     [stdout] ── Cargando fuentes ────────────
2026-07-29 10:42:41  [etl.precios]       · DEBUG     [stdout] ── Cargando fuentes ────────────
2026-07-29 10:42:41  [etl.exhib_gratis]  · DEBUG     [stdout] ── Cargando fuentes ────────────
2026-07-29 10:42:41  [etl.exhib_pagadas]  ✗ ERROR     [stdout] ⚠ Error leyendo archivo (Base Exhibiciones Informar Julio 2026.xlsx): No se encontró la variable AZURE_STORAGE_CONNECTION_STRING en el entorno.
2026-07-29 10:42:41  [etl.precios]       ✗ ERROR     [stdout] ⚠ Error leyendo archivo (Base Exhibiciones Informar Julio 2026.xlsx): No se encontró la variable AZURE_STORAGE_CONNECTION_STRING en el entorno.
2026-07-29 10:42:41  [etl.exhib_gratis]  ✗ ERROR     [stdout] ⚠ Error leyendo archivo (Base Exhibiciones Informar Julio 2026.xlsx): No se encontró la variable AZURE_STORAGE_CONNECTION_STRING en el entorno.
2026-07-29 10:42:41  [etl.exhib_pagadas]  ✗ ERROR     [stdout] ⚠ Error leyendo archivo (Base Exhibiciones Planning Julio 2026.xlsx): No se encontró la variable AZURE_STORAGE_CONNECTION_STRING en el entorno.
2026-07-29 10:42:41  [etl.precios]       ✗ ERROR     [stdout] ⚠ Error leyendo archivo (Base Exhibiciones Planning Julio 2026.xlsx): No se encontró la variable AZURE_STORAGE_CONNECTION_STRING en el entorno.
2026-07-29 10:42:41  [etl.exhib_gratis]  ✗ ERROR     [stdout] ⚠ Error leyendo archivo (Base Exhibiciones Planning Julio 2026.xlsx): No se encontró la variable AZURE_STORAGE_CONNECTION_STRING en el entorno.
2026-07-29 10:42:41  [etl.cif]           ✓ INFO      ────────────────────────────────────────────────────────
2026-07-29 10:42:41  [etl.cif]           ✓ INFO      ETL CIF — iniciando
2026-07-29 10:42:41  [etl.exhib_gratis]  ☠ CRITICAL  Excepción no capturada — ETL abortado
Traceback (most recent call last):
  File "C:\1\OneDrive - Eficacia\Escritorio\ETLS\SCRIPTS\run_all.py", line 415, in _ejecutar_etl
    fn(spec=spec)
  File "C:\1\OneDrive - Eficacia\Escritorio\ETLS\SCRIPTS\run_all.py", line 311, in _run_exhibiciones_gratis
    etl_exhibiciones_gratis.run(spec)
  File "C:\1\OneDrive - Eficacia\Escritorio\ETLS\SCRIPTS\etl_exhibiciones_gratis.py", line 381, in run
    df_enc = load_encuestas(files)
             ^^^^^^^^^^^^^^^^^^^^^
  File "C:\1\OneDrive - Eficacia\Escritorio\ETLS\SCRIPTS\etl_exhibiciones_gratis.py", line 173, in load_encuestas
    if not dfs: raise ValueError("No se encontraron archivos de encuesta ni en local ni en la nube de Azure.")
                ^^^^^^^^^^^^^^^^^^^^^^^^^^^^^^^^^^^^^^^^^^^^^^^^^^^^^^^^^^^^^^^^^^^^^^^^^^^^^^^^^^^^^^^^^^^^^^
ValueError: No se encontraron archivos de encuesta ni en local ni en la nube de Azure.

2026-07-29 10:42:41  [etl.sos]           ✓ INFO      ────────────────────────────────────────────────────────
2026-07-29 10:42:41  [etl.sos]           ✓ INFO      ETL SOS — iniciando
2026-07-29 10:42:41  [etl.nopresencia]   ✓ INFO      ────────────────────────────────────────────────────────
2026-07-29 10:42:41  [etl.nopresencia]   ✓ INFO      ETL No Presencia — iniciando
2026-07-29 10:42:41  [etl.exhib_gratis]  ✗ ERROR     Duración hasta fallo: 0.1s
2026-07-29 10:42:41  [etl.ventas]        ✓ INFO      ────────────────────────────────────────────────────────
2026-07-29 10:42:41  [etl.orquestador]   ✓ INFO      ETL 'exhib_gratis' terminó — ✗ FALLÓ en 0.1s
2026-07-29 10:42:41  [etl.ventas]        ✓ INFO      ETL Ventas D&P — iniciando
2026-07-29 10:42:41  [etl.exhib_pagadas]  · DEBUG     [stdout] 🔒 Autenticando con Microsoft Graph API...
2026-07-29 10:42:41  [etl.precios]       · DEBUG     [stdout] 🔒 Autenticando con Microsoft Graph API...
2026-07-29 10:42:41  [etl.sos]           · DEBUG     [stdout] 🔒 Autenticando con Microsoft Graph API...
2026-07-29 10:42:41  [etl.nopresencia]   · DEBUG     [stdout] 🔒 Autenticando con Microsoft Graph API...
2026-07-29 10:42:41  [etl.ventas]        · DEBUG     [stdout] 🔒 Autenticando con Microsoft Graph API...
2026-07-29 10:42:41  [etl.sos]           ✓ INFO      PT filtrado persistido: 742 PDVs únicos
2026-07-29 10:42:45  [etl.exhib_pagadas]  · DEBUG     [stdout] --- PASO 2: Consolidando Encuestas SOS (Julio_2026) ---
2026-07-29 10:42:45  [etl.precios]       · DEBUG     [stdout] --- PASO 2: Consolidando Encuestas SOS (Julio_2026) ---
2026-07-29 10:42:45  [etl.sos]           · DEBUG     [stdout] --- PASO 2: Consolidando Encuestas SOS (Julio_2026) ---
2026-07-29 10:42:45  [etl.nopresencia]   · DEBUG     [stdout] --- PASO 2: Consolidando Encuestas SOS (Julio_2026) ---
2026-07-29 10:42:45  [etl.ventas]        · DEBUG     [stdout] --- PASO 2: Consolidando Encuestas SOS (Julio_2026) ---
2026-07-29 10:42:45  [etl.exhib_pagadas]  · DEBUG     [stdout] 🎯 Procesando periodo: Julio_2026 (Año: 2026)
2026-07-29 10:42:45  [etl.precios]       · DEBUG     [stdout] 🎯 Procesando periodo: Julio_2026 (Año: 2026)🚀 Iniciando auditoría exhibiciones pagadas (Julio_2026)...
2026-07-29 10:42:45  [etl.exhib_pagadas]  · DEBUG     [stdout] 🚀 Iniciando auditoría exhibiciones pagadas (Julio_2026)...
2026-07-29 10:42:45  [etl.sos]           · DEBUG     [stdout] 🎯 Procesando periodo: Julio_2026 (Año: 2026)🚀 Iniciando auditoría exhibiciones pagadas (Julio_2026)...
2026-07-29 10:42:45  [etl.cif]           ✓ INFO      Paso 1 — PT consolidado: 11,131 filas
2026-07-29 10:42:45  [etl.nopresencia]   · DEBUG     [stdout] 🎯 Procesando periodo: Julio_2026 (Año: 2026)🚀 Iniciando auditoría exhibiciones pagadas (Julio_2026)...
2026-07-29 10:42:45  [etl.nopresencia]   ✓ INFO      Usando DataFrame de PT proporcionado por el orquestador (6,053 filas)
2026-07-29 10:42:45  [etl.ventas]        · DEBUG     [stdout] 🎯 Procesando periodo: Julio_2026 (Año: 2026)🚀 Iniciando auditoría exhibiciones pagadas (Julio_2026)...
2026-07-29 10:42:45  [etl.ventas]        · DEBUG     [stdout] ========================================
2026-07-29 10:42:45  [etl.exhib_pagadas]  · DEBUG     [stdout] ========================================
2026-07-29 10:42:45  [etl.exhib_pagadas]  · DEBUG     [stdout] ☁️ Consultando ruta de origen en SharePoint: Equipo Información/BI/INVOLVES/BASES DE RESPUESTAS/DYP/2026
2026-07-29 10:42:45  [etl.precios]       · DEBUG     [stdout] ========================================  ☁️ Consultando ruta de origen en SharePoint: Equipo Información/BI/INVOLVES/BASES DE RESPUESTAS/DYP/2026
2026-07-29 10:42:45  [etl.exhib_pagadas]  · DEBUG     [stdout] --- INICIANDO: Bloque No Presencia (Encuestas Básicas) ---
2026-07-29 10:42:45  [etl.sos]           · DEBUG     [stdout] ========================================  ☁️ Consultando ruta de origen en SharePoint: Equipo Información/BI/INVOLVES/BASES DE RESPUESTAS/DYP/2026
2026-07-29 10:42:45  [etl.sos]           · DEBUG     [stdout] --- INICIANDO: Bloque No Presencia (Encuestas Básicas) ---
2026-07-29 10:42:45  [etl.nopresencia]   · DEBUG     [stdout] --- INICIANDO: Bloque No Presencia (Encuestas Básicas) ---
2026-07-29 10:42:45  [etl.nopresencia]   · DEBUG     [stdout] ========================================  ☁️ Consultando ruta de origen en SharePoint: Equipo Información/BI/INVOLVES/BASES DE RESPUESTAS/DYP/2026
2026-07-29 10:42:45  [etl.precios]       · DEBUG     [stdout] --- INICIANDO: Bloque No Presencia (Encuestas Básicas) ---
2026-07-29 10:42:45  [etl.ventas]        · DEBUG     [stdout] ☁️ Consultando ruta de origen en SharePoint: Equipo Información/BI/INVOLVES/BASES DE RESPUESTAS/DYP/2026
2026-07-29 10:42:45  [etl.ventas]        · DEBUG     [stdout] --- INICIANDO: Bloque No Presencia (Encuestas Básicas) ---
2026-07-29 10:42:45  [etl.exhib_pagadas]  · DEBUG     [stdout] INICIANDO PASO 1: CONSOLIDACIÓN CLOUD  (Julio_2026)
2026-07-29 10:42:45  [etl.precios]       · DEBUG     [stdout] INICIANDO PASO 1: CONSOLIDACIÓN CLOUD  (Julio_2026)
2026-07-29 10:42:45  [etl.sos]           · DEBUG     [stdout] INICIANDO PASO 1: CONSOLIDACIÓN CLOUD  (Julio_2026)
2026-07-29 10:42:45  [etl.nopresencia]   · DEBUG     [stdout] INICIANDO PASO 1: CONSOLIDACIÓN CLOUD  (Julio_2026)
2026-07-29 10:42:45  [etl.ventas]        · DEBUG     [stdout] INICIANDO PASO 1: CONSOLIDACIÓN CLOUD  (Julio_2026)
2026-07-29 10:42:45  [etl.exhib_pagadas]  · DEBUG     [stdout] ========================================
2026-07-29 10:42:45  [etl.precios]       · DEBUG     [stdout] ========================================
2026-07-29 10:42:45  [etl.sos]           · DEBUG     [stdout] ========================================
2026-07-29 10:42:45  [etl.nopresencia]   · DEBUG     [stdout] ========================================
2026-07-29 10:42:45  [etl.ventas]        · DEBUG     [stdout] ========================================
2026-07-29 10:42:45  [etl.precios]       ✓ INFO      PT filtrado persistido: 191 PDVs únicos — periodo JULIO_2026
2026-07-29 10:42:45  [etl.exhib_pagadas]  · DEBUG     [stdout] --- PASO 2: Cruzando Capturas por Categorías (JULIO_2026) ---
2026-07-29 10:42:45  [etl.precios]       · DEBUG     [stdout] --- PASO 2: Cruzando Capturas por Categorías (JULIO_2026) ---
2026-07-29 10:42:45  [etl.sos]           · DEBUG     [stdout] --- PASO 2: Cruzando Capturas por Categorías (JULIO_2026) ---
2026-07-29 10:42:45  [etl.nopresencia]   · DEBUG     [stdout] --- PASO 2: Cruzando Capturas por Categorías (JULIO_2026) ---
2026-07-29 10:42:45  [etl.ventas]        · DEBUG     [stdout] --- PASO 2: Cruzando Capturas por Categorías (JULIO_2026) ---
2026-07-29 10:42:55  [etl.exhib_pagadas]  ✓ INFO      [stdout] ✅ Archivos encontrados en la nube para 2026: 16
2026-07-29 10:42:55  [etl.precios]       ✓ INFO      [stdout] ✅ Archivos encontrados en la nube para 2026: 16
2026-07-29 10:42:55  [etl.sos]           ✓ INFO      [stdout] ✅ Archivos encontrados en la nube para 2026: 16
2026-07-29 10:42:56  [etl.nopresencia]   ✓ INFO      [stdout] ✅ Archivos encontrados en la nube para 2026: 16
2026-07-29 10:42:56  [etl.ventas]        ✓ INFO      [stdout] ✅ Archivos encontrados en la nube para 2026: 16
2026-07-29 10:43:04  [etl.exhib_pagadas]  · DEBUG     [stdout] [DIRECTO] 8755 filas procesadas.
2026-07-29 10:43:04  [etl.precios]       · DEBUG     [stdout] [DIRECTO] 8755 filas procesadas.
2026-07-29 10:43:04  [etl.sos]           · DEBUG     [stdout] [DIRECTO] 8755 filas procesadas.
2026-07-29 10:43:04  [etl.nopresencia]   · DEBUG     [stdout] [DIRECTO] 8755 filas procesadas.
2026-07-29 10:43:04  [etl.ventas]        · DEBUG     [stdout] [DIRECTO] 8755 filas procesadas.
2026-07-29 10:43:10  [etl.exhib_pagadas]  · DEBUG     [stdout] [ISM] 2445 filas procesadas.
2026-07-29 10:43:10  [etl.precios]       · DEBUG     [stdout] [ISM] 2445 filas procesadas.
2026-07-29 10:43:10  [etl.sos]           · DEBUG     [stdout] [ISM] 2445 filas procesadas.
2026-07-29 10:43:10  [etl.nopresencia]   · DEBUG     [stdout] [ISM] 2445 filas procesadas.
2026-07-29 10:43:10  [etl.ventas]        · DEBUG     [stdout] [ISM] 2445 filas procesadas.
2026-07-29 10:43:16  [etl.exhib_pagadas]  ✓ INFO      [stdout] ✅ SHAREPOINT: Archivo guardado con éxito -> Equipo Información/BI/INVOLVES/BASES DE RESPUESTAS/CIF/2026/Consolidado_PT_07_2026.csv
2026-07-29 10:43:16  [etl.precios]       ✓ INFO      [stdout] ✅ SHAREPOINT: Archivo guardado con éxito -> Equipo Información/BI/INVOLVES/BASES DE RESPUESTAS/CIF/2026/Consolidado_PT_07_2026.csv
2026-07-29 10:43:16  [etl.sos]           ✓ INFO      [stdout] ✅ SHAREPOINT: Archivo guardado con éxito -> Equipo Información/BI/INVOLVES/BASES DE RESPUESTAS/CIF/2026/Consolidado_PT_07_2026.csv
2026-07-29 10:43:16  [etl.nopresencia]   ✓ INFO      [stdout] ✅ SHAREPOINT: Archivo guardado con éxito -> Equipo Información/BI/INVOLVES/BASES DE RESPUESTAS/CIF/2026/Consolidado_PT_07_2026.csv
2026-07-29 10:43:16  [etl.ventas]        ✓ INFO      [stdout] ✅ SHAREPOINT: Archivo guardado con éxito -> Equipo Información/BI/INVOLVES/BASES DE RESPUESTAS/CIF/2026/Consolidado_PT_07_2026.csv
2026-07-29 10:43:16  [etl.exhib_pagadas]  ✓ INFO      [stdout] ✅ ÉXITO: Consolidado guardado en SharePoint: Equipo Información/BI/INVOLVES/BASES DE RESPUESTAS/CIF/2026/Consolidado_PT_07_2026.csv
2026-07-29 10:43:16  [etl.precios]       ✓ INFO      [stdout] ✅ ÉXITO: Consolidado guardado en SharePoint: Equipo Información/BI/INVOLVES/BASES DE RESPUESTAS/CIF/2026/Consolidado_PT_07_2026.csv
2026-07-29 10:43:16  [etl.sos]           ✓ INFO      [stdout] ✅ ÉXITO: Consolidado guardado en SharePoint: Equipo Información/BI/INVOLVES/BASES DE RESPUESTAS/CIF/2026/Consolidado_PT_07_2026.csv
2026-07-29 10:43:16  [etl.nopresencia]   ✓ INFO      [stdout] ✅ ÉXITO: Consolidado guardado en SharePoint: Equipo Información/BI/INVOLVES/BASES DE RESPUESTAS/CIF/2026/Consolidado_PT_07_2026.csv
2026-07-29 10:43:16  [etl.ventas]        ✓ INFO      [stdout] ✅ ÉXITO: Consolidado guardado en SharePoint: Equipo Información/BI/INVOLVES/BASES DE RESPUESTAS/CIF/2026/Consolidado_PT_07_2026.csv
2026-07-29 10:43:16  [etl.exhib_pagadas]  · DEBUG     [stdout] ========================================
2026-07-29 10:43:16  [etl.precios]       · DEBUG     [stdout] ========================================
2026-07-29 10:43:16  [etl.sos]           · DEBUG     [stdout] ========================================
2026-07-29 10:43:16  [etl.nopresencia]   · DEBUG     [stdout] ========================================
2026-07-29 10:43:16  [etl.ventas]        · DEBUG     [stdout] ========================================
2026-07-29 10:43:16  [etl.exhib_pagadas]  · DEBUG     [stdout] INICIANDO PASO 2: AGRUPACIÓN EN LA NUBE
2026-07-29 10:43:16  [etl.precios]       · DEBUG     [stdout] INICIANDO PASO 2: AGRUPACIÓN EN LA NUBE
2026-07-29 10:43:16  [etl.sos]           · DEBUG     [stdout] INICIANDO PASO 2: AGRUPACIÓN EN LA NUBE
2026-07-29 10:43:16  [etl.nopresencia]   · DEBUG     [stdout] INICIANDO PASO 2: AGRUPACIÓN EN LA NUBE
2026-07-29 10:43:16  [etl.ventas]        · DEBUG     [stdout] INICIANDO PASO 2: AGRUPACIÓN EN LA NUBE
2026-07-29 10:43:16  [etl.exhib_pagadas]  · DEBUG     [stdout] ========================================
2026-07-29 10:43:16  [etl.precios]       · DEBUG     [stdout] ========================================
2026-07-29 10:43:16  [etl.sos]           · DEBUG     [stdout] ========================================
2026-07-29 10:43:16  [etl.nopresencia]   · DEBUG     [stdout] ========================================
2026-07-29 10:43:16  [etl.ventas]        · DEBUG     [stdout] ========================================
2026-07-29 10:43:17  [etl.exhib_pagadas]  ✓ INFO      [stdout] ✅ SHAREPOINT: Archivo guardado con éxito -> Equipo Información/BI/INVOLVES/SALIDAS/PRECIOS/REPORTE_CAPTURA_PRECIOS_JULIO_2026.xlsx
2026-07-29 10:43:17  [etl.precios]       ✓ INFO      [stdout] ✅ SHAREPOINT: Archivo guardado con éxito -> Equipo Información/BI/INVOLVES/SALIDAS/PRECIOS/REPORTE_CAPTURA_PRECIOS_JULIO_2026.xlsx
2026-07-29 10:43:17  [etl.sos]           ✓ INFO      [stdout] ✅ SHAREPOINT: Archivo guardado con éxito -> Equipo Información/BI/INVOLVES/SALIDAS/PRECIOS/REPORTE_CAPTURA_PRECIOS_JULIO_2026.xlsx
2026-07-29 10:43:17  [etl.nopresencia]   ✓ INFO      [stdout] ✅ SHAREPOINT: Archivo guardado con éxito -> Equipo Información/BI/INVOLVES/SALIDAS/PRECIOS/REPORTE_CAPTURA_PRECIOS_JULIO_2026.xlsx
2026-07-29 10:43:17  [etl.ventas]        ✓ INFO      [stdout] ✅ SHAREPOINT: Archivo guardado con éxito -> Equipo Información/BI/INVOLVES/SALIDAS/PRECIOS/REPORTE_CAPTURA_PRECIOS_JULIO_2026.xlsx
2026-07-29 10:43:18  [etl.exhib_pagadas]  ✓ INFO      [stdout] ✅ Reporte capturas unificado generado en SharePoint.
2026-07-29 10:43:18  [etl.precios]       ✓ INFO      [stdout] ✅ Reporte capturas unificado generado en SharePoint.
2026-07-29 10:43:18  [etl.sos]           ✓ INFO      [stdout] ✅ Reporte capturas unificado generado en SharePoint.
2026-07-29 10:43:18  [etl.nopresencia]   ✓ INFO      [stdout] ✅ Reporte capturas unificado generado en SharePoint.
2026-07-29 10:43:18  [etl.ventas]        ✓ INFO      [stdout] ✅ Reporte capturas unificado generado en SharePoint.
2026-07-29 10:43:18  [etl.precios]       ✓ INFO      Reporte de captura de precios generado
2026-07-29 10:43:18  [etl.exhib_pagadas]  · DEBUG     [stdout] --- PASO 3: Generando Análisis Detallado (JULIO_2026) ---
2026-07-29 10:43:18  [etl.precios]       · DEBUG     [stdout] --- PASO 3: Generando Análisis Detallado (JULIO_2026) ---
2026-07-29 10:43:18  [etl.sos]           · DEBUG     [stdout] --- PASO 3: Generando Análisis Detallado (JULIO_2026) ---
2026-07-29 10:43:18  [etl.nopresencia]   · DEBUG     [stdout] --- PASO 3: Generando Análisis Detallado (JULIO_2026) ---
2026-07-29 10:43:18  [etl.ventas]        · DEBUG     [stdout] --- PASO 3: Generando Análisis Detallado (JULIO_2026) ---
2026-07-29 10:43:19  [etl.exhib_pagadas]  ✓ INFO      [stdout] ✅ SHAREPOINT: Archivo guardado con éxito -> Equipo Información/BI/INVOLVES/SALIDAS/EXHIBICIONES/Resultado_exhibiciones_pagadas Julio 2026.xlsx
2026-07-29 10:43:19  [etl.precios]       ✓ INFO      [stdout] ✅ SHAREPOINT: Archivo guardado con éxito -> Equipo Información/BI/INVOLVES/SALIDAS/EXHIBICIONES/Resultado_exhibiciones_pagadas Julio 2026.xlsx
2026-07-29 10:43:19  [etl.sos]           ✓ INFO      [stdout] ✅ SHAREPOINT: Archivo guardado con éxito -> Equipo Información/BI/INVOLVES/SALIDAS/EXHIBICIONES/Resultado_exhibiciones_pagadas Julio 2026.xlsx
2026-07-29 10:43:19  [etl.nopresencia]   ✓ INFO      [stdout] ✅ SHAREPOINT: Archivo guardado con éxito -> Equipo Información/BI/INVOLVES/SALIDAS/EXHIBICIONES/Resultado_exhibiciones_pagadas Julio 2026.xlsx
2026-07-29 10:43:19  [etl.ventas]        ✓ INFO      [stdout] ✅ SHAREPOINT: Archivo guardado con éxito -> Equipo Información/BI/INVOLVES/SALIDAS/EXHIBICIONES/Resultado_exhibiciones_pagadas Julio 2026.xlsx
2026-07-29 10:43:24  [etl.exhib_pagadas]  ✓ INFO      [stdout] ✅ SHAREPOINT: Archivo guardado con éxito -> Equipo Información/BI/INVOLVES/SALIDAS/EXHIBICIONES/Rexhibiciones_pagadas_agrupado Julio 2026.xlsx
2026-07-29 10:43:24  [etl.precios]       ✓ INFO      [stdout] ✅ SHAREPOINT: Archivo guardado con éxito -> Equipo Información/BI/INVOLVES/SALIDAS/EXHIBICIONES/Rexhibiciones_pagadas_agrupado Julio 2026.xlsx
2026-07-29 10:43:24  [etl.sos]           ✓ INFO      [stdout] ✅ SHAREPOINT: Archivo guardado con éxito -> Equipo Información/BI/INVOLVES/SALIDAS/EXHIBICIONES/Rexhibiciones_pagadas_agrupado Julio 2026.xlsx
2026-07-29 10:43:24  [etl.nopresencia]   ✓ INFO      [stdout] ✅ SHAREPOINT: Archivo guardado con éxito -> Equipo Información/BI/INVOLVES/SALIDAS/EXHIBICIONES/Rexhibiciones_pagadas_agrupado Julio 2026.xlsx
2026-07-29 10:43:24  [etl.ventas]        ✓ INFO      [stdout] ✅ SHAREPOINT: Archivo guardado con éxito -> Equipo Información/BI/INVOLVES/SALIDAS/EXHIBICIONES/Rexhibiciones_pagadas_agrupado Julio 2026.xlsx
2026-07-29 10:43:24  [etl.exhib_pagadas]  ✓ INFO      [stdout] ✅ ¡Hecho! Archivos subidos a SharePoint en Equipo Información/BI/INVOLVES/SALIDAS/EXHIBICIONES
2026-07-29 10:43:24  [etl.precios]       ✓ INFO      [stdout] ✅ ¡Hecho! Archivos subidos a SharePoint en Equipo Información/BI/INVOLVES/SALIDAS/EXHIBICIONES
2026-07-29 10:43:24  [etl.sos]           ✓ INFO      [stdout] ✅ ¡Hecho! Archivos subidos a SharePoint en Equipo Información/BI/INVOLVES/SALIDAS/EXHIBICIONES
2026-07-29 10:43:24  [etl.nopresencia]   ✓ INFO      [stdout] ✅ ¡Hecho! Archivos subidos a SharePoint en Equipo Información/BI/INVOLVES/SALIDAS/EXHIBICIONES
2026-07-29 10:43:24  [etl.ventas]        ✓ INFO      [stdout] ✅ ¡Hecho! Archivos subidos a SharePoint en Equipo Información/BI/INVOLVES/SALIDAS/EXHIBICIONES
2026-07-29 10:43:24  [etl.exhib_pagadas]  · DEBUG     [stdout] --- KPI (V3): RESUMEN EXHIBICIONES PAGADAS por empleado  (Julio_2026) ---
2026-07-29 10:43:24  [etl.precios]       · DEBUG     [stdout] --- KPI (V3): RESUMEN EXHIBICIONES PAGADAS por empleado  (Julio_2026) ---
2026-07-29 10:43:24  [etl.sos]           · DEBUG     [stdout] --- KPI (V3): RESUMEN EXHIBICIONES PAGADAS por empleado  (Julio_2026) ---
2026-07-29 10:43:24  [etl.nopresencia]   · DEBUG     [stdout] --- KPI (V3): RESUMEN EXHIBICIONES PAGADAS por empleado  (Julio_2026) ---
2026-07-29 10:43:24  [etl.ventas]        · DEBUG     [stdout] --- KPI (V3): RESUMEN EXHIBICIONES PAGADAS por empleado  (Julio_2026) ---
2026-07-29 10:43:32  [etl.exhib_pagadas]  · DEBUG     [stdout] Leyendo desde nube: Resultado_exhibiciones_pagadas Julio 2026.xlsx (2902 filas)
2026-07-29 10:43:32  [etl.precios]       · DEBUG     [stdout] Leyendo desde nube: Resultado_exhibiciones_pagadas Julio 2026.xlsx (2902 filas)
2026-07-29 10:43:32  [etl.sos]           · DEBUG     [stdout] Leyendo desde nube: Resultado_exhibiciones_pagadas Julio 2026.xlsx (2902 filas)
2026-07-29 10:43:32  [etl.nopresencia]   · DEBUG     [stdout] Leyendo desde nube: Resultado_exhibiciones_pagadas Julio 2026.xlsx (2902 filas)
2026-07-29 10:43:32  [etl.ventas]        · DEBUG     [stdout] Leyendo desde nube: Resultado_exhibiciones_pagadas Julio 2026.xlsx (2902 filas)
2026-07-29 10:43:56  [etl.exhib_pagadas]  ✓ INFO      [stdout] ✅ SHAREPOINT: Archivo guardado con éxito -> Equipo Información/BI/INVOLVES/SALIDAS/EXHIBICIONES/EXHIBICIONES_PAGADAS_KPIS.xlsx
2026-07-29 10:43:56  [etl.precios]       ✓ INFO      [stdout] ✅ SHAREPOINT: Archivo guardado con éxito -> Equipo Información/BI/INVOLVES/SALIDAS/EXHIBICIONES/EXHIBICIONES_PAGADAS_KPIS.xlsx
2026-07-29 10:43:56  [etl.sos]           ✓ INFO      [stdout] ✅ SHAREPOINT: Archivo guardado con éxito -> Equipo Información/BI/INVOLVES/SALIDAS/EXHIBICIONES/EXHIBICIONES_PAGADAS_KPIS.xlsx
2026-07-29 10:43:56  [etl.nopresencia]   ✓ INFO      [stdout] ✅ SHAREPOINT: Archivo guardado con éxito -> Equipo Información/BI/INVOLVES/SALIDAS/EXHIBICIONES/EXHIBICIONES_PAGADAS_KPIS.xlsx
2026-07-29 10:43:56  [etl.ventas]        ✓ INFO      [stdout] ✅ SHAREPOINT: Archivo guardado con éxito -> Equipo Información/BI/INVOLVES/SALIDAS/EXHIBICIONES/EXHIBICIONES_PAGADAS_KPIS.xlsx
2026-07-29 10:43:56  [etl.exhib_pagadas]  · DEBUG     [stdout] 🚀 Preparando cargue del KPI de Exhibiciones Pagadas a Supabase...
2026-07-29 10:43:56  [etl.precios]       · DEBUG     [stdout] 🚀 Preparando cargue del KPI de Exhibiciones Pagadas a Supabase...
2026-07-29 10:43:56  [etl.sos]           · DEBUG     [stdout] 🚀 Preparando cargue del KPI de Exhibiciones Pagadas a Supabase...
2026-07-29 10:43:56  [etl.nopresencia]   · DEBUG     [stdout] 🚀 Preparando cargue del KPI de Exhibiciones Pagadas a Supabase...
2026-07-29 10:43:56  [etl.ventas]        · DEBUG     [stdout] 🚀 Preparando cargue del KPI de Exhibiciones Pagadas a Supabase...
2026-07-29 10:43:58  [etl.exhib_pagadas]  ✓ INFO      [stdout] ✅ ÉXITO CLOUD: 128 filas subidas de forma exitosa a Supabase.
2026-07-29 10:43:58  [etl.precios]       ✓ INFO      [stdout] ✅ ÉXITO CLOUD: 128 filas subidas de forma exitosa a Supabase.
2026-07-29 10:43:59  [etl.sos]           ✓ INFO      [stdout] ✅ ÉXITO CLOUD: 128 filas subidas de forma exitosa a Supabase.
2026-07-29 10:43:59  [etl.nopresencia]   ✓ INFO      [stdout] ✅ ÉXITO CLOUD: 128 filas subidas de forma exitosa a Supabase.
2026-07-29 10:43:59  [etl.ventas]        ✓ INFO      [stdout] ✅ ÉXITO CLOUD: 128 filas subidas de forma exitosa a Supabase.
2026-07-29 10:43:59  [etl.exhib_pagadas]  ✓ INFO      ETL Exhibiciones Pagadas — completado
2026-07-29 10:43:59  [etl.exhib_pagadas]  ✓ INFO      Duración total: 77.6s
2026-07-29 10:43:59  [etl.impactos]      ✓ INFO      ────────────────────────────────────────────────────────
2026-07-29 10:43:59  [etl.orquestador]   ✓ INFO      ETL 'exhib_pagadas' terminó — ✓ OK en 77.6s
2026-07-29 10:43:59  [etl.impactos]      ✓ INFO      ETL Impactos D&P — iniciando
2026-07-29 10:43:59  [etl.impactos]      · DEBUG     [stdout] 📍 Origen: C:\1\OneDrive - Eficacia\Escritorio\ETLS\BASES\D&P\02. Impactos
2026-07-29 10:43:59  [etl.impactos]      · DEBUG     [stdout] 📁 Salida: C:\1\OneDrive - Eficacia\Escritorio\ETLS\SALIDA\D&P\Consolidado_Impactos.csv
2026-07-29 10:43:59  [etl.impactos]      ✓ INFO      [stdout] ✅ Archivos encontrados (2024+): 5
2026-07-29 10:44:00  [etl.impactos]      · DEBUG     [stdout] Modo upsert — reprocesando: 07. Julio base impactos - cuota.xlsx
2026-07-29 10:44:00  [etl.impactos]      · DEBUG     [stdout] → Procesando: 07. Julio base impactos - cuota.xlsx
2026-07-29 10:44:01  [etl.impactos]      ✓ INFO      [stdout] ✅ Consolidado guardado: C:\1\OneDrive - Eficacia\Escritorio\ETLS\SALIDA\D&P\Consolidado_Impactos.csv  (272 filas)
2026-07-29 10:44:01  [etl.impactos]      ✓ INFO      ETL Impactos D&P — completado (272 filas en consolidado)
2026-07-29 10:44:01  [etl.impactos]      ✓ INFO      Duración total: 2.1s
2026-07-29 10:44:01  [etl.impactos_segmentos]  ✓ INFO      ────────────────────────────────────────────────────────
2026-07-29 10:44:01  [etl.orquestador]   ✓ INFO      ETL 'impactos' terminó — ✓ OK en 2.1s
2026-07-29 10:44:01  [etl.impactos_segmentos]  ✓ INFO      ETL Impactos por Segmento — iniciando
2026-07-29 10:44:01  [etl.impactos_segmentos]  · DEBUG     [stdout] =======================================================
2026-07-29 10:44:01  [etl.impactos_segmentos]  · DEBUG     [stdout] ETL — Impacto por Segmento (V2)
2026-07-29 10:44:01  [etl.impactos_segmentos]  · DEBUG     [stdout] =======================================================
2026-07-29 10:44:02  [etl.impactos_segmentos]  · DEBUG     [stdout] [1/5] Cargando rutero...
2026-07-29 10:44:08  [etl.impactos_segmentos]  ✓ INFO      [stdout] ✅ SHAREPOINT: Archivo guardado con éxito -> Equipo Información/BI/INVOLVES/SALIDAS/PRECIOS/ANALISIS_PRECIOS_JULIO_2026.xlsx
2026-07-29 10:44:08  [etl.impactos_segmentos]  ✓ INFO      [stdout] ✅ Análisis detallado guardado en SharePoint.
2026-07-29 10:44:08  [etl.precios]       ✓ INFO      Análisis detallado de precios generado
2026-07-29 10:44:08  [etl.impactos_segmentos]  · DEBUG     [stdout] --- PASO KPI (V3): RESUMEN PRECIOS por gestor  (Julio_2026) ---
2026-07-29 10:44:11  [etl.impactos_segmentos]  · DEBUG     [stdout] Leyendo desde cloud: REPORTE_CAPTURA_PRECIOS_JULIO_2026.xlsx (191 filas)
2026-07-29 10:44:13  [etl.impactos_segmentos]  ✓ INFO      [stdout] ✅ Mes activo: 33 gestores.
2026-07-29 10:44:16  [etl.impactos_segmentos]  ✓ INFO      [stdout] ✅ SHAREPOINT: Archivo guardado con éxito -> Equipo Información/BI/INVOLVES/SALIDAS/PRECIOS/PRECIOS_KPIS.xlsx
2026-07-29 10:44:16  [etl.impactos_segmentos]  · DEBUG     [stdout] 🚀 Preparando cargue del KPI de Precios consolidado a Supabase...
2026-07-29 10:44:18  [etl.impactos_segmentos]  ✓ INFO      [stdout] ✅ ÉXITO CLOUD: 33 filas subidas de forma exitosa a Supabase.
2026-07-29 10:44:18  [etl.precios]       ✓ INFO      KPI precios consolidado
2026-07-29 10:44:18  [etl.precios]       ✓ INFO      ETL Precios — completado
2026-07-29 10:44:19  [etl.precios]       ✓ INFO      Duración total: 97.5s
2026-07-29 10:44:19  [etl.orquestador]   ✓ INFO      ETL 'precios' terminó — ✓ OK en 97.5s
2026-07-29 10:44:42  [etl.exhib_pagadas]  · DEBUG     [stdout] Modo upsert cloud (Ventas) — reprocesando periodo activo: Julio_2026
2026-07-29 10:44:49  [etl.exhib_pagadas]  · DEBUG     [stdout] → Procesando ventas desde nube: RUTERO JULIO 2026 D&P.xlsx
2026-07-29 10:44:49  [etl.exhib_pagadas]  · DEBUG     [stdout] 11,787 PDVs en el rutero
2026-07-29 10:44:49  [etl.exhib_pagadas]  · DEBUG     [stdout] [2/5] Cargando listas de referencia...
2026-07-29 10:44:50  [etl.exhib_pagadas]  · DEBUG     [stdout] MustStock           :  63 EANs | todos los PDVs del rutero
2026-07-29 10:44:50  [etl.exhib_pagadas]  · DEBUG     [stdout] Listerine_Sandia    :   1 EANs | 880 PDVs target
2026-07-29 10:44:50  [etl.exhib_pagadas]  · DEBUG     [stdout] DoyPack_J&J_Baby    :   2 EANs | 1,515 PDVs target
2026-07-29 10:44:50  [etl.exhib_pagadas]  · DEBUG     [stdout] Liserine_Kids       :   1 EANs | 344 PDVs target
2026-07-29 10:44:50  [etl.exhib_pagadas]  · DEBUG     [stdout] Visine              :   1 EANs | 854 PDVs target
2026-07-29 10:44:50  [etl.exhib_pagadas]  · DEBUG     [stdout] [3/5] Cargando ventas desde el consolidado...
2026-07-29 10:44:50  [etl.exhib_pagadas]  · DEBUG     [stdout] Leyendo consolidado: C:\1\OneDrive - Eficacia\Escritorio\ETLS\SALIDA\D&P\Consolidado_Ventas.csv
2026-07-29 10:44:51  [etl.exhib_pagadas]  ✓ INFO      [stdout] ✅ SHAREPOINT: Archivo guardado con éxito -> Equipo Información/BI/INVOLVES/SALIDAS/NO PRESENCIA/NO_PRESENCIA_PROCESADO_JULIO_2026.xlsx
2026-07-29 10:44:52  [etl.nopresencia]   ✓ INFO      Encuestas de No Presencia procesadas
2026-07-29 10:44:52  [etl.exhib_pagadas]  · DEBUG     [stdout] --- INICIANDO: Bloque Plan de Trabajo (Semanas) ---
2026-07-29 10:44:52  [etl.nopresencia]   ✓ INFO      Plan de Trabajo por semanas procesado
2026-07-29 10:44:52  [etl.exhib_pagadas]  · DEBUG     [stdout] --- GENERANDO MATRIZ COMPARATIVA FINAL NO PRESENCIA ---
2026-07-29 10:44:52  [etl.exhib_pagadas]  ✓ INFO      [stdout] ✅ SHAREPOINT: Archivo guardado con éxito -> Equipo Información/BI/INVOLVES/BASES DE RESPUESTAS/CIF/2026/Agrupado_PT_07_2026.csv
2026-07-29 10:44:52  [etl.exhib_pagadas]  ✓ INFO      [stdout] ✅ ÉXITO: Agrupado guardado en SharePoint: Equipo Información/BI/INVOLVES/BASES DE RESPUESTAS/CIF/2026/Agrupado_PT_07_2026.csv
2026-07-29 10:44:52  [etl.exhib_pagadas]  · DEBUG     [stdout] ========================================
2026-07-29 10:44:52  [etl.exhib_pagadas]  · DEBUG     [stdout] INICIANDO PASO 3: INVOLVES NUBE (CRUCE PRIORIZANDO BASE VENTAS)  (Julio_2026)
2026-07-29 10:44:52  [etl.exhib_pagadas]  · DEBUG     [stdout] ========================================
2026-07-29 10:44:55  [etl.exhib_pagadas]  · DEBUG     [stdout] 238,514 registros (PDV × EAN × periodo)
2026-07-29 10:44:55  [etl.exhib_pagadas]  · DEBUG     [stdout] 269 descripciones de producto capturadas
2026-07-29 10:44:57  [etl.exhib_pagadas]  · DEBUG     [stdout] Período más reciente: Julio-2026
2026-07-29 10:44:57  [etl.exhib_pagadas]  · DEBUG     [stdout] [4/5] Construyendo BDs de impacto...
2026-07-29 10:44:57  [etl.exhib_pagadas]  · DEBUG     [stdout] → MustStock...
2026-07-29 10:44:59  [etl.exhib_pagadas]  ✓ INFO      [stdout] ✅ SHAREPOINT: Archivo guardado con éxito -> Equipo Información/BI/INVOLVES/SALIDAS/NO PRESENCIA/REPORTE_NO_PRESENCIA_JULIO_2026.xlsx
2026-07-29 10:44:59  [etl.exhib_pagadas]  · DEBUG     [stdout] 🏁 FINALIZADO: Reporte generado en SharePoint: REPORTE_NO_PRESENCIA_JULIO_2026.xlsx
2026-07-29 10:44:59  [etl.nopresencia]   ✓ INFO      Matriz de seguimiento generada
2026-07-29 10:44:59  [etl.exhib_pagadas]  · DEBUG     [stdout] --- GENERANDO ANÁLISIS DE AGOTADOS (INVOLVES) ---
2026-07-29 10:45:31  [etl.exhib_pagadas]  · DEBUG     [stdout] → Listerine_Sandia...
2026-07-29 10:45:37  [etl.exhib_pagadas]  ✓ INFO      [stdout] ✅ SHAREPOINT: Archivo guardado con éxito -> Equipo Información/BI/INVOLVES/SALIDAS/NO PRESENCIA/ANALISIS_AGOTADOS_JULIO_2026.xlsx
2026-07-29 10:45:37  [etl.exhib_pagadas]  ✓ INFO      [stdout] ✅ ÉXITO: Reporte de Agotados guardado en SharePoint.
2026-07-29 10:45:37  [etl.nopresencia]   ✓ INFO      Análisis de agotados generado
2026-07-29 10:45:37  [etl.exhib_pagadas]  · DEBUG     [stdout] --- PASO KPI (V3): RESUMEN NP por gestor (Julio_2026) ---
2026-07-29 10:45:37  [etl.exhib_pagadas]  · DEBUG     [stdout] → DoyPack_J&J_Baby...
2026-07-29 10:45:40  [etl.exhib_pagadas]  · DEBUG     [stdout] → SKU: DoyPack_Shampoo_Baby
2026-07-29 10:45:42  [etl.exhib_pagadas]  · DEBUG     [stdout] Leyendo desde cloud: REPORTE_NO_PRESENCIA_JULIO_2026.xlsx (1253 filas)
2026-07-29 10:45:44  [etl.exhib_pagadas]  · DEBUG     [stdout] → SKU: DoyPack_BañoLiquido_Baby
2026-07-29 10:45:47  [etl.exhib_pagadas]  · DEBUG     [stdout] → Liserine_Kids...
2026-07-29 10:45:50  [etl.exhib_pagadas]  ✓ INFO      [stdout] ✅ Mes activo: 119 gestores.
2026-07-29 10:45:52  [etl.exhib_pagadas]  · DEBUG     [stdout] → Visine...
2026-07-29 10:45:53  [etl.exhib_pagadas]  ✓ INFO      [stdout] ✅ SHAREPOINT: Archivo guardado con éxito -> Equipo Información/BI/INVOLVES/SALIDAS/NO PRESENCIA/NO_PRESENCIA_KPIS.xlsx
2026-07-29 10:45:54  [etl.exhib_pagadas]  · DEBUG     [stdout] [5/5] Escribiendo Excel + dashboard...
2026-07-29 10:45:54  [etl.exhib_pagadas]  · DEBUG     [stdout] 🚀 Preparando cargue del KPI de No Presencia consolidado a Supabase...
2026-07-29 10:45:57  [etl.exhib_pagadas]  ✓ INFO      [stdout] ✅ ÉXITO CLOUD: 119 filas subidas de forma exitosa a Supabase.
2026-07-29 10:45:57  [etl.nopresencia]   ✓ INFO      KPI No Presencia consolidado y cargado
2026-07-29 10:45:57  [etl.nopresencia]   ✓ INFO      ETL No Presencia — completado
2026-07-29 10:45:59  [etl.nopresencia]   ✓ INFO      Duración total: 196.6s
2026-07-29 10:45:59  [etl.orquestador]   ✓ INFO      ETL 'nopresencia' terminó — ✓ OK en 196.6s
2026-07-29 10:46:26  [etl.exhib_pagadas]  ✓ INFO      [stdout] ✅ Consolidado de Ventas guardado en SharePoint: Equipo Información/BI/INVOLVES/SALIDAS/DYP/Consolidado_Ventas_JULIO_2026.csv (352,102 filas)
2026-07-29 10:46:26  [etl.precios]       ✓ INFO      [stdout] ✅ Consolidado de Ventas guardado en SharePoint: Equipo Información/BI/INVOLVES/SALIDAS/DYP/Consolidado_Ventas_JULIO_2026.csv (352,102 filas)
2026-07-29 10:46:26  [etl.sos]           ✓ INFO      [stdout] ✅ Consolidado de Ventas guardado en SharePoint: Equipo Información/BI/INVOLVES/SALIDAS/DYP/Consolidado_Ventas_JULIO_2026.csv (352,102 filas)
2026-07-29 10:46:26  [etl.exhib_pagadas]  · DEBUG     [stdout] 🚀 Preparando cargue de ventas consolidadas a Supabase...
2026-07-29 10:46:26  [etl.precios]       · DEBUG     [stdout] 🚀 Preparando cargue de ventas consolidadas a Supabase...
2026-07-29 10:46:26  [etl.sos]           · DEBUG     [stdout] 🚀 Preparando cargue de ventas consolidadas a Supabase...
2026-07-29 10:47:00  [etl.exhib_pagadas]  ⚠ WARNING   [stdout] ⚠ ADVERTENCIA EN CARGA SUPABASE (Ventas): {'message': "Could not find the table 'public.dyp_ventas' in the schema cache", 'code': 'PGRST205', 'hint': None, 'details': None}
2026-07-29 10:47:00  [etl.precios]       ⚠ WARNING   [stdout] ⚠ ADVERTENCIA EN CARGA SUPABASE (Ventas): {'message': "Could not find the table 'public.dyp_ventas' in the schema cache", 'code': 'PGRST205', 'hint': None, 'details': None}
2026-07-29 10:47:00  [etl.sos]           ⚠ WARNING   [stdout] ⚠ ADVERTENCIA EN CARGA SUPABASE (Ventas): {'message': "Could not find the table 'public.dyp_ventas' in the schema cache", 'code': 'PGRST205', 'hint': None, 'details': None}
2026-07-29 10:47:01  [etl.exhib_pagadas]  · DEBUG     [stdout] → Procesando impactos desde nube: 03. Marzo base impactos - cuota.xlsx
2026-07-29 10:47:01  [etl.precios]       · DEBUG     [stdout] → Procesando impactos desde nube: 03. Marzo base impactos - cuota.xlsx
2026-07-29 10:47:01  [etl.sos]           · DEBUG     [stdout] → Procesando impactos desde nube: 03. Marzo base impactos - cuota.xlsx
2026-07-29 10:47:04  [etl.exhib_pagadas]  · DEBUG     [stdout] → Procesando impactos desde nube: 04. Abril base impactos - cuota.xlsx
2026-07-29 10:47:04  [etl.precios]       · DEBUG     [stdout] → Procesando impactos desde nube: 04. Abril base impactos - cuota.xlsx
2026-07-29 10:47:04  [etl.sos]           · DEBUG     [stdout] → Procesando impactos desde nube: 04. Abril base impactos - cuota.xlsx
2026-07-29 10:47:07  [etl.exhib_pagadas]  · DEBUG     [stdout] → Procesando impactos desde nube: 05. Mayo base impactos - cuota.xlsx
2026-07-29 10:47:07  [etl.precios]       · DEBUG     [stdout] → Procesando impactos desde nube: 05. Mayo base impactos - cuota.xlsx
2026-07-29 10:47:07  [etl.sos]           · DEBUG     [stdout] → Procesando impactos desde nube: 05. Mayo base impactos - cuota.xlsx
2026-07-29 10:47:09  [etl.exhib_pagadas]  · DEBUG     [stdout] → Procesando impactos desde nube: 06. Junio base impactos - cuota.xlsx
2026-07-29 10:47:09  [etl.precios]       · DEBUG     [stdout] → Procesando impactos desde nube: 06. Junio base impactos - cuota.xlsx
2026-07-29 10:47:09  [etl.sos]           · DEBUG     [stdout] → Procesando impactos desde nube: 06. Junio base impactos - cuota.xlsx
2026-07-29 10:47:11  [etl.exhib_pagadas]  · DEBUG     [stdout] → Procesando impactos desde nube: 07. Julio base impactos - cuota.xlsx
2026-07-29 10:47:11  [etl.precios]       · DEBUG     [stdout] → Procesando impactos desde nube: 07. Julio base impactos - cuota.xlsx
2026-07-29 10:47:11  [etl.sos]           · DEBUG     [stdout] → Procesando impactos desde nube: 07. Julio base impactos - cuota.xlsx
2026-07-29 10:47:17  [etl.exhib_pagadas]  ✓ INFO      [stdout] ✅ Consolidado de Impactos guardado en SharePoint: Equipo Información/BI/INVOLVES/SALIDAS/DYP/Consolidado_Impactos_JULIO_2026.csv (340 filas)
2026-07-29 10:47:17  [etl.precios]       ✓ INFO      [stdout] ✅ Consolidado de Impactos guardado en SharePoint: Equipo Información/BI/INVOLVES/SALIDAS/DYP/Consolidado_Impactos_JULIO_2026.csv (340 filas)
2026-07-29 10:47:17  [etl.sos]           ✓ INFO      [stdout] ✅ Consolidado de Impactos guardado en SharePoint: Equipo Información/BI/INVOLVES/SALIDAS/DYP/Consolidado_Impactos_JULIO_2026.csv (340 filas)
2026-07-29 10:47:17  [etl.exhib_pagadas]  ✗ ERROR     [stdout] ❌ Sin archivos de impacto_segmentos para consolidar en la nube.
2026-07-29 10:47:17  [etl.precios]       ✗ ERROR     [stdout] ❌ Sin archivos de impacto_segmentos para consolidar en la nube.
2026-07-29 10:47:17  [etl.sos]           ✗ ERROR     [stdout] ❌ Sin archivos de impacto_segmentos para consolidar en la nube.
2026-07-29 10:47:17  [etl.ventas]        ✓ INFO      ETL Ventas D&P — completado (352,102 filas en consolidado)
2026-07-29 10:47:40  [etl.ventas]        ✓ INFO      Duración total: 276.2s
2026-07-29 10:47:40  [etl.orquestador]   ✓ INFO      ETL 'ventas' terminó — ✓ OK en 276.2s
2026-07-29 10:48:11  [etl.exhib_pagadas]  ✓ INFO      [stdout] ✅ SHAREPOINT: Archivo guardado con éxito -> Equipo Información/BI/INVOLVES/BASES DE RESPUESTAS/CIF/2026/Involves_Procesado_07_2026.csv
2026-07-29 10:48:11  [etl.precios]       ✓ INFO      [stdout] ✅ SHAREPOINT: Archivo guardado con éxito -> Equipo Información/BI/INVOLVES/BASES DE RESPUESTAS/CIF/2026/Involves_Procesado_07_2026.csv
2026-07-29 10:48:11  [etl.sos]           ✓ INFO      [stdout] ✅ SHAREPOINT: Archivo guardado con éxito -> Equipo Información/BI/INVOLVES/BASES DE RESPUESTAS/CIF/2026/Involves_Procesado_07_2026.csv
2026-07-29 10:48:11  [etl.nopresencia]   ✓ INFO      [stdout] ✅ SHAREPOINT: Archivo guardado con éxito -> Equipo Información/BI/INVOLVES/BASES DE RESPUESTAS/CIF/2026/Involves_Procesado_07_2026.csv
2026-07-29 10:48:11  [etl.exhib_pagadas]  ✓ INFO      [stdout] ✅ Paso 3 en nube finalizado.
2026-07-29 10:48:11  [etl.precios]       ✓ INFO      [stdout] ✅ Paso 3 en nube finalizado.
2026-07-29 10:48:11  [etl.sos]           ✓ INFO      [stdout] ✅ Paso 3 en nube finalizado.
2026-07-29 10:48:11  [etl.nopresencia]   ✓ INFO      [stdout] ✅ Paso 3 en nube finalizado.
2026-07-29 10:48:12  [etl.exhib_pagadas]  · DEBUG     [stdout] ========================================
2026-07-29 10:48:12  [etl.precios]       · DEBUG     [stdout] ========================================
2026-07-29 10:48:12  [etl.sos]           · DEBUG     [stdout] ========================================
2026-07-29 10:48:12  [etl.nopresencia]   · DEBUG     [stdout] ========================================
2026-07-29 10:48:12  [etl.exhib_pagadas]  · DEBUG     [stdout] INICIANDO PASO 4: JUSTIFICACIONES NUBE  (Julio_2026)
2026-07-29 10:48:12  [etl.precios]       · DEBUG     [stdout] INICIANDO PASO 4: JUSTIFICACIONES NUBE  (Julio_2026)
2026-07-29 10:48:12  [etl.sos]           · DEBUG     [stdout] INICIANDO PASO 4: JUSTIFICACIONES NUBE  (Julio_2026)
2026-07-29 10:48:12  [etl.nopresencia]   · DEBUG     [stdout] INICIANDO PASO 4: JUSTIFICACIONES NUBE  (Julio_2026)
2026-07-29 10:48:12  [etl.exhib_pagadas]  · DEBUG     [stdout] ========================================
2026-07-29 10:48:12  [etl.precios]       · DEBUG     [stdout] ========================================
2026-07-29 10:48:12  [etl.sos]           · DEBUG     [stdout] ========================================
2026-07-29 10:48:12  [etl.nopresencia]   · DEBUG     [stdout] ========================================
2026-07-29 10:48:35  [etl.exhib_pagadas]  ✓ INFO      [stdout] ✅ Archivo generado: C:\1\OneDrive - Eficacia\Escritorio\ETLS\SALIDA\D&P\impacto_segmentos.xlsx
2026-07-29 10:48:35  [etl.precios]       ✓ INFO      [stdout] ✅ Archivo generado: C:\1\OneDrive - Eficacia\Escritorio\ETLS\SALIDA\D&P\impacto_segmentos.xlsx
2026-07-29 10:48:35  [etl.sos]           ✓ INFO      [stdout] ✅ Archivo generado: C:\1\OneDrive - Eficacia\Escritorio\ETLS\SALIDA\D&P\impacto_segmentos.xlsx
2026-07-29 10:48:35  [etl.nopresencia]   ✓ INFO      [stdout] ✅ Archivo generado: C:\1\OneDrive - Eficacia\Escritorio\ETLS\SALIDA\D&P\impacto_segmentos.xlsx
2026-07-29 10:48:35  [etl.exhib_pagadas]  · DEBUG     [stdout] Resumen por pestaña (período Julio-2026):
2026-07-29 10:48:35  [etl.precios]       · DEBUG     [stdout] Resumen por pestaña (período Julio-2026):
2026-07-29 10:48:35  [etl.sos]           · DEBUG     [stdout] Resumen por pestaña (período Julio-2026):
2026-07-29 10:48:35  [etl.nopresencia]   · DEBUG     [stdout] Resumen por pestaña (período Julio-2026):
2026-07-29 10:48:35  [etl.exhib_pagadas]  · DEBUG     [stdout] Segmento                             PDVs   Con impacto   Sin impacto
2026-07-29 10:48:35  [etl.precios]       · DEBUG     [stdout] Segmento                             PDVs   Con impacto   Sin impacto
2026-07-29 10:48:35  [etl.sos]           · DEBUG     [stdout] Segmento                             PDVs   Con impacto   Sin impacto
2026-07-29 10:48:35  [etl.nopresencia]   · DEBUG     [stdout] Segmento                             PDVs   Con impacto   Sin impacto
2026-07-29 10:48:35  [etl.exhib_pagadas]  · DEBUG     [stdout] ----------------------------------------------------------------------
2026-07-29 10:48:35  [etl.precios]       · DEBUG     [stdout] ----------------------------------------------------------------------
2026-07-29 10:48:35  [etl.sos]           · DEBUG     [stdout] ----------------------------------------------------------------------
2026-07-29 10:48:35  [etl.nopresencia]   · DEBUG     [stdout] ----------------------------------------------------------------------
2026-07-29 10:48:35  [etl.exhib_pagadas]  · DEBUG     [stdout] MustStock                          11,787         6,312         5,475
2026-07-29 10:48:35  [etl.precios]       · DEBUG     [stdout] MustStock                          11,787         6,312         5,475
2026-07-29 10:48:35  [etl.sos]           · DEBUG     [stdout] MustStock                          11,787         6,312         5,475
2026-07-29 10:48:35  [etl.nopresencia]   · DEBUG     [stdout] MustStock                          11,787         6,312         5,475
2026-07-29 10:48:35  [etl.exhib_pagadas]  · DEBUG     [stdout] Listerine_Sandia                      859           333           526
2026-07-29 10:48:35  [etl.precios]       · DEBUG     [stdout] Listerine_Sandia                      859           333           526
2026-07-29 10:48:35  [etl.sos]           · DEBUG     [stdout] Listerine_Sandia                      859           333           526
2026-07-29 10:48:35  [etl.nopresencia]   · DEBUG     [stdout] Listerine_Sandia                      859           333           526
2026-07-29 10:48:35  [etl.exhib_pagadas]  · DEBUG     [stdout] DoyPack_Shampoo_Baby                1,485            71         1,414
2026-07-29 10:48:35  [etl.precios]       · DEBUG     [stdout] DoyPack_Shampoo_Baby                1,485            71         1,414
2026-07-29 10:48:35  [etl.sos]           · DEBUG     [stdout] DoyPack_Shampoo_Baby                1,485            71         1,414
2026-07-29 10:48:35  [etl.nopresencia]   · DEBUG     [stdout] DoyPack_Shampoo_Baby                1,485            71         1,414
2026-07-29 10:48:35  [etl.exhib_pagadas]  · DEBUG     [stdout] DoyPack_BañoLiquido_Baby            1,485            60         1,425
2026-07-29 10:48:35  [etl.precios]       · DEBUG     [stdout] DoyPack_BañoLiquido_Baby            1,485            60         1,425
2026-07-29 10:48:35  [etl.sos]           · DEBUG     [stdout] DoyPack_BañoLiquido_Baby            1,485            60         1,425
2026-07-29 10:48:35  [etl.nopresencia]   · DEBUG     [stdout] DoyPack_BañoLiquido_Baby            1,485            60         1,425
2026-07-29 10:48:35  [etl.exhib_pagadas]  · DEBUG     [stdout] Liserine_Kids                         340           147           193
2026-07-29 10:48:35  [etl.precios]       · DEBUG     [stdout] Liserine_Kids                         340           147           193
2026-07-29 10:48:35  [etl.sos]           · DEBUG     [stdout] Liserine_Kids                         340           147           193
2026-07-29 10:48:35  [etl.nopresencia]   · DEBUG     [stdout] Liserine_Kids                         340           147           193
2026-07-29 10:48:35  [etl.exhib_pagadas]  · DEBUG     [stdout] Visine                                819           151           668
2026-07-29 10:48:35  [etl.precios]       · DEBUG     [stdout] Visine                                819           151           668
2026-07-29 10:48:35  [etl.sos]           · DEBUG     [stdout] Visine                                819           151           668
2026-07-29 10:48:35  [etl.nopresencia]   · DEBUG     [stdout] Visine                                819           151           668
2026-07-29 10:48:35  [etl.impactos_segmentos]  ✓ INFO      ETL Impactos por Segmento — completado
2026-07-29 10:48:35  [etl.impactos_segmentos]  ✓ INFO      Duración total: 273.7s
2026-07-29 10:48:35  [etl.orquestador]   ✓ INFO      ETL 'impactos_segmentos' terminó — ✓ OK en 273.7s
2026-07-29 10:49:43  [etl.cif]           ✓ INFO      ETL CIF — completado
2026-07-29 10:49:43  [etl.cif]           ✓ INFO      Duración total: 422.4s
2026-07-29 10:49:43  [etl.orquestador]   ✓ INFO      ETL 'cif' terminó — ✓ OK en 422.4s
2026-07-29 10:49:54  [etl.exhib_pagadas]  ✓ INFO      [stdout] ✅ SHAREPOINT: Archivo guardado con éxito -> Equipo Información/BI/INVOLVES/BASES DE RESPUESTAS/PARTICIPACIONES/2026/Encuesta_Sos_Consolidada_JULIO_2026.xlsx
2026-07-29 10:49:54  [etl.precios]       ✓ INFO      [stdout] ✅ SHAREPOINT: Archivo guardado con éxito -> Equipo Información/BI/INVOLVES/BASES DE RESPUESTAS/PARTICIPACIONES/2026/Encuesta_Sos_Consolidada_JULIO_2026.xlsx
2026-07-29 10:49:54  [etl.exhib_gratis]  ✓ INFO      [stdout] ✅ SHAREPOINT: Archivo guardado con éxito -> Equipo Información/BI/INVOLVES/BASES DE RESPUESTAS/PARTICIPACIONES/2026/Encuesta_Sos_Consolidada_JULIO_2026.xlsx
2026-07-29 10:49:54  [etl.exhib_pagadas]  ✓ INFO      [stdout] ✅ EXITO: Encuestas unidas en SharePoint (4 archivo(s)).
2026-07-29 10:49:54  [etl.precios]       ✓ INFO      [stdout] ✅ EXITO: Encuestas unidas en SharePoint (4 archivo(s)).
2026-07-29 10:49:54  [etl.exhib_gratis]  ✓ INFO      [stdout] ✅ EXITO: Encuestas unidas en SharePoint (4 archivo(s)).
2026-07-29 10:49:54  [etl.sos]           ✓ INFO      Encuestas SOS consolidadas
2026-07-29 10:49:54  [etl.exhib_pagadas]  · DEBUG     [stdout] --- PASO 3: Generando Reporte de Cumplimiento (Julio_2026) ---
2026-07-29 10:49:54  [etl.precios]       · DEBUG     [stdout] --- PASO 3: Generando Reporte de Cumplimiento (Julio_2026) ---
2026-07-29 10:49:54  [etl.exhib_gratis]  · DEBUG     [stdout] --- PASO 3: Generando Reporte de Cumplimiento (Julio_2026) ---
2026-07-29 10:51:08  [etl.exhib_pagadas]  ✓ INFO      [stdout] ✅ SHAREPOINT: Archivo guardado con éxito -> Equipo Información/BI/INVOLVES/SALIDAS/SOS/Cumplimiento_Captura_SOS_JULIO_2026.xlsx
2026-07-29 10:51:08  [etl.precios]       ✓ INFO      [stdout] ✅ SHAREPOINT: Archivo guardado con éxito -> Equipo Información/BI/INVOLVES/SALIDAS/SOS/Cumplimiento_Captura_SOS_JULIO_2026.xlsx
2026-07-29 10:51:08  [etl.exhib_gratis]  ✓ INFO      [stdout] ✅ SHAREPOINT: Archivo guardado con éxito -> Equipo Información/BI/INVOLVES/SALIDAS/SOS/Cumplimiento_Captura_SOS_JULIO_2026.xlsx
2026-07-29 10:51:08  [etl.exhib_pagadas]  ✓ INFO      [stdout] ✅ EXITO: Reporte de capturas generado en SharePoint.
2026-07-29 10:51:08  [etl.precios]       ✓ INFO      [stdout] ✅ EXITO: Reporte de capturas generado en SharePoint.
2026-07-29 10:51:08  [etl.exhib_gratis]  ✓ INFO      [stdout] ✅ EXITO: Reporte de capturas generado en SharePoint.
2026-07-29 10:51:08  [etl.sos]           ✓ INFO      Cumplimiento de captura calculado
2026-07-29 10:51:08  [etl.exhib_pagadas]  · DEBUG     [stdout] --- PASO 4: Normalizando Target (Julio_2026) ---
2026-07-29 10:51:08  [etl.precios]       · DEBUG     [stdout] --- PASO 4: Normalizando Target (Julio_2026) ---
2026-07-29 10:51:08  [etl.exhib_gratis]  · DEBUG     [stdout] --- PASO 4: Normalizando Target (Julio_2026) ---
2026-07-29 10:51:17  [etl.exhib_pagadas]  ✓ INFO      [stdout] ✅ SHAREPOINT: Archivo guardado con éxito -> Equipo Información/BI/INVOLVES/BASES DE RESPUESTAS/PARTICIPACIONES/2026/Colombia_sos_target_Normalizado_JULIO_2026.xlsx
2026-07-29 10:51:17  [etl.precios]       ✓ INFO      [stdout] ✅ SHAREPOINT: Archivo guardado con éxito -> Equipo Información/BI/INVOLVES/BASES DE RESPUESTAS/PARTICIPACIONES/2026/Colombia_sos_target_Normalizado_JULIO_2026.xlsx
2026-07-29 10:51:17  [etl.exhib_gratis]  ✓ INFO      [stdout] ✅ SHAREPOINT: Archivo guardado con éxito -> Equipo Información/BI/INVOLVES/BASES DE RESPUESTAS/PARTICIPACIONES/2026/Colombia_sos_target_Normalizado_JULIO_2026.xlsx
2026-07-29 10:51:17  [etl.exhib_pagadas]  ✓ INFO      [stdout] ✅ EXITO: Target normalizado subido a SharePoint.
2026-07-29 10:51:17  [etl.precios]       ✓ INFO      [stdout] ✅ EXITO: Target normalizado subido a SharePoint.
2026-07-29 10:51:17  [etl.exhib_gratis]  ✓ INFO      [stdout] ✅ EXITO: Target normalizado subido a SharePoint.
2026-07-29 10:51:17  [etl.sos]           ✓ INFO      Target normalizado
2026-07-29 10:51:17  [etl.exhib_pagadas]  · DEBUG     [stdout] --- PASO 5: Generando Reporte Final (Cruce Triple y Cálculos) (Julio_2026) ---
2026-07-29 10:51:17  [etl.precios]       · DEBUG     [stdout] --- PASO 5: Generando Reporte Final (Cruce Triple y Cálculos) (Julio_2026) ---
2026-07-29 10:51:17  [etl.exhib_gratis]  · DEBUG     [stdout] --- PASO 5: Generando Reporte Final (Cruce Triple y Cálculos) (Julio_2026) ---
2026-07-29 10:52:36  [etl.exhib_pagadas]  ✓ INFO      [stdout] ✅ SHAREPOINT: Archivo guardado con éxito -> Equipo Información/BI/INVOLVES/SALIDAS/SOS/Reporte_SOS_Final_Calculado_JULIO_2026.xlsx
2026-07-29 10:52:36  [etl.precios]       ✓ INFO      [stdout] ✅ SHAREPOINT: Archivo guardado con éxito -> Equipo Información/BI/INVOLVES/SALIDAS/SOS/Reporte_SOS_Final_Calculado_JULIO_2026.xlsx
2026-07-29 10:52:36  [etl.exhib_gratis]  ✓ INFO      [stdout] ✅ SHAREPOINT: Archivo guardado con éxito -> Equipo Información/BI/INVOLVES/SALIDAS/SOS/Reporte_SOS_Final_Calculado_JULIO_2026.xlsx
2026-07-29 10:52:36  [etl.exhib_pagadas]  ✓ INFO      [stdout] ✅ EXITO: Reporte Final SOS subido a SharePoint.
2026-07-29 10:52:36  [etl.precios]       ✓ INFO      [stdout] ✅ EXITO: Reporte Final SOS subido a SharePoint.
2026-07-29 10:52:36  [etl.exhib_gratis]  ✓ INFO      [stdout] ✅ EXITO: Reporte Final SOS subido a SharePoint.
2026-07-29 10:52:36  [etl.sos]           ✓ INFO      Cruce triple y cálculo SOS completado
2026-07-29 10:52:36  [etl.exhib_pagadas]  · DEBUG     [stdout] --- PASO 6 (V3): RESUMEN KPI SOS por gestor (Julio_2026) ---
2026-07-29 10:52:36  [etl.precios]       · DEBUG     [stdout] --- PASO 6 (V3): RESUMEN KPI SOS por gestor (Julio_2026) ---
2026-07-29 10:52:36  [etl.exhib_gratis]  · DEBUG     [stdout] --- PASO 6 (V3): RESUMEN KPI SOS por gestor (Julio_2026) ---
2026-07-29 10:52:39  [etl.exhib_pagadas]  ✓ INFO      [stdout] ✅ Mes activo: 118 gestores.
2026-07-29 10:52:39  [etl.precios]       ✓ INFO      [stdout] ✅ Mes activo: 118 gestores.
2026-07-29 10:52:39  [etl.exhib_gratis]  ✓ INFO      [stdout] ✅ Mes activo: 118 gestores.
2026-07-29 10:52:40  [etl.exhib_pagadas]  ✓ INFO      [stdout] ✅ SHAREPOINT: Archivo guardado con éxito -> Equipo Información/BI/INVOLVES/SALIDAS/SOS/SOS_KPIS.xlsx
2026-07-29 10:52:40  [etl.precios]       ✓ INFO      [stdout] ✅ SHAREPOINT: Archivo guardado con éxito -> Equipo Información/BI/INVOLVES/SALIDAS/SOS/SOS_KPIS.xlsx
2026-07-29 10:52:40  [etl.exhib_gratis]  ✓ INFO      [stdout] ✅ SHAREPOINT: Archivo guardado con éxito -> Equipo Información/BI/INVOLVES/SALIDAS/SOS/SOS_KPIS.xlsx
2026-07-29 10:52:40  [etl.exhib_pagadas]  · DEBUG     [stdout] 🚀 Preparando cargue del KPI de SOS consolidado a Supabase...
2026-07-29 10:52:40  [etl.precios]       · DEBUG     [stdout] 🚀 Preparando cargue del KPI de SOS consolidado a Supabase...
2026-07-29 10:52:40  [etl.exhib_gratis]  · DEBUG     [stdout] 🚀 Preparando cargue del KPI de SOS consolidado a Supabase...
2026-07-29 10:52:42  [etl.exhib_pagadas]  ✓ INFO      [stdout] ✅ ÉXITO CLOUD: 118 filas subidas a Supabase.
2026-07-29 10:52:42  [etl.precios]       ✓ INFO      [stdout] ✅ ÉXITO CLOUD: 118 filas subidas a Supabase.
2026-07-29 10:52:42  [etl.exhib_gratis]  ✓ INFO      [stdout] ✅ ÉXITO CLOUD: 118 filas subidas a Supabase.
2026-07-29 10:52:42  [etl.sos]           ✓ INFO      KPI SOS consolidado
2026-07-29 10:52:42  [etl.sos]           ✓ INFO      ETL SOS — completado
2026-07-29 10:52:42  [etl.sos]           ✓ INFO      Duración total: 601.0s
2026-07-29 10:52:42  [etl.orquestador]   ✓ INFO      ETL 'sos' terminó — ✓ OK en 601.0s
2026-07-29 10:52:42  [etl.orquestador]   ✓ INFO      ════════════════════════════════════════════════════════
2026-07-29 10:52:42  [etl.orquestador]   ✓ INFO      REPORTE DE EJECUCIÓN
2026-07-29 10:52:42  [etl.orquestador]   ✓ INFO      ════════════════════════════════════════════════════════
2026-07-29 10:52:42  [etl.orquestador]   ✓ INFO        ETL                    Estado           Tiempo
2026-07-29 10:52:42  [etl.orquestador]   ✓ INFO        ────────────────────── ────────────── ────────
2026-07-29 10:52:42  [etl.orquestador]   ✓ INFO        cif                    ✓ OK             422.4s
2026-07-29 10:52:42  [etl.orquestador]   ✓ INFO        nopresencia            ✓ OK             196.6s
2026-07-29 10:52:42  [etl.orquestador]   ✓ INFO        precios                ✓ OK              97.5s
2026-07-29 10:52:42  [etl.orquestador]   ✓ INFO        sos                    ✓ OK             601.0s
2026-07-29 10:52:42  [etl.orquestador]   ✓ INFO        exhib_pagadas          ✓ OK              77.6s
2026-07-29 10:52:42  [etl.orquestador]   ✓ INFO        exhib_gratis           ✗ ERROR            0.1s
2026-07-29 10:52:42  [etl.orquestador]   ✓ INFO        ventas                 ✓ OK             276.2s
2026-07-29 10:52:42  [etl.orquestador]   ✓ INFO        impactos               ✓ OK               2.1s
2026-07-29 10:52:42  [etl.orquestador]   ✓ INFO        impactos_segmentos     ✓ OK             273.7s
2026-07-29 10:52:42  [etl.orquestador]   ✓ INFO        ────────────────────── ────────────── ────────
2026-07-29 10:52:42  [etl.orquestador]   ✓ INFO        shared_loader          ✓ OK               3.6s
2026-07-29 10:52:42  [etl.orquestador]   ✓ INFO        TOTAL (paralelo)                        604.6s
2026-07-29 10:52:42  [etl.orquestador]   ✓ INFO        Sin paralelismo (est.)                 1950.8s
2026-07-29 10:52:42  [etl.orquestador]   ✓ INFO        Ahorro estimado                        1346.2s
2026-07-29 10:52:42  [etl.orquestador]   ✓ INFO      ────────────────────────────────────────────────────────
2026-07-29 10:52:42  [etl.orquestador]   ✓ INFO      Eventos: 1 CRITICAL  |  10 ERROR  |  4 WARNING
2026-07-29 10:52:42  [etl.orquestador]   ✓ INFO      ························································
2026-07-29 10:52:42  [etl.orquestador]   ✓ INFO        CRITICAL (1)
2026-07-29 10:52:42  [etl.orquestador]   ✓ INFO      ························································
2026-07-29 10:52:42  [etl.orquestador]   ✓ INFO        10:42:41  [exhib_gratis]      Excepción no capturada — ETL abortado
Traceback (most recent call last):
  File "C:\1\OneDrive - Eficacia\Escritorio\ETLS\SCRIPTS\run_all.py", line 415, in _ejecutar_etl
    fn(spec=spec)
  File "C:\1\OneDrive - Eficacia\Escritorio\ETLS\SCRIPTS\run_all.py", line 311, in _run_exhibiciones_gratis
    etl_exhibiciones_gratis.run(spec)
  File "C:\1\OneDrive - Eficacia\Escritorio\ETLS\SCRIPTS\etl_exhibiciones_gratis.py", line 381, in run
    df_enc = load_encuestas(files)
             ^^^^^^^^^^^^^^^^^^^^^
  File "C:\1\OneDrive - Eficacia\Escritorio\ETLS\SCRIPTS\etl_exhibiciones_gratis.py", line 173, in load_encuestas
    if not dfs: raise ValueError("No se encontraron archivos de encuesta ni en local ni en la nube de Azure.")
                ^^^^^^^^^^^^^^^^^^^^^^^^^^^^^^^^^^^^^^^^^^^^^^^^^^^^^^^^^^^^^^^^^^^^^^^^^^^^^^^^^^^^^^^^^^^^^^
ValueError: No se encontraron archivos de encuesta ni en local ni en la nube de Azure.

2026-07-29 10:52:42  [etl.orquestador]   ✓ INFO      ························································
2026-07-29 10:52:42  [etl.orquestador]   ✓ INFO        ERROR (10)
2026-07-29 10:52:42  [etl.orquestador]   ✓ INFO      ························································
2026-07-29 10:52:42  [etl.orquestador]   ✓ INFO        10:42:41  [exhib_pagadas]     [stdout] ⚠ Error leyendo archivo (Base Exhibiciones Informar Julio 2026.xlsx): No se encontró la variable AZURE_STORAGE_CONNECTION_STRING en el entorno.
2026-07-29 10:52:42  [etl.orquestador]   ✓ INFO        10:42:41  [precios]           [stdout] ⚠ Error leyendo archivo (Base Exhibiciones Informar Julio 2026.xlsx): No se encontró la variable AZURE_STORAGE_CONNECTION_STRING en el entorno.
2026-07-29 10:52:42  [etl.orquestador]   ✓ INFO        10:42:41  [exhib_gratis]      [stdout] ⚠ Error leyendo archivo (Base Exhibiciones Informar Julio 2026.xlsx): No se encontró la variable AZURE_STORAGE_CONNECTION_STRING en el entorno.
2026-07-29 10:52:42  [etl.orquestador]   ✓ INFO        10:42:41  [exhib_pagadas]     [stdout] ⚠ Error leyendo archivo (Base Exhibiciones Planning Julio 2026.xlsx): No se encontró la variable AZURE_STORAGE_CONNECTION_STRING en el entorno.
2026-07-29 10:52:42  [etl.orquestador]   ✓ INFO        10:42:41  [precios]           [stdout] ⚠ Error leyendo archivo (Base Exhibiciones Planning Julio 2026.xlsx): No se encontró la variable AZURE_STORAGE_CONNECTION_STRING en el entorno.
2026-07-29 10:52:42  [etl.orquestador]   ✓ INFO        10:42:41  [exhib_gratis]      [stdout] ⚠ Error leyendo archivo (Base Exhibiciones Planning Julio 2026.xlsx): No se encontró la variable AZURE_STORAGE_CONNECTION_STRING en el entorno.
2026-07-29 10:52:42  [etl.orquestador]   ✓ INFO        10:42:41  [exhib_gratis]      Duración hasta fallo: 0.1s
2026-07-29 10:52:42  [etl.orquestador]   ✓ INFO        10:47:17  [exhib_pagadas]     [stdout] ❌ Sin archivos de impacto_segmentos para consolidar en la nube.
2026-07-29 10:52:42  [etl.orquestador]   ✓ INFO        10:47:17  [precios]           [stdout] ❌ Sin archivos de impacto_segmentos para consolidar en la nube.
2026-07-29 10:52:42  [etl.orquestador]   ✓ INFO        10:47:17  [sos]               [stdout] ❌ Sin archivos de impacto_segmentos para consolidar en la nube.
2026-07-29 10:52:42  [etl.orquestador]   ✓ INFO      ························································
2026-07-29 10:52:42  [etl.orquestador]   ✓ INFO        WARNING (4)
2026-07-29 10:52:42  [etl.orquestador]   ✓ INFO      ························································
2026-07-29 10:52:42  [etl.orquestador]   ✓ INFO        10:42:41  [shared_loader]     [DIRECTO] Módulo 'precios': el filtro devolvió 0 filas (columna 'PRECIOS' sin valores = 1, o IDs sin coincidencia en el PT)
2026-07-29 10:52:42  [etl.orquestador]   ✓ INFO        10:47:00  [exhib_pagadas]     [stdout] ⚠ ADVERTENCIA EN CARGA SUPABASE (Ventas): {'message': "Could not find the table 'public.dyp_ventas' in the schema cache", 'code': 'PGRST205', 'hint': None, 'details': None}
2026-07-29 10:52:42  [etl.orquestador]   ✓ INFO        10:47:00  [precios]           [stdout] ⚠ ADVERTENCIA EN CARGA SUPABASE (Ventas): {'message': "Could not find the table 'public.dyp_ventas' in the schema cache", 'code': 'PGRST205', 'hint': None, 'details': None}
2026-07-29 10:52:42  [etl.orquestador]   ✓ INFO        10:47:00  [sos]               [stdout] ⚠ ADVERTENCIA EN CARGA SUPABASE (Ventas): {'message': "Could not find the table 'public.dyp_ventas' in the schema cache", 'code': 'PGRST205', 'hint': None, 'details': None}
2026-07-29 10:52:42  [etl.orquestador]   ✓ INFO      ════════════════════════════════════════════════════════
2026-07-29 10:52:42  [etl.orquestador]   ✓ INFO      Log completo guardado en: C:\1\OneDrive - Eficacia\Escritorio\ETLS\SCRIPTS\logs\ejecucion_202607_20260729_104237.log
2026-07-29 10:52:42  [etl.orquestador]   ✓ INFO      Fin: 2026-07-29 10:52:42
2026-07-29 10:52:42  [etl.orquestador]   ✓ INFO      ════════════════════════════════════════════════════════
