2026-06-22 14:53:08  [etl.sistema]       ✓ INFO      Logging inicializado — archivo: C:\Users\Usuario\OneDrive - Universidad de los Andes\Escritorio\PROYECTO_EFICACIA\SCRIPTS\logs\ejecucion_202603_a_202605_20260622_145308.log
2026-06-22 14:53:08  [etl.orquestador]   ✓ INFO      ══════════════════════════════════════════════════════════════════════
2026-06-22 14:53:08  [etl.orquestador]   ✓ INFO      MULTI-PERIODO: 3 periodos a procesar — Marzo_2026, Abril_2026, Mayo_2026
2026-06-22 14:53:08  [etl.orquestador]   ✓ INFO      ══════════════════════════════════════════════════════════════════════
2026-06-22 14:53:08  [etl.orquestador]   ✓ INFO      Run ID compartido para esta corrida: 20260622T145308_08499c
2026-06-22 14:53:08  [etl.orquestador]   ✓ INFO      
2026-06-22 14:53:08  [etl.orquestador]   ✓ INFO      ▶ PERIODO 1/3: Marzo_2026
2026-06-22 14:53:08  [etl.orquestador]   ✓ INFO      ════════════════════════════════════════════════════════
2026-06-22 14:53:08  [etl.orquestador]   ✓ INFO      ORQUESTADOR ETLs — Eficacia
2026-06-22 14:53:08  [etl.orquestador]   ✓ INFO      Inicio: 2026-06-22 14:53:08
2026-06-22 14:53:08  [etl.orquestador]   ✓ INFO      Run ID: 20260622T145308_08499c
2026-06-22 14:53:08  [etl.orquestador]   ✓ INFO      Periodo: Marzo_2026 (03/2026)
2026-06-22 14:53:08  [etl.orquestador]   ✓ INFO      ETLs seleccionados: ['sos']
2026-06-22 14:53:08  [etl.orquestador]   ✓ INFO      Workers paralelos: 6
2026-06-22 14:53:08  [etl.orquestador]   ✓ INFO      Skip si cached: False
2026-06-22 14:53:08  [etl.orquestador]   ✓ INFO      ════════════════════════════════════════════════════════
2026-06-22 14:53:08  [etl.shared_loader]  ✓ INFO      PT Directo detectado: Plan de trabajo Directo Marzo 2026.xlsx
2026-06-22 14:53:08  [etl.shared_loader]  ✓ INFO      PT ISM detectado: Plan de trabajo ISM Marzo 2026.xlsx
2026-06-22 14:53:08  [etl.shared_loader]  ✓ INFO      ━━━━━━━━━━━━━━━━━━━━━━━━━━━━━━━━━━━━━━━━━━━━━━━━━━
2026-06-22 14:53:08  [etl.shared_loader]  ✓ INFO      Iniciando carga compartida del Plan de Trabajo
2026-06-22 14:53:08  [etl.shared_loader]  ✓ INFO      ━━━━━━━━━━━━━━━━━━━━━━━━━━━━━━━━━━━━━━━━━━━━━━━━━━
2026-06-22 14:53:10  [etl.shared_loader]  ✓ INFO      [DIRECTO] 8,913 filas PT  |  3,319 filas módulos cargadas
2026-06-22 14:53:11  [etl.shared_loader]  ✓ INFO      [ISM] 2,685 filas PT  |  912 filas módulos cargadas
2026-06-22 14:53:11  [etl.shared_loader]  ✓ INFO      PT consolidado: 11,598 filas totales
2026-06-22 14:53:11  [etl.shared_loader]  ✓ INFO      Periodo forzado por el caller: Mes 3 | Año 2026
2026-06-22 14:53:11  [etl.shared_loader]  ✓ INFO      Aplicando filtros por módulo
2026-06-22 14:53:11  [etl.shared_loader]  ✓ INFO      [DIRECTO] Módulo 'no_presencia': 5,206 filas retenidas
2026-06-22 14:53:11  [etl.shared_loader]  ✓ INFO      [ISM] Módulo 'no_presencia': 1,030 filas retenidas
2026-06-22 14:53:11  [etl.shared_loader]  ⚠ WARNING   [DIRECTO] Módulo 'precios': el filtro devolvió 0 filas (columna 'PRECIOS' sin valores = 1, o IDs sin coincidencia en el PT)
2026-06-22 14:53:11  [etl.shared_loader]  ✓ INFO      [ISM] Módulo 'precios': 936 filas retenidas
2026-06-22 14:53:11  [etl.shared_loader]  ✓ INFO      [DIRECTO] Módulo 'sos': 3,242 filas retenidas
2026-06-22 14:53:11  [etl.shared_loader]  ✓ INFO      [ISM] Módulo 'sos': 879 filas retenidas
2026-06-22 14:53:11  [etl.shared_loader]  ✓ INFO      Carga compartida completada
2026-06-22 14:53:11  [etl.orquestador]   ✓ INFO      shared_loader completado en 3.3s
2026-06-22 14:53:11  [etl.orquestador]   ✓ INFO      ────────────────────────────────────────────────────────
2026-06-22 14:53:11  [etl.orquestador]   ✓ INFO      FASE 1 — Lanzando 1 ETLs en paralelo (0 skipped)
2026-06-22 14:53:11  [etl.orquestador]   ✓ INFO      ────────────────────────────────────────────────────────
2026-06-22 14:53:11  [etl.sos]           ✓ INFO      ────────────────────────────────────────────────────────
2026-06-22 14:53:11  [etl.sos]           ✓ INFO      ETL SOS — iniciando
2026-06-22 14:53:11  [etl.sos]           ✓ INFO      PT filtrado persistido: 535 PDVs únicos
2026-06-22 14:53:11  [etl.sos]           ✓ INFO      6 archivo(s) de encuesta SOS encontrado(s)
2026-06-22 14:53:11  [etl.sos]           · DEBUG     [stdout] --- PASO 2: Consolidando Encuestas SOS  (Marzo_2026) ---
2026-06-22 14:53:11  [etl.sos]           ✓ INFO      [stdout] ✓ Respuestas SOS Marzo 2026.xlsx
2026-06-22 14:53:11  [etl.sos]           ✓ INFO      [stdout] ✓ Respuestas SOS Baby Marzo 2026.xlsx
2026-06-22 14:53:49  [etl.sos]           ✓ INFO      [stdout] ✅ EXITO: Encuestas unidas (2 archivo(s)).
2026-06-22 14:53:49  [etl.sos]           ✓ INFO      Encuestas SOS consolidadas
2026-06-22 14:53:49  [etl.sos]           · DEBUG     [stdout] --- PASO 3: Generando Reporte de Cumplimiento  (Marzo_2026) ---
2026-06-22 14:53:59  [etl.sos]           ✓ INFO      [stdout] ✅ EXITO: Reporte de capturas generado con Captura Planeada, Fechas y periodo Marzo_2026.
2026-06-22 14:53:59  [etl.sos]           ✓ INFO      Cumplimiento de captura calculado
2026-06-22 14:53:59  [etl.sos]           · DEBUG     [stdout] --- PASO 4: Normalizando Target  (Marzo_2026) ---
2026-06-22 14:53:59  [etl.sos]           · DEBUG     [stdout] 📂 Archivo detectado: Colombia-sos-target-202603.xlsx
2026-06-22 14:54:10  [etl.sos]           ✓ INFO      [stdout] ✅ EXITO: Target normalizado guardado en: C:\Users\Usuario\OneDrive - Universidad de los Andes\Escritorio\PROYECTO_EFICACIA\BASES\SOS\Colombia_sos_target_Normalizado.xlsx
2026-06-22 14:54:10  [etl.sos]           ✓ INFO      Target normalizado
2026-06-22 14:54:10  [etl.sos]           · DEBUG     [stdout] --- PASO 5: Generando Reporte Final (Cruce Triple y Cálculos)  (Marzo_2026) ---
2026-06-22 14:54:21  [etl.sos]           ⚠ WARNING   [stdout] ⚠️  No se pudo leer el reporte SOS previo (Reindexing only valid with uniquely valued Index objects); se sobrescribe.
2026-06-22 14:54:21  [etl.sos]           ✓ INFO      [stdout] ✅ EXITO: Reporte Final SOS (Marzo_2026) generado en: C:\Users\Usuario\OneDrive - Universidad de los Andes\Escritorio\PROYECTO_EFICACIA\SALIDA\SOS\Reporte_SOS_Final_Calculado.xlsx
2026-06-22 14:54:21  [etl.sos]           ✓ INFO      Cruce triple y cálculo SOS completado
2026-06-22 14:54:21  [etl.sos]           · DEBUG     [stdout] --- PASO 6 (V3): RESUMEN KPI SOS por gestor  (Marzo_2026) ---
2026-06-22 14:54:21  [etl.sos]           · DEBUG     [stdout] Leyendo: Cumplimiento_Captura_SOS.xlsx (535 filas)
2026-06-22 14:54:22  [etl.sos]           ✓ INFO      [stdout] ✅ Mes activo: 115 gestores → SOS_KPIS.xlsx
2026-06-22 14:54:22  [etl.sos]           ✓ INFO      [stdout] ✅ Histórico acumulado → SOS_KPIS_HISTORICO.xlsx
2026-06-22 14:54:22  [etl.sos]           ✓ INFO      KPI SOS consolidado
2026-06-22 14:54:22  [etl.sos]           ✓ INFO      ETL SOS — completado
2026-06-22 14:54:22  [etl.sos]           ✓ INFO      Duración total: 70.7s
2026-06-22 14:54:22  [etl.orquestador]   ✓ INFO      ETL 'sos' terminó — ✓ OK en 70.7s
2026-06-22 14:54:22  [etl.orquestador]   ✓ INFO      ════════════════════════════════════════════════════════
2026-06-22 14:54:22  [etl.orquestador]   ✓ INFO      REPORTE DE EJECUCIÓN
2026-06-22 14:54:22  [etl.orquestador]   ✓ INFO      ════════════════════════════════════════════════════════
2026-06-22 14:54:22  [etl.orquestador]   ✓ INFO        ETL                    Estado           Tiempo
2026-06-22 14:54:22  [etl.orquestador]   ✓ INFO        ────────────────────── ────────────── ────────
2026-06-22 14:54:22  [etl.orquestador]   ✓ INFO        sos                    ✓ OK              70.7s
2026-06-22 14:54:22  [etl.orquestador]   ✓ INFO        ────────────────────── ────────────── ────────
2026-06-22 14:54:22  [etl.orquestador]   ✓ INFO        shared_loader          ✓ OK               3.3s
2026-06-22 14:54:22  [etl.orquestador]   ✓ INFO        TOTAL (paralelo)                         74.1s
2026-06-22 14:54:22  [etl.orquestador]   ✓ INFO        Sin paralelismo (est.)                   74.0s
2026-06-22 14:54:22  [etl.orquestador]   ✓ INFO        Ahorro estimado                          -0.0s
2026-06-22 14:54:22  [etl.orquestador]   ✓ INFO      ────────────────────────────────────────────────────────
2026-06-22 14:54:22  [etl.orquestador]   ✓ INFO      Eventos: 0 CRITICAL  |  0 ERROR  |  2 WARNING
2026-06-22 14:54:22  [etl.orquestador]   ✓ INFO      ························································
2026-06-22 14:54:22  [etl.orquestador]   ✓ INFO        WARNING (2)
2026-06-22 14:54:22  [etl.orquestador]   ✓ INFO      ························································
2026-06-22 14:54:22  [etl.orquestador]   ✓ INFO        14:53:11  [shared_loader]     [DIRECTO] Módulo 'precios': el filtro devolvió 0 filas (columna 'PRECIOS' sin valores = 1, o IDs sin coincidencia en el PT)
2026-06-22 14:54:22  [etl.orquestador]   ✓ INFO        14:54:21  [sos]               [stdout] ⚠️  No se pudo leer el reporte SOS previo (Reindexing only valid with uniquely valued Index objects); se sobrescribe.
2026-06-22 14:54:22  [etl.orquestador]   ✓ INFO      ════════════════════════════════════════════════════════
2026-06-22 14:54:22  [etl.orquestador]   ✓ INFO      Log completo guardado en: C:\Users\Usuario\OneDrive - Universidad de los Andes\Escritorio\PROYECTO_EFICACIA\SCRIPTS\logs\ejecucion_202603_a_202605_20260622_145308.log
2026-06-22 14:54:22  [etl.orquestador]   ✓ INFO      Fin: 2026-06-22 14:54:22
2026-06-22 14:54:22  [etl.orquestador]   ✓ INFO      ════════════════════════════════════════════════════════
2026-06-22 14:54:22  [etl.orquestador]   ✓ INFO      
2026-06-22 14:54:22  [etl.orquestador]   ✓ INFO      ▶ PERIODO 2/3: Abril_2026
2026-06-22 14:54:22  [etl.orquestador]   ✓ INFO      ════════════════════════════════════════════════════════
2026-06-22 14:54:22  [etl.orquestador]   ✓ INFO      ORQUESTADOR ETLs — Eficacia
2026-06-22 14:54:22  [etl.orquestador]   ✓ INFO      Inicio: 2026-06-22 14:54:22
2026-06-22 14:54:22  [etl.orquestador]   ✓ INFO      Run ID: 20260622T145308_08499c
2026-06-22 14:54:22  [etl.orquestador]   ✓ INFO      Periodo: Abril_2026 (04/2026)
2026-06-22 14:54:22  [etl.orquestador]   ✓ INFO      ETLs seleccionados: ['sos']
2026-06-22 14:54:22  [etl.orquestador]   ✓ INFO      Workers paralelos: 6
2026-06-22 14:54:22  [etl.orquestador]   ✓ INFO      Skip si cached: False
2026-06-22 14:54:22  [etl.orquestador]   ✓ INFO      ════════════════════════════════════════════════════════
2026-06-22 14:54:22  [etl.shared_loader]  ✓ INFO      PT Directo detectado: Plan de trabajo Directo Abril 2026.xlsx
2026-06-22 14:54:22  [etl.shared_loader]  ✓ INFO      PT ISM detectado: Plan de trabajo ISM Abril 2026.xlsx
2026-06-22 14:54:22  [etl.shared_loader]  ✓ INFO      ━━━━━━━━━━━━━━━━━━━━━━━━━━━━━━━━━━━━━━━━━━━━━━━━━━
2026-06-22 14:54:22  [etl.shared_loader]  ✓ INFO      Iniciando carga compartida del Plan de Trabajo
2026-06-22 14:54:22  [etl.shared_loader]  ✓ INFO      ━━━━━━━━━━━━━━━━━━━━━━━━━━━━━━━━━━━━━━━━━━━━━━━━━━
2026-06-22 14:54:24  [etl.shared_loader]  ✓ INFO      [DIRECTO] 8,764 filas PT  |  3,319 filas módulos cargadas
2026-06-22 14:54:25  [etl.shared_loader]  ✓ INFO      [ISM] 2,606 filas PT  |  872 filas módulos cargadas
2026-06-22 14:54:25  [etl.shared_loader]  ✓ INFO      PT consolidado: 11,370 filas totales
2026-06-22 14:54:25  [etl.shared_loader]  ✓ INFO      Periodo forzado por el caller: Mes 4 | Año 2026
2026-06-22 14:54:25  [etl.shared_loader]  ✓ INFO      Aplicando filtros por módulo
2026-06-22 14:54:25  [etl.shared_loader]  ✓ INFO      [DIRECTO] Módulo 'no_presencia': 5,192 filas retenidas
2026-06-22 14:54:25  [etl.shared_loader]  ✓ INFO      [ISM] Módulo 'no_presencia': 1,044 filas retenidas
2026-06-22 14:54:25  [etl.shared_loader]  ⚠ WARNING   [DIRECTO] Módulo 'precios': el filtro devolvió 0 filas (columna 'PRECIOS' sin valores = 1, o IDs sin coincidencia en el PT)
2026-06-22 14:54:25  [etl.shared_loader]  ✓ INFO      [ISM] Módulo 'precios': 810 filas retenidas
2026-06-22 14:54:25  [etl.shared_loader]  ✓ INFO      [DIRECTO] Módulo 'sos': 3,175 filas retenidas
2026-06-22 14:54:25  [etl.shared_loader]  ✓ INFO      [ISM] Módulo 'sos': 750 filas retenidas
2026-06-22 14:54:25  [etl.shared_loader]  ✓ INFO      Carga compartida completada
2026-06-22 14:54:25  [etl.orquestador]   ✓ INFO      shared_loader completado en 3.2s
2026-06-22 14:54:25  [etl.orquestador]   ✓ INFO      ────────────────────────────────────────────────────────
2026-06-22 14:54:25  [etl.orquestador]   ✓ INFO      FASE 1 — Lanzando 1 ETLs en paralelo (0 skipped)
2026-06-22 14:54:25  [etl.orquestador]   ✓ INFO      ────────────────────────────────────────────────────────
2026-06-22 14:54:25  [etl.sos]           ✓ INFO      ────────────────────────────────────────────────────────
2026-06-22 14:54:25  [etl.sos]           ✓ INFO      ETL SOS — iniciando
2026-06-22 14:54:25  [etl.sos]           ✓ INFO      PT filtrado persistido: 497 PDVs únicos
2026-06-22 14:54:25  [etl.sos]           ✓ INFO      6 archivo(s) de encuesta SOS encontrado(s)
2026-06-22 14:54:25  [etl.sos]           · DEBUG     [stdout] --- PASO 2: Consolidando Encuestas SOS  (Abril_2026) ---
2026-06-22 14:54:25  [etl.sos]           ✓ INFO      [stdout] ✓ Respuestas SOS Abril 2026.xlsx
2026-06-22 14:54:25  [etl.sos]           ✓ INFO      [stdout] ✓ Respuestas SOS Baby Abril 2026.xlsx
2026-06-22 14:55:00  [etl.sos]           ✓ INFO      [stdout] ✅ EXITO: Encuestas unidas (2 archivo(s)).
2026-06-22 14:55:00  [etl.sos]           ✓ INFO      Encuestas SOS consolidadas
2026-06-22 14:55:00  [etl.sos]           · DEBUG     [stdout] --- PASO 3: Generando Reporte de Cumplimiento  (Abril_2026) ---
2026-06-22 14:55:10  [etl.sos]           ✓ INFO      [stdout] ✅ EXITO: Reporte de capturas generado con Captura Planeada, Fechas y periodo Abril_2026.
2026-06-22 14:55:10  [etl.sos]           ✓ INFO      Cumplimiento de captura calculado
2026-06-22 14:55:10  [etl.sos]           · DEBUG     [stdout] --- PASO 4: Normalizando Target  (Abril_2026) ---
2026-06-22 14:55:10  [etl.sos]           · DEBUG     [stdout] 📂 Archivo detectado: Colombia-sos-target-202604.xlsx
2026-06-22 14:55:20  [etl.sos]           ✓ INFO      [stdout] ✅ EXITO: Target normalizado guardado en: C:\Users\Usuario\OneDrive - Universidad de los Andes\Escritorio\PROYECTO_EFICACIA\BASES\SOS\Colombia_sos_target_Normalizado.xlsx
2026-06-22 14:55:20  [etl.sos]           ✓ INFO      Target normalizado
2026-06-22 14:55:20  [etl.sos]           · DEBUG     [stdout] --- PASO 5: Generando Reporte Final (Cruce Triple y Cálculos)  (Abril_2026) ---
2026-06-22 14:55:30  [etl.sos]           ⚠ WARNING   [stdout] ⚠️  No se pudo leer el reporte SOS previo (Reindexing only valid with uniquely valued Index objects); se sobrescribe.
2026-06-22 14:55:31  [etl.sos]           ✓ INFO      [stdout] ✅ EXITO: Reporte Final SOS (Abril_2026) generado en: C:\Users\Usuario\OneDrive - Universidad de los Andes\Escritorio\PROYECTO_EFICACIA\SALIDA\SOS\Reporte_SOS_Final_Calculado.xlsx
2026-06-22 14:55:31  [etl.sos]           ✓ INFO      Cruce triple y cálculo SOS completado
2026-06-22 14:55:31  [etl.sos]           · DEBUG     [stdout] --- PASO 6 (V3): RESUMEN KPI SOS por gestor  (Abril_2026) ---
2026-06-22 14:55:31  [etl.sos]           · DEBUG     [stdout] Leyendo: Cumplimiento_Captura_SOS.xlsx (497 filas)
2026-06-22 14:55:31  [etl.sos]           ✓ INFO      [stdout] ✅ Mes activo: 121 gestores → SOS_KPIS.xlsx
2026-06-22 14:55:31  [etl.sos]           ✓ INFO      [stdout] ✅ Histórico acumulado → SOS_KPIS_HISTORICO.xlsx
2026-06-22 14:55:31  [etl.sos]           ✓ INFO      KPI SOS consolidado
2026-06-22 14:55:31  [etl.sos]           ✓ INFO      ETL SOS — completado
2026-06-22 14:55:31  [etl.sos]           ✓ INFO      Duración total: 66.3s
2026-06-22 14:55:31  [etl.orquestador]   ✓ INFO      ETL 'sos' terminó — ✓ OK en 66.3s
2026-06-22 14:55:31  [etl.orquestador]   ✓ INFO      ════════════════════════════════════════════════════════
2026-06-22 14:55:31  [etl.orquestador]   ✓ INFO      REPORTE DE EJECUCIÓN
2026-06-22 14:55:31  [etl.orquestador]   ✓ INFO      ════════════════════════════════════════════════════════
2026-06-22 14:55:31  [etl.orquestador]   ✓ INFO        ETL                    Estado           Tiempo
2026-06-22 14:55:31  [etl.orquestador]   ✓ INFO        ────────────────────── ────────────── ────────
2026-06-22 14:55:31  [etl.orquestador]   ✓ INFO        sos                    ✓ OK              66.3s
2026-06-22 14:55:31  [etl.orquestador]   ✓ INFO        ────────────────────── ────────────── ────────
2026-06-22 14:55:31  [etl.orquestador]   ✓ INFO        shared_loader          ✓ OK               3.2s
2026-06-22 14:55:31  [etl.orquestador]   ✓ INFO        TOTAL (paralelo)                         69.6s
2026-06-22 14:55:31  [etl.orquestador]   ✓ INFO        Sin paralelismo (est.)                   69.5s
2026-06-22 14:55:31  [etl.orquestador]   ✓ INFO        Ahorro estimado                          -0.0s
2026-06-22 14:55:31  [etl.orquestador]   ✓ INFO      ────────────────────────────────────────────────────────
2026-06-22 14:55:31  [etl.orquestador]   ✓ INFO      Eventos: 0 CRITICAL  |  0 ERROR  |  4 WARNING
2026-06-22 14:55:31  [etl.orquestador]   ✓ INFO      ························································
2026-06-22 14:55:31  [etl.orquestador]   ✓ INFO        WARNING (4)
2026-06-22 14:55:31  [etl.orquestador]   ✓ INFO      ························································
2026-06-22 14:55:31  [etl.orquestador]   ✓ INFO        14:53:11  [shared_loader]     [DIRECTO] Módulo 'precios': el filtro devolvió 0 filas (columna 'PRECIOS' sin valores = 1, o IDs sin coincidencia en el PT)
2026-06-22 14:55:31  [etl.orquestador]   ✓ INFO        14:54:21  [sos]               [stdout] ⚠️  No se pudo leer el reporte SOS previo (Reindexing only valid with uniquely valued Index objects); se sobrescribe.
2026-06-22 14:55:31  [etl.orquestador]   ✓ INFO        14:54:25  [shared_loader]     [DIRECTO] Módulo 'precios': el filtro devolvió 0 filas (columna 'PRECIOS' sin valores = 1, o IDs sin coincidencia en el PT)
2026-06-22 14:55:31  [etl.orquestador]   ✓ INFO        14:55:30  [sos]               [stdout] ⚠️  No se pudo leer el reporte SOS previo (Reindexing only valid with uniquely valued Index objects); se sobrescribe.
2026-06-22 14:55:31  [etl.orquestador]   ✓ INFO      ════════════════════════════════════════════════════════
2026-06-22 14:55:31  [etl.orquestador]   ✓ INFO      Log completo guardado en: C:\Users\Usuario\OneDrive - Universidad de los Andes\Escritorio\PROYECTO_EFICACIA\SCRIPTS\logs\ejecucion_202603_a_202605_20260622_145308.log
2026-06-22 14:55:31  [etl.orquestador]   ✓ INFO      Fin: 2026-06-22 14:55:31
2026-06-22 14:55:31  [etl.orquestador]   ✓ INFO      ════════════════════════════════════════════════════════
2026-06-22 14:55:31  [etl.orquestador]   ✓ INFO      
2026-06-22 14:55:31  [etl.orquestador]   ✓ INFO      ▶ PERIODO 3/3: Mayo_2026
2026-06-22 14:55:31  [etl.orquestador]   ✓ INFO      ════════════════════════════════════════════════════════
2026-06-22 14:55:31  [etl.orquestador]   ✓ INFO      ORQUESTADOR ETLs — Eficacia
2026-06-22 14:55:31  [etl.orquestador]   ✓ INFO      Inicio: 2026-06-22 14:55:31
2026-06-22 14:55:31  [etl.orquestador]   ✓ INFO      Run ID: 20260622T145308_08499c
2026-06-22 14:55:31  [etl.orquestador]   ✓ INFO      Periodo: Mayo_2026 (05/2026)
2026-06-22 14:55:31  [etl.orquestador]   ✓ INFO      ETLs seleccionados: ['sos']
2026-06-22 14:55:31  [etl.orquestador]   ✓ INFO      Workers paralelos: 6
2026-06-22 14:55:31  [etl.orquestador]   ✓ INFO      Skip si cached: False
2026-06-22 14:55:31  [etl.orquestador]   ✓ INFO      ════════════════════════════════════════════════════════
2026-06-22 14:55:31  [etl.shared_loader]  ✓ INFO      PT Directo detectado: Plan de trabajo Directo Mayo 2026.xlsx
2026-06-22 14:55:31  [etl.shared_loader]  ✓ INFO      PT ISM detectado: Plan de trabajo ISM Mayo 2026.xlsx
2026-06-22 14:55:31  [etl.shared_loader]  ✓ INFO      ━━━━━━━━━━━━━━━━━━━━━━━━━━━━━━━━━━━━━━━━━━━━━━━━━━
2026-06-22 14:55:31  [etl.shared_loader]  ✓ INFO      Iniciando carga compartida del Plan de Trabajo
2026-06-22 14:55:31  [etl.shared_loader]  ✓ INFO      ━━━━━━━━━━━━━━━━━━━━━━━━━━━━━━━━━━━━━━━━━━━━━━━━━━
2026-06-22 14:55:34  [etl.shared_loader]  ✓ INFO      [DIRECTO] 8,755 filas PT  |  3,319 filas módulos cargadas
2026-06-22 14:55:34  [etl.shared_loader]  ✓ INFO      [ISM] 2,445 filas PT  |  859 filas módulos cargadas
2026-06-22 14:55:34  [etl.shared_loader]  ✓ INFO      PT consolidado: 11,200 filas totales
2026-06-22 14:55:34  [etl.shared_loader]  ✓ INFO      Periodo forzado por el caller: Mes 5 | Año 2026
2026-06-22 14:55:34  [etl.shared_loader]  ✓ INFO      Aplicando filtros por módulo
2026-06-22 14:55:34  [etl.shared_loader]  ✓ INFO      [DIRECTO] Módulo 'no_presencia': 5,182 filas retenidas
2026-06-22 14:55:34  [etl.shared_loader]  ✓ INFO      [ISM] Módulo 'no_presencia': 981 filas retenidas
2026-06-22 14:55:34  [etl.shared_loader]  ✓ INFO      [DIRECTO] Módulo 'precios': 3,152 filas retenidas
2026-06-22 14:55:34  [etl.shared_loader]  ✓ INFO      [ISM] Módulo 'precios': 622 filas retenidas
2026-06-22 14:55:34  [etl.shared_loader]  ✓ INFO      [DIRECTO] Módulo 'sos': 3,165 filas retenidas
2026-06-22 14:55:34  [etl.shared_loader]  ✓ INFO      [ISM] Módulo 'sos': 622 filas retenidas
2026-06-22 14:55:34  [etl.shared_loader]  ✓ INFO      Carga compartida completada
2026-06-22 14:55:34  [etl.orquestador]   ✓ INFO      shared_loader completado en 3.0s
2026-06-22 14:55:34  [etl.orquestador]   ✓ INFO      ────────────────────────────────────────────────────────
2026-06-22 14:55:34  [etl.orquestador]   ✓ INFO      FASE 1 — Lanzando 1 ETLs en paralelo (0 skipped)
2026-06-22 14:55:34  [etl.orquestador]   ✓ INFO      ────────────────────────────────────────────────────────
2026-06-22 14:55:34  [etl.sos]           ✓ INFO      ────────────────────────────────────────────────────────
2026-06-22 14:55:34  [etl.sos]           ✓ INFO      ETL SOS — iniciando
2026-06-22 14:55:34  [etl.sos]           ✓ INFO      PT filtrado persistido: 482 PDVs únicos
2026-06-22 14:55:34  [etl.sos]           ✓ INFO      6 archivo(s) de encuesta SOS encontrado(s)
2026-06-22 14:55:34  [etl.sos]           · DEBUG     [stdout] --- PASO 2: Consolidando Encuestas SOS  (Mayo_2026) ---
2026-06-22 14:55:34  [etl.sos]           ✓ INFO      [stdout] ✓ Respuestas SOS Mayo 2026.xlsx
2026-06-22 14:55:34  [etl.sos]           ✓ INFO      [stdout] ✓ Respuestas SOS Baby Mayo 2026.xlsx
2026-06-22 14:56:10  [etl.sos]           ✓ INFO      [stdout] ✅ EXITO: Encuestas unidas (2 archivo(s)).
2026-06-22 14:56:10  [etl.sos]           ✓ INFO      Encuestas SOS consolidadas
2026-06-22 14:56:10  [etl.sos]           · DEBUG     [stdout] --- PASO 3: Generando Reporte de Cumplimiento  (Mayo_2026) ---
2026-06-22 14:56:19  [etl.sos]           ✓ INFO      [stdout] ✅ EXITO: Reporte de capturas generado con Captura Planeada, Fechas y periodo Mayo_2026.
2026-06-22 14:56:19  [etl.sos]           ✓ INFO      Cumplimiento de captura calculado
2026-06-22 14:56:19  [etl.sos]           · DEBUG     [stdout] --- PASO 4: Normalizando Target  (Mayo_2026) ---
2026-06-22 14:56:19  [etl.sos]           · DEBUG     [stdout] 📂 Archivo detectado: Colombia-sos-target-202605.xlsx
2026-06-22 14:56:29  [etl.sos]           ✓ INFO      [stdout] ✅ EXITO: Target normalizado guardado en: C:\Users\Usuario\OneDrive - Universidad de los Andes\Escritorio\PROYECTO_EFICACIA\BASES\SOS\Colombia_sos_target_Normalizado.xlsx
2026-06-22 14:56:29  [etl.sos]           ✓ INFO      Target normalizado
2026-06-22 14:56:29  [etl.sos]           · DEBUG     [stdout] --- PASO 5: Generando Reporte Final (Cruce Triple y Cálculos)  (Mayo_2026) ---
2026-06-22 14:56:39  [etl.sos]           ⚠ WARNING   [stdout] ⚠️  No se pudo leer el reporte SOS previo (Reindexing only valid with uniquely valued Index objects); se sobrescribe.
2026-06-22 14:56:40  [etl.sos]           ✓ INFO      [stdout] ✅ EXITO: Reporte Final SOS (Mayo_2026) generado en: C:\Users\Usuario\OneDrive - Universidad de los Andes\Escritorio\PROYECTO_EFICACIA\SALIDA\SOS\Reporte_SOS_Final_Calculado.xlsx
2026-06-22 14:56:40  [etl.sos]           ✓ INFO      Cruce triple y cálculo SOS completado
2026-06-22 14:56:40  [etl.sos]           · DEBUG     [stdout] --- PASO 6 (V3): RESUMEN KPI SOS por gestor  (Mayo_2026) ---
2026-06-22 14:56:40  [etl.sos]           · DEBUG     [stdout] Leyendo: Cumplimiento_Captura_SOS.xlsx (482 filas)
2026-06-22 14:56:40  [etl.sos]           ✓ INFO      [stdout] ✅ Mes activo: 74 gestores → SOS_KPIS.xlsx
2026-06-22 14:56:40  [etl.sos]           ✓ INFO      [stdout] ✅ Histórico acumulado → SOS_KPIS_HISTORICO.xlsx
2026-06-22 14:56:40  [etl.sos]           ✓ INFO      KPI SOS consolidado
2026-06-22 14:56:40  [etl.sos]           ✓ INFO      ETL SOS — completado
2026-06-22 14:56:40  [etl.sos]           ✓ INFO      Duración total: 66.0s
2026-06-22 14:56:40  [etl.orquestador]   ✓ INFO      ETL 'sos' terminó — ✓ OK en 66.0s
2026-06-22 14:56:40  [etl.orquestador]   ✓ INFO      ════════════════════════════════════════════════════════
2026-06-22 14:56:40  [etl.orquestador]   ✓ INFO      REPORTE DE EJECUCIÓN
2026-06-22 14:56:40  [etl.orquestador]   ✓ INFO      ════════════════════════════════════════════════════════
2026-06-22 14:56:40  [etl.orquestador]   ✓ INFO        ETL                    Estado           Tiempo
2026-06-22 14:56:40  [etl.orquestador]   ✓ INFO        ────────────────────── ────────────── ────────
2026-06-22 14:56:40  [etl.orquestador]   ✓ INFO        sos                    ✓ OK              66.0s
2026-06-22 14:56:40  [etl.orquestador]   ✓ INFO        ────────────────────── ────────────── ────────
2026-06-22 14:56:40  [etl.orquestador]   ✓ INFO        shared_loader          ✓ OK               3.0s
2026-06-22 14:56:40  [etl.orquestador]   ✓ INFO        TOTAL (paralelo)                         69.0s
2026-06-22 14:56:40  [etl.orquestador]   ✓ INFO        Sin paralelismo (est.)                   69.0s
2026-06-22 14:56:40  [etl.orquestador]   ✓ INFO        Ahorro estimado                          -0.0s
2026-06-22 14:56:40  [etl.orquestador]   ✓ INFO      ────────────────────────────────────────────────────────
2026-06-22 14:56:40  [etl.orquestador]   ✓ INFO      Eventos: 0 CRITICAL  |  0 ERROR  |  5 WARNING
2026-06-22 14:56:40  [etl.orquestador]   ✓ INFO      ························································
2026-06-22 14:56:40  [etl.orquestador]   ✓ INFO        WARNING (5)
2026-06-22 14:56:40  [etl.orquestador]   ✓ INFO      ························································
2026-06-22 14:56:40  [etl.orquestador]   ✓ INFO        14:53:11  [shared_loader]     [DIRECTO] Módulo 'precios': el filtro devolvió 0 filas (columna 'PRECIOS' sin valores = 1, o IDs sin coincidencia en el PT)
2026-06-22 14:56:40  [etl.orquestador]   ✓ INFO        14:54:21  [sos]               [stdout] ⚠️  No se pudo leer el reporte SOS previo (Reindexing only valid with uniquely valued Index objects); se sobrescribe.
2026-06-22 14:56:40  [etl.orquestador]   ✓ INFO        14:54:25  [shared_loader]     [DIRECTO] Módulo 'precios': el filtro devolvió 0 filas (columna 'PRECIOS' sin valores = 1, o IDs sin coincidencia en el PT)
2026-06-22 14:56:40  [etl.orquestador]   ✓ INFO        14:55:30  [sos]               [stdout] ⚠️  No se pudo leer el reporte SOS previo (Reindexing only valid with uniquely valued Index objects); se sobrescribe.
2026-06-22 14:56:40  [etl.orquestador]   ✓ INFO        14:56:39  [sos]               [stdout] ⚠️  No se pudo leer el reporte SOS previo (Reindexing only valid with uniquely valued Index objects); se sobrescribe.
2026-06-22 14:56:40  [etl.orquestador]   ✓ INFO      ════════════════════════════════════════════════════════
2026-06-22 14:56:40  [etl.orquestador]   ✓ INFO      Log completo guardado en: C:\Users\Usuario\OneDrive - Universidad de los Andes\Escritorio\PROYECTO_EFICACIA\SCRIPTS\logs\ejecucion_202603_a_202605_20260622_145308.log
2026-06-22 14:56:40  [etl.orquestador]   ✓ INFO      Fin: 2026-06-22 14:56:40
2026-06-22 14:56:40  [etl.orquestador]   ✓ INFO      ════════════════════════════════════════════════════════
2026-06-22 14:56:40  [etl.orquestador]   ✓ INFO      
2026-06-22 14:56:40  [etl.orquestador]   ✓ INFO      ══════════════════════════════════════════════════════════════════════
2026-06-22 14:56:40  [etl.orquestador]   ✓ INFO      FASE FINAL — Regenerando capa GOLD
2026-06-22 14:56:40  [etl.orquestador]   ✓ INFO      ══════════════════════════════════════════════════════════════════════
2026-06-22 14:56:54  [etl.orquestador]   ✓ INFO      GOLD regenerado OK
