2026-07-29 08:17:05  [etl.sistema]       ✓ INFO      Logging inicializado — archivo: C:\1\OneDrive - Eficacia\Escritorio\ETLS\SCRIPTS\logs\ejecucion_202607_20260729_081705.log
2026-07-29 08:17:05  [etl.orquestador]   ✓ INFO      Run ID compartido para esta corrida: 20260729T081705_9ebfd9
2026-07-29 08:17:05  [etl.orquestador]   ✓ INFO      ════════════════════════════════════════════════════════
2026-07-29 08:17:05  [etl.orquestador]   ✓ INFO      ORQUESTADOR ETLs — Eficacia
2026-07-29 08:17:05  [etl.orquestador]   ✓ INFO      Inicio: 2026-07-29 08:17:05
2026-07-29 08:17:05  [etl.orquestador]   ✓ INFO      Run ID: 20260729T081705_9ebfd9
2026-07-29 08:17:05  [etl.orquestador]   ✓ INFO      Periodo: Julio_2026 (07/2026)
2026-07-29 08:17:05  [etl.orquestador]   ✓ INFO      ETLs seleccionados: ['cif', 'nopresencia', 'precios', 'sos', 'exhib_pagadas', 'exhib_gratis', 'ventas', 'impactos', 'impactos_segmentos']
2026-07-29 08:17:05  [etl.orquestador]   ✓ INFO      Workers paralelos: 6
2026-07-29 08:17:05  [etl.orquestador]   ✓ INFO      Skip si cached: False
2026-07-29 08:17:05  [etl.orquestador]   ✓ INFO      ════════════════════════════════════════════════════════
2026-07-29 08:17:05  [etl.shared_loader]  ✓ INFO      PT Directo detectado: Plan de trabajo Directo Julio 2026.xlsx
2026-07-29 08:17:05  [etl.shared_loader]  ✓ INFO      PT ISM detectado: Plan de trabajo ISM Julio 2026.xlsx
2026-07-29 08:17:05  [etl.shared_loader]  ✓ INFO      ━━━━━━━━━━━━━━━━━━━━━━━━━━━━━━━━━━━━━━━━━━━━━━━━━━
2026-07-29 08:17:05  [etl.shared_loader]  ✓ INFO      Iniciando carga compartida del Plan de Trabajo
2026-07-29 08:17:05  [etl.shared_loader]  ✓ INFO      ━━━━━━━━━━━━━━━━━━━━━━━━━━━━━━━━━━━━━━━━━━━━━━━━━━
2026-07-29 08:17:08  [etl.shared_loader]  ✓ INFO      [DIRECTO] 8,601 filas PT  |  3,262 filas módulos cargadas
2026-07-29 08:17:09  [etl.shared_loader]  ✓ INFO      [ISM] 2,530 filas PT  |  888 filas módulos cargadas
2026-07-29 08:17:09  [etl.shared_loader]  ✓ INFO      PT consolidado: 11,131 filas totales
2026-07-29 08:17:09  [etl.shared_loader]  ✓ INFO      Periodo forzado por el caller: Mes 7 | Año 2026
2026-07-29 08:17:09  [etl.shared_loader]  ✓ INFO      Aplicando filtros por módulo
2026-07-29 08:17:09  [etl.shared_loader]  ✓ INFO      [DIRECTO] Módulo 'no_presencia': 5,073 filas retenidas
2026-07-29 08:17:09  [etl.shared_loader]  ✓ INFO      [ISM] Módulo 'no_presencia': 980 filas retenidas
2026-07-29 08:17:09  [etl.shared_loader]  ⚠ WARNING   [DIRECTO] Módulo 'precios': el filtro devolvió 0 filas (columna 'PRECIOS' sin valores = 1, o IDs sin coincidencia en el PT)
2026-07-29 08:17:09  [etl.shared_loader]  ✓ INFO      [ISM] Módulo 'precios': 791 filas retenidas
2026-07-29 08:17:09  [etl.shared_loader]  ✓ INFO      [DIRECTO] Módulo 'sos': 4,084 filas retenidas
2026-07-29 08:17:09  [etl.shared_loader]  ✓ INFO      [ISM] Módulo 'sos': 759 filas retenidas
2026-07-29 08:17:09  [etl.shared_loader]  ✓ INFO      Carga compartida completada
2026-07-29 08:17:09  [etl.orquestador]   ✓ INFO      shared_loader completado en 3.6s
2026-07-29 08:17:09  [etl.orquestador]   ✓ INFO      ────────────────────────────────────────────────────────
2026-07-29 08:17:09  [etl.orquestador]   ✓ INFO      FASE 1 — Lanzando 9 ETLs en paralelo (0 skipped)
2026-07-29 08:17:09  [etl.orquestador]   ✓ INFO      ────────────────────────────────────────────────────────
2026-07-29 08:17:09  [etl.exhib_pagadas]  ✓ INFO      ────────────────────────────────────────────────────────
2026-07-29 08:17:09  [etl.exhib_pagadas]  ✓ INFO      ETL Exhibiciones Pagadas — iniciando
2026-07-29 08:17:09  [etl.exhib_pagadas]  ☠ CRITICAL  Excepción no capturada — ETL abortado
Traceback (most recent call last):
  File "C:\1\OneDrive - Eficacia\Escritorio\ETLS\SCRIPTS\run_all.py", line 416, in _ejecutar_etl
    fn(spec=spec)
  File "C:\1\OneDrive - Eficacia\Escritorio\ETLS\SCRIPTS\run_all.py", line 277, in _run_exhibiciones_pagadas
    etl_exhibiciones_pagadas.ejecutar_proceso(spec)
TypeError: ejecutar_proceso() missing 2 required positional arguments: 'headers' and 'site_id'

2026-07-29 08:17:09  [etl.exhib_pagadas]  ✗ ERROR     Duración hasta fallo: 0.0s
2026-07-29 08:17:09  [etl.ventas]        ✓ INFO      ────────────────────────────────────────────────────────
2026-07-29 08:17:09  [etl.orquestador]   ✓ INFO      ETL 'exhib_pagadas' terminó — ✗ FALLÓ en 0.0s
2026-07-29 08:17:09  [etl.ventas]        ✓ INFO      ETL Ventas D&P — iniciando
2026-07-29 08:17:09  [etl.ventas]        · DEBUG     [stdout] 🔒 Autenticando con Microsoft Graph API...
2026-07-29 08:17:09  [etl.precios]       ✓ INFO      ────────────────────────────────────────────────────────
2026-07-29 08:17:09  [etl.precios]       ✓ INFO      ETL Precios — iniciando
2026-07-29 08:17:09  [etl.precios]       ☠ CRITICAL  Excepción no capturada — ETL abortado
Traceback (most recent call last):
  File "C:\1\OneDrive - Eficacia\Escritorio\ETLS\SCRIPTS\run_all.py", line 414, in _ejecutar_etl
    fn(df_pt, spec.mes, spec.anio)
  File "C:\1\OneDrive - Eficacia\Escritorio\ETLS\SCRIPTS\run_all.py", line 166, in _run_precios
    from etl_precios import (
ImportError: cannot import name 'RUTA_ORIGEN_PRECIOS' from 'etl_precios' (C:\1\OneDrive - Eficacia\Escritorio\ETLS\SCRIPTS\etl_precios.py)

2026-07-29 08:17:09  [etl.precios]       ✗ ERROR     Duración hasta fallo: 0.0s
2026-07-29 08:17:09  [etl.impactos]      ✓ INFO      ────────────────────────────────────────────────────────
2026-07-29 08:17:09  [etl.orquestador]   ✓ INFO      ETL 'precios' terminó — ✗ FALLÓ en 0.0s
2026-07-29 08:17:09  [etl.impactos]      ✓ INFO      ETL Impactos D&P — iniciando
2026-07-29 08:17:09  [etl.ventas]        · DEBUG     [stdout] 📍 Origen: C:\1\OneDrive - Eficacia\Escritorio\ETLS\BASES\D&P\02. Impactos
2026-07-29 08:17:09  [etl.impactos]      · DEBUG     [stdout] 📍 Origen: C:\1\OneDrive - Eficacia\Escritorio\ETLS\BASES\D&P\02. Impactos
2026-07-29 08:17:09  [etl.ventas]        · DEBUG     [stdout] 📁 Salida: C:\1\OneDrive - Eficacia\Escritorio\ETLS\SALIDA\D&P\Consolidado_Impactos.csv
2026-07-29 08:17:09  [etl.impactos]      · DEBUG     [stdout] 📁 Salida: C:\1\OneDrive - Eficacia\Escritorio\ETLS\SALIDA\D&P\Consolidado_Impactos.csv
2026-07-29 08:17:09  [etl.ventas]        ✓ INFO      [stdout] ✅ Archivos encontrados (2024+): 5
2026-07-29 08:17:09  [etl.impactos]      ✓ INFO      [stdout] ✅ Archivos encontrados (2024+): 5
2026-07-29 08:17:09  [etl.exhib_gratis]  ✓ INFO      ────────────────────────────────────────────────────────
2026-07-29 08:17:09  [etl.cif]           ✓ INFO      ────────────────────────────────────────────────────────
2026-07-29 08:17:09  [etl.exhib_gratis]  ✓ INFO      ETL Exhibiciones Gratis — iniciando
2026-07-29 08:17:09  [etl.ventas]        · DEBUG     [stdout] ── Resolviendo fuentes en SharePoint (Julio_2026) ─
2026-07-29 08:17:09  [etl.impactos]      · DEBUG     [stdout] ── Resolviendo fuentes en SharePoint (Julio_2026) ─
2026-07-29 08:17:09  [etl.exhib_gratis]  · DEBUG     [stdout] ── Resolviendo fuentes en SharePoint (Julio_2026) ─
2026-07-29 08:17:09  [etl.cif]           ✓ INFO      ETL CIF — iniciando
2026-07-29 08:17:09  [etl.cif]           · DEBUG     [stdout] ── Resolviendo fuentes en SharePoint (Julio_2026) ─
2026-07-29 08:17:09  [etl.ventas]        · DEBUG     [stdout] ☁️ [NUBE / AZURE API] Rutas aplicadas para el periodo Julio_2026:
2026-07-29 08:17:09  [etl.impactos]      · DEBUG     [stdout] ☁️ [NUBE / AZURE API] Rutas aplicadas para el periodo Julio_2026:
2026-07-29 08:17:09  [etl.exhib_gratis]  · DEBUG     [stdout] ☁️ [NUBE / AZURE API] Rutas aplicadas para el periodo Julio_2026:
2026-07-29 08:17:09  [etl.cif]           · DEBUG     [stdout] ☁️ [NUBE / AZURE API] Rutas aplicadas para el periodo Julio_2026:
2026-07-29 08:17:09  [etl.ventas]        · DEBUG     [stdout] [informar] 1 archivo(s):
2026-07-29 08:17:09  [etl.impactos]      · DEBUG     [stdout] [informar] 1 archivo(s):
2026-07-29 08:17:09  [etl.exhib_gratis]  · DEBUG     [stdout] [informar] 1 archivo(s):
2026-07-29 08:17:09  [etl.cif]           · DEBUG     [stdout] [informar] 1 archivo(s):
2026-07-29 08:17:09  [etl.ventas]        · DEBUG     [stdout] - Ruta: Equipo Información/BI/INVOLVES/BASES DE RESPUESTAS/EXHIBICIONES/2026/Base Exhibiciones Informar Julio 2026.xlsx
2026-07-29 08:17:09  [etl.impactos]      · DEBUG     [stdout] - Ruta: Equipo Información/BI/INVOLVES/BASES DE RESPUESTAS/EXHIBICIONES/2026/Base Exhibiciones Informar Julio 2026.xlsx
2026-07-29 08:17:09  [etl.exhib_gratis]  · DEBUG     [stdout] - Ruta: Equipo Información/BI/INVOLVES/BASES DE RESPUESTAS/EXHIBICIONES/2026/Base Exhibiciones Informar Julio 2026.xlsx
2026-07-29 08:17:09  [etl.cif]           · DEBUG     [stdout] - Ruta: Equipo Información/BI/INVOLVES/BASES DE RESPUESTAS/EXHIBICIONES/2026/Base Exhibiciones Informar Julio 2026.xlsx
2026-07-29 08:17:09  [etl.ventas]        · DEBUG     [stdout] [planning] 1 archivo(s):
2026-07-29 08:17:09  [etl.cif]           ✓ INFO      Paso 1 — PT consolidado: 11,131 filas
2026-07-29 08:17:09  [etl.impactos]      · DEBUG     [stdout] [planning] 1 archivo(s):
2026-07-29 08:17:09  [etl.ventas]        · DEBUG     [stdout] Modo upsert — reprocesando: 07. Julio base impactos - cuota.xlsx
2026-07-29 08:17:09  [etl.exhib_gratis]  · DEBUG     [stdout] [planning] 1 archivo(s):  Modo upsert — reprocesando: 07. Julio base impactos - cuota.xlsx
2026-07-29 08:17:09  [etl.impactos]      · DEBUG     [stdout] Modo upsert — reprocesando: 07. Julio base impactos - cuota.xlsx
2026-07-29 08:17:09  [etl.cif]           ☠ CRITICAL  Excepción no capturada — ETL abortado
Traceback (most recent call last):
  File "C:\1\OneDrive - Eficacia\Escritorio\ETLS\SCRIPTS\run_all.py", line 414, in _ejecutar_etl
    fn(df_pt, spec.mes, spec.anio)
  File "C:\1\OneDrive - Eficacia\Escritorio\ETLS\SCRIPTS\run_all.py", line 79, in _run_cif
    etl_cif.RUTA_CONSOLIDADO, index=False,
    ^^^^^^^^^^^^^^^^^^^^^^^^
AttributeError: module 'etl_cif' has no attribute 'RUTA_CONSOLIDADO'

2026-07-29 08:17:09  [etl.cif]           · DEBUG     [stdout] [planning] 1 archivo(s):  Modo upsert — reprocesando: 07. Julio base impactos - cuota.xlsx
2026-07-29 08:17:09  [etl.ventas]        · DEBUG     [stdout] → Procesando: 07. Julio base impactos - cuota.xlsx
2026-07-29 08:17:09  [etl.impactos]      · DEBUG     [stdout] → Procesando: 07. Julio base impactos - cuota.xlsx    - Ruta: Equipo Información/BI/INVOLVES/BASES DE RESPUESTAS/EXHIBICIONES/2026/Base Exhibiciones Planning Julio 2026.xlsx
2026-07-29 08:17:09  [etl.exhib_gratis]  · DEBUG     [stdout] → Procesando: 07. Julio base impactos - cuota.xlsx    - Ruta: Equipo Información/BI/INVOLVES/BASES DE RESPUESTAS/EXHIBICIONES/2026/Base Exhibiciones Planning Julio 2026.xlsx
2026-07-29 08:17:09  [etl.ventas]        · DEBUG     [stdout] - Ruta: Equipo Información/BI/INVOLVES/BASES DE RESPUESTAS/EXHIBICIONES/2026/Base Exhibiciones Planning Julio 2026.xlsx
2026-07-29 08:17:09  [etl.cif]           · DEBUG     [stdout] → Procesando: 07. Julio base impactos - cuota.xlsx
2026-07-29 08:17:09  [etl.nopresencia]   ✓ INFO      ────────────────────────────────────────────────────────
2026-07-29 08:17:09  [etl.nopresencia]   · DEBUG     [stdout] - Ruta: Equipo Información/BI/INVOLVES/BASES DE RESPUESTAS/EXHIBICIONES/2026/Base Exhibiciones Planning Julio 2026.xlsx
2026-07-29 08:17:09  [etl.nopresencia]   ✓ INFO      ETL No Presencia — iniciando
2026-07-29 08:17:09  [etl.ventas]        · DEBUG     [stdout] [visitas] 1 archivo(s):
2026-07-29 08:17:09  [etl.impactos]      · DEBUG     [stdout] [visitas] 1 archivo(s):
2026-07-29 08:17:09  [etl.exhib_gratis]  · DEBUG     [stdout] [visitas] 1 archivo(s):
2026-07-29 08:17:09  [etl.nopresencia]   ☠ CRITICAL  Excepción no capturada — ETL abortado
Traceback (most recent call last):
  File "C:\1\OneDrive - Eficacia\Escritorio\ETLS\SCRIPTS\run_all.py", line 414, in _ejecutar_etl
    fn(df_pt, spec.mes, spec.anio)
  File "C:\1\OneDrive - Eficacia\Escritorio\ETLS\SCRIPTS\run_all.py", line 112, in _run_nopresencia
    from etl_nopresencia import (
ImportError: cannot import name 'RUTA_PT_CONSOLIDADO_FINAL' from 'etl_nopresencia' (C:\1\OneDrive - Eficacia\Escritorio\ETLS\SCRIPTS\etl_nopresencia.py)

2026-07-29 08:17:09  [etl.nopresencia]   · DEBUG     [stdout] [visitas] 1 archivo(s):
2026-07-29 08:17:09  [etl.sos]           ✓ INFO      ────────────────────────────────────────────────────────
2026-07-29 08:17:09  [etl.ventas]        · DEBUG     [stdout] - Ruta: C:\1\OneDrive - Eficacia\Escritorio\ETLS\BASES\CIF\INVOLVES\informe-gerencial-visitas_202607.xlsx
2026-07-29 08:17:09  [etl.impactos]      · DEBUG     [stdout] - Ruta: C:\1\OneDrive - Eficacia\Escritorio\ETLS\BASES\CIF\INVOLVES\informe-gerencial-visitas_202607.xlsx
2026-07-29 08:17:09  [etl.sos]           ✓ INFO      ETL SOS — iniciando
2026-07-29 08:17:09  [etl.exhib_gratis]  · DEBUG     [stdout] - Ruta: C:\1\OneDrive - Eficacia\Escritorio\ETLS\BASES\CIF\INVOLVES\informe-gerencial-visitas_202607.xlsx
2026-07-29 08:17:09  [etl.ventas]        · DEBUG     [stdout] [plan_trabajo] 1 archivo(s):
2026-07-29 08:17:09  [etl.impactos]      · DEBUG     [stdout] [plan_trabajo] 1 archivo(s):
2026-07-29 08:17:09  [etl.exhib_gratis]  · DEBUG     [stdout] [plan_trabajo] 1 archivo(s):
2026-07-29 08:17:09  [etl.ventas]        · DEBUG     [stdout] - Ruta: Equipo Información\BI\INVOLVES\PLAN DE TRABAJO\Plan de trabajo.xlsx
2026-07-29 08:17:09  [etl.impactos]      · DEBUG     [stdout] - Ruta: Equipo Información\BI\INVOLVES\PLAN DE TRABAJO\Plan de trabajo.xlsx
2026-07-29 08:17:09  [etl.sos]           ☠ CRITICAL  Excepción no capturada — ETL abortado
Traceback (most recent call last):
  File "C:\1\OneDrive - Eficacia\Escritorio\ETLS\SCRIPTS\run_all.py", line 414, in _ejecutar_etl
    fn(df_pt, spec.mes, spec.anio)
  File "C:\1\OneDrive - Eficacia\Escritorio\ETLS\SCRIPTS\run_all.py", line 218, in _run_sos
    from etl_sos import (
ImportError: cannot import name 'RUTA_PT_CONSOLIDADO_FINAL' from 'etl_sos' (C:\1\OneDrive - Eficacia\Escritorio\ETLS\SCRIPTS\etl_sos.py)

2026-07-29 08:17:09  [etl.exhib_gratis]  · DEBUG     [stdout] - Ruta: Equipo Información\BI\INVOLVES\PLAN DE TRABAJO\Plan de trabajo.xlsx
2026-07-29 08:17:09  [etl.ventas]        · DEBUG     [stdout] ── Cargando fuentes ────────────
2026-07-29 08:17:09  [etl.impactos]      · DEBUG     [stdout] ── Cargando fuentes ────────────
2026-07-29 08:17:09  [etl.exhib_gratis]  · DEBUG     [stdout] ── Cargando fuentes ────────────
2026-07-29 08:17:09  [etl.nopresencia]   · DEBUG     [stdout] ── Cargando fuentes ────────────
2026-07-29 08:17:09  [etl.ventas]        ✗ ERROR     [stdout] ⚠ Error leyendo archivo (Base Exhibiciones Informar Julio 2026.xlsx): No se encontró la variable AZURE_STORAGE_CONNECTION_STRING en el entorno.
2026-07-29 08:17:09  [etl.impactos]      ✗ ERROR     [stdout] ⚠ Error leyendo archivo (Base Exhibiciones Informar Julio 2026.xlsx): No se encontró la variable AZURE_STORAGE_CONNECTION_STRING en el entorno.
2026-07-29 08:17:09  [etl.exhib_gratis]  ✗ ERROR     [stdout] ⚠ Error leyendo archivo (Base Exhibiciones Informar Julio 2026.xlsx): No se encontró la variable AZURE_STORAGE_CONNECTION_STRING en el entorno.
2026-07-29 08:17:09  [etl.nopresencia]   ✗ ERROR     [stdout] ⚠ Error leyendo archivo (Base Exhibiciones Informar Julio 2026.xlsx): No se encontró la variable AZURE_STORAGE_CONNECTION_STRING en el entorno.
2026-07-29 08:17:09  [etl.ventas]        ✗ ERROR     [stdout] ⚠ Error leyendo archivo (Base Exhibiciones Planning Julio 2026.xlsx): No se encontró la variable AZURE_STORAGE_CONNECTION_STRING en el entorno.
2026-07-29 08:17:09  [etl.nopresencia]   ✗ ERROR     Duración hasta fallo: 0.1s
2026-07-29 08:17:09  [etl.impactos]      ✗ ERROR     [stdout] ⚠ Error leyendo archivo (Base Exhibiciones Planning Julio 2026.xlsx): No se encontró la variable AZURE_STORAGE_CONNECTION_STRING en el entorno.
2026-07-29 08:17:09  [etl.impactos_segmentos]  ✓ INFO      ────────────────────────────────────────────────────────
2026-07-29 08:17:09  [etl.orquestador]   ✓ INFO      ETL 'nopresencia' terminó — ✗ FALLÓ en 0.1s
2026-07-29 08:17:09  [etl.exhib_gratis]  ✗ ERROR     [stdout] ⚠ Error leyendo archivo (Base Exhibiciones Planning Julio 2026.xlsx): No se encontró la variable AZURE_STORAGE_CONNECTION_STRING en el entorno.
2026-07-29 08:17:09  [etl.impactos_segmentos]  ✓ INFO      ETL Impactos por Segmento — iniciando
2026-07-29 08:17:09  [etl.ventas]        · DEBUG     [stdout] =======================================================
2026-07-29 08:17:09  [etl.impactos]      · DEBUG     [stdout] =======================================================
2026-07-29 08:17:09  [etl.nopresencia]   ✗ ERROR     [stdout] ⚠ Error leyendo archivo (Base Exhibiciones Planning Julio 2026.xlsx): No se encontró la variable AZURE_STORAGE_CONNECTION_STRING en el entorno.
2026-07-29 08:17:09  [etl.exhib_gratis]  · DEBUG     [stdout] =======================================================
2026-07-29 08:17:09  [etl.sos]           ✗ ERROR     Duración hasta fallo: 0.1s
2026-07-29 08:17:09  [etl.cif]           ✗ ERROR     Duración hasta fallo: 0.1s
2026-07-29 08:17:09  [etl.nopresencia]   · DEBUG     [stdout] =======================================================
2026-07-29 08:17:09  [etl.orquestador]   ✓ INFO      ETL 'sos' terminó — ✗ FALLÓ en 0.1s
2026-07-29 08:17:09  [etl.impactos_segmentos]  · DEBUG     [stdout] =======================================================
2026-07-29 08:17:09  [etl.orquestador]   ✓ INFO      ETL 'cif' terminó — ✗ FALLÓ en 0.1s
2026-07-29 08:17:09  [etl.ventas]        · DEBUG     [stdout] ETL — Impacto por Segmento (V2)
2026-07-29 08:17:09  [etl.exhib_gratis]  ☠ CRITICAL  Excepción no capturada — ETL abortado
Traceback (most recent call last):
  File "C:\1\OneDrive - Eficacia\Escritorio\ETLS\SCRIPTS\run_all.py", line 416, in _ejecutar_etl
    fn(spec=spec)
  File "C:\1\OneDrive - Eficacia\Escritorio\ETLS\SCRIPTS\run_all.py", line 289, in _run_exhibiciones_gratis
    etl_exhibiciones_gratis.run(spec)
  File "C:\1\OneDrive - Eficacia\Escritorio\ETLS\SCRIPTS\etl_exhibiciones_gratis.py", line 381, in run
    df_enc = load_encuestas(files)
             ^^^^^^^^^^^^^^^^^^^^^
  File "C:\1\OneDrive - Eficacia\Escritorio\ETLS\SCRIPTS\etl_exhibiciones_gratis.py", line 173, in load_encuestas
    if not dfs: raise ValueError("No se encontraron archivos de encuesta ni en local ni en la nube de Azure.")
                ^^^^^^^^^^^^^^^^^^^^^^^^^^^^^^^^^^^^^^^^^^^^^^^^^^^^^^^^^^^^^^^^^^^^^^^^^^^^^^^^^^^^^^^^^^^^^^
ValueError: No se encontraron archivos de encuesta ni en local ni en la nube de Azure.

2026-07-29 08:17:09  [etl.impactos]      · DEBUG     [stdout] ETL — Impacto por Segmento (V2)
2026-07-29 08:17:09  [etl.exhib_gratis]  · DEBUG     [stdout] ETL — Impacto por Segmento (V2)
2026-07-29 08:17:09  [etl.nopresencia]   · DEBUG     [stdout] ETL — Impacto por Segmento (V2)
2026-07-29 08:17:09  [etl.impactos_segmentos]  · DEBUG     [stdout] ETL — Impacto por Segmento (V2)
2026-07-29 08:17:09  [etl.ventas]        · DEBUG     [stdout] =======================================================
2026-07-29 08:17:09  [etl.impactos]      · DEBUG     [stdout] =======================================================
2026-07-29 08:17:09  [etl.ventas]        · DEBUG     [stdout] [1/5] Cargando rutero...
2026-07-29 08:17:09  [etl.impactos]      · DEBUG     [stdout] [1/5] Cargando rutero...
2026-07-29 08:17:09  [etl.exhib_gratis]  ✗ ERROR     Duración hasta fallo: 0.2s
2026-07-29 08:17:09  [etl.orquestador]   ✓ INFO      ETL 'exhib_gratis' terminó — ✗ FALLÓ en 0.2s
2026-07-29 08:17:09  [etl.ventas]        ✓ INFO      [stdout] ✅ Consolidado guardado: C:\1\OneDrive - Eficacia\Escritorio\ETLS\SALIDA\D&P\Consolidado_Impactos.csv  (272 filas)
2026-07-29 08:17:09  [etl.impactos]      ✓ INFO      [stdout] ✅ Consolidado guardado: C:\1\OneDrive - Eficacia\Escritorio\ETLS\SALIDA\D&P\Consolidado_Impactos.csv  (272 filas)
2026-07-29 08:17:09  [etl.impactos]      ✓ INFO      ETL Impactos D&P — completado (272 filas en consolidado)
2026-07-29 08:17:09  [etl.impactos]      ✓ INFO      Duración total: 0.2s
2026-07-29 08:17:09  [etl.orquestador]   ✓ INFO      ETL 'impactos' terminó — ✓ OK en 0.2s
2026-07-29 08:17:12  [etl.ventas]        · DEBUG     [stdout] 🎯 Procesando periodo: Julio_2026 (Año: 2026)
2026-07-29 08:17:12  [etl.ventas]        · DEBUG     [stdout] ☁️ Consultando ruta de origen en SharePoint: Equipo Información/BI/INVOLVES/BASES DE RESPUESTAS/DYP/2026
2026-07-29 08:17:20  [etl.ventas]        ✓ INFO      [stdout] ✅ Archivos encontrados en la nube para 2026: 16
2026-07-29 08:17:21  [etl.ventas]        · DEBUG     [stdout] 11,787 PDVs en el rutero
2026-07-29 08:17:21  [etl.ventas]        · DEBUG     [stdout] [2/5] Cargando listas de referencia...
2026-07-29 08:17:21  [etl.ventas]        · DEBUG     [stdout] MustStock           :  63 EANs | todos los PDVs del rutero
2026-07-29 08:17:21  [etl.ventas]        · DEBUG     [stdout] Listerine_Sandia    :   1 EANs | 880 PDVs target
2026-07-29 08:17:21  [etl.ventas]        · DEBUG     [stdout] DoyPack_J&J_Baby    :   2 EANs | 1,515 PDVs target
2026-07-29 08:17:21  [etl.ventas]        · DEBUG     [stdout] Liserine_Kids       :   1 EANs | 344 PDVs target
2026-07-29 08:17:21  [etl.ventas]        · DEBUG     [stdout] Visine              :   1 EANs | 854 PDVs target
2026-07-29 08:17:21  [etl.ventas]        · DEBUG     [stdout] [3/5] Cargando ventas desde el consolidado...
2026-07-29 08:17:21  [etl.ventas]        · DEBUG     [stdout] Leyendo consolidado: C:\1\OneDrive - Eficacia\Escritorio\ETLS\SALIDA\D&P\Consolidado_Ventas.csv
2026-07-29 08:17:23  [etl.ventas]        · DEBUG     [stdout] 238,514 registros (PDV × EAN × periodo)
2026-07-29 08:17:23  [etl.ventas]        · DEBUG     [stdout] 269 descripciones de producto capturadas
2026-07-29 08:17:25  [etl.ventas]        · DEBUG     [stdout] Período más reciente: Julio-2026
2026-07-29 08:17:25  [etl.ventas]        · DEBUG     [stdout] [4/5] Construyendo BDs de impacto...
2026-07-29 08:17:25  [etl.ventas]        · DEBUG     [stdout] → MustStock...
2026-07-29 08:17:25  [etl.ventas]        · DEBUG     [stdout] → Listerine_Sandia...
2026-07-29 08:17:26  [etl.ventas]        · DEBUG     [stdout] → DoyPack_J&J_Baby...
2026-07-29 08:17:26  [etl.ventas]        · DEBUG     [stdout] → SKU: DoyPack_Shampoo_Baby
2026-07-29 08:17:26  [etl.ventas]        · DEBUG     [stdout] → SKU: DoyPack_BañoLiquido_Baby
2026-07-29 08:17:26  [etl.ventas]        · DEBUG     [stdout] → Liserine_Kids...
2026-07-29 08:17:26  [etl.ventas]        · DEBUG     [stdout] → Visine...
2026-07-29 08:17:26  [etl.ventas]        · DEBUG     [stdout] [5/5] Escribiendo Excel + dashboard...
2026-07-29 08:17:58  [etl.ventas]        ✓ INFO      [stdout] ✅ Archivo generado: C:\1\OneDrive - Eficacia\Escritorio\ETLS\SALIDA\D&P\impacto_segmentos.xlsx
2026-07-29 08:17:58  [etl.ventas]        · DEBUG     [stdout] Resumen por pestaña (período Julio-2026):
2026-07-29 08:17:58  [etl.ventas]        · DEBUG     [stdout] Segmento                             PDVs   Con impacto   Sin impacto
2026-07-29 08:17:58  [etl.ventas]        · DEBUG     [stdout] ----------------------------------------------------------------------
2026-07-29 08:17:58  [etl.ventas]        · DEBUG     [stdout] MustStock                          11,787         6,312         5,475
2026-07-29 08:17:58  [etl.ventas]        · DEBUG     [stdout] Listerine_Sandia                      859           333           526
2026-07-29 08:17:58  [etl.ventas]        · DEBUG     [stdout] DoyPack_Shampoo_Baby                1,485            71         1,414
2026-07-29 08:17:58  [etl.ventas]        · DEBUG     [stdout] DoyPack_BañoLiquido_Baby            1,485            60         1,425
2026-07-29 08:17:58  [etl.ventas]        · DEBUG     [stdout] Liserine_Kids                         340           147           193
2026-07-29 08:17:58  [etl.ventas]        · DEBUG     [stdout] Visine                                819           151           668
2026-07-29 08:17:58  [etl.impactos_segmentos]  ✓ INFO      ETL Impactos por Segmento — completado
2026-07-29 08:17:58  [etl.impactos_segmentos]  ✓ INFO      Duración total: 49.5s
2026-07-29 08:17:58  [etl.orquestador]   ✓ INFO      ETL 'impactos_segmentos' terminó — ✓ OK en 49.5s
2026-07-29 08:18:08  [etl.ventas]        · DEBUG     [stdout] Modo upsert cloud (Ventas) — reprocesando periodo activo: Julio_2026
2026-07-29 08:18:08  [etl.impactos]      · DEBUG     [stdout] Modo upsert cloud (Ventas) — reprocesando periodo activo: Julio_2026
2026-07-29 08:18:08  [etl.exhib_gratis]  · DEBUG     [stdout] Modo upsert cloud (Ventas) — reprocesando periodo activo: Julio_2026
2026-07-29 08:18:08  [etl.nopresencia]   · DEBUG     [stdout] Modo upsert cloud (Ventas) — reprocesando periodo activo: Julio_2026
2026-07-29 08:18:15  [etl.ventas]        · DEBUG     [stdout] → Procesando ventas desde nube: RUTERO JULIO 2026 D&P.xlsx
2026-07-29 08:18:15  [etl.impactos]      · DEBUG     [stdout] → Procesando ventas desde nube: RUTERO JULIO 2026 D&P.xlsx
2026-07-29 08:18:15  [etl.exhib_gratis]  · DEBUG     [stdout] → Procesando ventas desde nube: RUTERO JULIO 2026 D&P.xlsx
2026-07-29 08:18:15  [etl.nopresencia]   · DEBUG     [stdout] → Procesando ventas desde nube: RUTERO JULIO 2026 D&P.xlsx
2026-07-29 08:19:17  [etl.ventas]        ✓ INFO      [stdout] ✅ Consolidado de Ventas guardado en SharePoint: Equipo Información/BI/INVOLVES/SALIDAS/DYP/Consolidado_Ventas_JULIO_2026.csv (328,528 filas)
2026-07-29 08:19:17  [etl.impactos]      ✓ INFO      [stdout] ✅ Consolidado de Ventas guardado en SharePoint: Equipo Información/BI/INVOLVES/SALIDAS/DYP/Consolidado_Ventas_JULIO_2026.csv (328,528 filas)
2026-07-29 08:19:17  [etl.exhib_gratis]  ✓ INFO      [stdout] ✅ Consolidado de Ventas guardado en SharePoint: Equipo Información/BI/INVOLVES/SALIDAS/DYP/Consolidado_Ventas_JULIO_2026.csv (328,528 filas)
2026-07-29 08:19:17  [etl.nopresencia]   ✓ INFO      [stdout] ✅ Consolidado de Ventas guardado en SharePoint: Equipo Información/BI/INVOLVES/SALIDAS/DYP/Consolidado_Ventas_JULIO_2026.csv (328,528 filas)
2026-07-29 08:19:17  [etl.ventas]        · DEBUG     [stdout] 🚀 Preparando cargue de ventas consolidadas a Supabase...
2026-07-29 08:19:17  [etl.impactos]      · DEBUG     [stdout] 🚀 Preparando cargue de ventas consolidadas a Supabase...
2026-07-29 08:19:17  [etl.exhib_gratis]  · DEBUG     [stdout] 🚀 Preparando cargue de ventas consolidadas a Supabase...
2026-07-29 08:19:17  [etl.nopresencia]   · DEBUG     [stdout] 🚀 Preparando cargue de ventas consolidadas a Supabase...
2026-07-29 08:19:43  [etl.ventas]        ⚠ WARNING   [stdout] ⚠ ADVERTENCIA EN CARGA SUPABASE (Ventas): {'message': "Could not find the table 'public.dyp_ventas' in the schema cache", 'code': 'PGRST205', 'hint': None, 'details': None}
2026-07-29 08:19:43  [etl.impactos]      ⚠ WARNING   [stdout] ⚠ ADVERTENCIA EN CARGA SUPABASE (Ventas): {'message': "Could not find the table 'public.dyp_ventas' in the schema cache", 'code': 'PGRST205', 'hint': None, 'details': None}
2026-07-29 08:19:43  [etl.exhib_gratis]  ⚠ WARNING   [stdout] ⚠ ADVERTENCIA EN CARGA SUPABASE (Ventas): {'message': "Could not find the table 'public.dyp_ventas' in the schema cache", 'code': 'PGRST205', 'hint': None, 'details': None}
2026-07-29 08:19:43  [etl.nopresencia]   ⚠ WARNING   [stdout] ⚠ ADVERTENCIA EN CARGA SUPABASE (Ventas): {'message': "Could not find the table 'public.dyp_ventas' in the schema cache", 'code': 'PGRST205', 'hint': None, 'details': None}
2026-07-29 08:19:43  [etl.ventas]        · DEBUG     [stdout] → Procesando impactos desde nube: 03. Marzo base impactos - cuota.xlsx
2026-07-29 08:19:43  [etl.impactos]      · DEBUG     [stdout] → Procesando impactos desde nube: 03. Marzo base impactos - cuota.xlsx
2026-07-29 08:19:43  [etl.exhib_gratis]  · DEBUG     [stdout] → Procesando impactos desde nube: 03. Marzo base impactos - cuota.xlsx
2026-07-29 08:19:43  [etl.nopresencia]   · DEBUG     [stdout] → Procesando impactos desde nube: 03. Marzo base impactos - cuota.xlsx
2026-07-29 08:19:44  [etl.ventas]        · DEBUG     [stdout] → Procesando impactos desde nube: 04. Abril base impactos - cuota.xlsx
2026-07-29 08:19:44  [etl.impactos]      · DEBUG     [stdout] → Procesando impactos desde nube: 04. Abril base impactos - cuota.xlsx
2026-07-29 08:19:44  [etl.exhib_gratis]  · DEBUG     [stdout] → Procesando impactos desde nube: 04. Abril base impactos - cuota.xlsx
2026-07-29 08:19:44  [etl.nopresencia]   · DEBUG     [stdout] → Procesando impactos desde nube: 04. Abril base impactos - cuota.xlsx
2026-07-29 08:19:45  [etl.ventas]        · DEBUG     [stdout] → Procesando impactos desde nube: 05. Mayo base impactos - cuota.xlsx
2026-07-29 08:19:45  [etl.impactos]      · DEBUG     [stdout] → Procesando impactos desde nube: 05. Mayo base impactos - cuota.xlsx
2026-07-29 08:19:45  [etl.exhib_gratis]  · DEBUG     [stdout] → Procesando impactos desde nube: 05. Mayo base impactos - cuota.xlsx
2026-07-29 08:19:45  [etl.nopresencia]   · DEBUG     [stdout] → Procesando impactos desde nube: 05. Mayo base impactos - cuota.xlsx
2026-07-29 08:19:46  [etl.ventas]        · DEBUG     [stdout] → Procesando impactos desde nube: 06. Junio base impactos - cuota.xlsx
2026-07-29 08:19:46  [etl.impactos]      · DEBUG     [stdout] → Procesando impactos desde nube: 06. Junio base impactos - cuota.xlsx
2026-07-29 08:19:46  [etl.exhib_gratis]  · DEBUG     [stdout] → Procesando impactos desde nube: 06. Junio base impactos - cuota.xlsx
2026-07-29 08:19:46  [etl.nopresencia]   · DEBUG     [stdout] → Procesando impactos desde nube: 06. Junio base impactos - cuota.xlsx
2026-07-29 08:19:47  [etl.ventas]        · DEBUG     [stdout] → Procesando impactos desde nube: 07. Julio base impactos - cuota.xlsx
2026-07-29 08:19:47  [etl.impactos]      · DEBUG     [stdout] → Procesando impactos desde nube: 07. Julio base impactos - cuota.xlsx
2026-07-29 08:19:47  [etl.exhib_gratis]  · DEBUG     [stdout] → Procesando impactos desde nube: 07. Julio base impactos - cuota.xlsx
2026-07-29 08:19:47  [etl.nopresencia]   · DEBUG     [stdout] → Procesando impactos desde nube: 07. Julio base impactos - cuota.xlsx
2026-07-29 08:19:50  [etl.ventas]        ✓ INFO      [stdout] ✅ Consolidado de Impactos guardado en SharePoint: Equipo Información/BI/INVOLVES/SALIDAS/DYP/Consolidado_Impactos_JULIO_2026.csv (340 filas)
2026-07-29 08:19:50  [etl.impactos]      ✓ INFO      [stdout] ✅ Consolidado de Impactos guardado en SharePoint: Equipo Información/BI/INVOLVES/SALIDAS/DYP/Consolidado_Impactos_JULIO_2026.csv (340 filas)
2026-07-29 08:19:50  [etl.exhib_gratis]  ✓ INFO      [stdout] ✅ Consolidado de Impactos guardado en SharePoint: Equipo Información/BI/INVOLVES/SALIDAS/DYP/Consolidado_Impactos_JULIO_2026.csv (340 filas)
2026-07-29 08:19:50  [etl.nopresencia]   ✓ INFO      [stdout] ✅ Consolidado de Impactos guardado en SharePoint: Equipo Información/BI/INVOLVES/SALIDAS/DYP/Consolidado_Impactos_JULIO_2026.csv (340 filas)
2026-07-29 08:19:50  [etl.ventas]        ✗ ERROR     [stdout] ❌ Sin archivos de impacto_segmentos para consolidar en la nube.
2026-07-29 08:19:50  [etl.impactos]      ✗ ERROR     [stdout] ❌ Sin archivos de impacto_segmentos para consolidar en la nube.
2026-07-29 08:19:50  [etl.exhib_gratis]  ✗ ERROR     [stdout] ❌ Sin archivos de impacto_segmentos para consolidar en la nube.
2026-07-29 08:19:50  [etl.nopresencia]   ✗ ERROR     [stdout] ❌ Sin archivos de impacto_segmentos para consolidar en la nube.
2026-07-29 08:19:50  [etl.ventas]        ✓ INFO      ETL Ventas D&P — completado (328,528 filas en consolidado)
2026-07-29 08:19:50  [etl.ventas]        ✓ INFO      Duración total: 161.3s
2026-07-29 08:19:50  [etl.orquestador]   ✓ INFO      ETL 'ventas' terminó — ✓ OK en 161.3s
2026-07-29 08:19:50  [etl.orquestador]   ✓ INFO      ════════════════════════════════════════════════════════
2026-07-29 08:19:50  [etl.orquestador]   ✓ INFO      REPORTE DE EJECUCIÓN
2026-07-29 08:19:50  [etl.orquestador]   ✓ INFO      ════════════════════════════════════════════════════════
2026-07-29 08:19:50  [etl.orquestador]   ✓ INFO        ETL                    Estado           Tiempo
2026-07-29 08:19:50  [etl.orquestador]   ✓ INFO        ────────────────────── ────────────── ────────
2026-07-29 08:19:50  [etl.orquestador]   ✓ INFO        cif                    ✗ ERROR            0.1s
2026-07-29 08:19:50  [etl.orquestador]   ✓ INFO        nopresencia            ✗ ERROR            0.1s
2026-07-29 08:19:50  [etl.orquestador]   ✓ INFO        precios                ✗ ERROR            0.0s
2026-07-29 08:19:50  [etl.orquestador]   ✓ INFO        sos                    ✗ ERROR            0.1s
2026-07-29 08:19:50  [etl.orquestador]   ✓ INFO        exhib_pagadas          ✗ ERROR            0.0s
2026-07-29 08:19:50  [etl.orquestador]   ✓ INFO        exhib_gratis           ✗ ERROR            0.2s
2026-07-29 08:19:50  [etl.orquestador]   ✓ INFO        ventas                 ✓ OK             161.3s
2026-07-29 08:19:50  [etl.orquestador]   ✓ INFO        impactos               ✓ OK               0.2s
2026-07-29 08:19:50  [etl.orquestador]   ✓ INFO        impactos_segmentos     ✓ OK              49.5s
2026-07-29 08:19:50  [etl.orquestador]   ✓ INFO        ────────────────────── ────────────── ────────
2026-07-29 08:19:50  [etl.orquestador]   ✓ INFO        shared_loader          ✓ OK               3.6s
2026-07-29 08:19:50  [etl.orquestador]   ✓ INFO        TOTAL (paralelo)                        165.0s
2026-07-29 08:19:50  [etl.orquestador]   ✓ INFO        Sin paralelismo (est.)                  215.2s
2026-07-29 08:19:50  [etl.orquestador]   ✓ INFO        Ahorro estimado                          50.2s
2026-07-29 08:19:50  [etl.orquestador]   ✓ INFO      ────────────────────────────────────────────────────────
2026-07-29 08:19:50  [etl.orquestador]   ✓ INFO      Eventos: 6 CRITICAL  |  18 ERROR  |  5 WARNING
2026-07-29 08:19:50  [etl.orquestador]   ✓ INFO      ························································
2026-07-29 08:19:50  [etl.orquestador]   ✓ INFO        CRITICAL (6)
2026-07-29 08:19:50  [etl.orquestador]   ✓ INFO      ························································
2026-07-29 08:19:50  [etl.orquestador]   ✓ INFO        08:17:09  [exhib_pagadas]     Excepción no capturada — ETL abortado
Traceback (most recent call last):
  File "C:\1\OneDrive - Eficacia\Escritorio\ETLS\SCRIPTS\run_all.py", line 416, in _ejecutar_etl
    fn(spec=spec)
  File "C:\1\OneDrive - Eficacia\Escritorio\ETLS\SCRIPTS\run_all.py", line 277, in _run_exhibiciones_pagadas
    etl_exhibiciones_pagadas.ejecutar_proceso(spec)
TypeError: ejecutar_proceso() missing 2 required positional arguments: 'headers' and 'site_id'

2026-07-29 08:19:50  [etl.orquestador]   ✓ INFO        08:17:09  [precios]           Excepción no capturada — ETL abortado
Traceback (most recent call last):
  File "C:\1\OneDrive - Eficacia\Escritorio\ETLS\SCRIPTS\run_all.py", line 414, in _ejecutar_etl
    fn(df_pt, spec.mes, spec.anio)
  File "C:\1\OneDrive - Eficacia\Escritorio\ETLS\SCRIPTS\run_all.py", line 166, in _run_precios
    from etl_precios import (
ImportError: cannot import name 'RUTA_ORIGEN_PRECIOS' from 'etl_precios' (C:\1\OneDrive - Eficacia\Escritorio\ETLS\SCRIPTS\etl_precios.py)

2026-07-29 08:19:50  [etl.orquestador]   ✓ INFO        08:17:09  [cif]               Excepción no capturada — ETL abortado
Traceback (most recent call last):
  File "C:\1\OneDrive - Eficacia\Escritorio\ETLS\SCRIPTS\run_all.py", line 414, in _ejecutar_etl
    fn(df_pt, spec.mes, spec.anio)
  File "C:\1\OneDrive - Eficacia\Escritorio\ETLS\SCRIPTS\run_all.py", line 79, in _run_cif
    etl_cif.RUTA_CONSOLIDADO, index=False,
    ^^^^^^^^^^^^^^^^^^^^^^^^
AttributeError: module 'etl_cif' has no attribute 'RUTA_CONSOLIDADO'

2026-07-29 08:19:50  [etl.orquestador]   ✓ INFO        08:17:09  [nopresencia]       Excepción no capturada — ETL abortado
Traceback (most recent call last):
  File "C:\1\OneDrive - Eficacia\Escritorio\ETLS\SCRIPTS\run_all.py", line 414, in _ejecutar_etl
    fn(df_pt, spec.mes, spec.anio)
  File "C:\1\OneDrive - Eficacia\Escritorio\ETLS\SCRIPTS\run_all.py", line 112, in _run_nopresencia
    from etl_nopresencia import (
ImportError: cannot import name 'RUTA_PT_CONSOLIDADO_FINAL' from 'etl_nopresencia' (C:\1\OneDrive - Eficacia\Escritorio\ETLS\SCRIPTS\etl_nopresencia.py)

2026-07-29 08:19:50  [etl.orquestador]   ✓ INFO        08:17:09  [sos]               Excepción no capturada — ETL abortado
Traceback (most recent call last):
  File "C:\1\OneDrive - Eficacia\Escritorio\ETLS\SCRIPTS\run_all.py", line 414, in _ejecutar_etl
    fn(df_pt, spec.mes, spec.anio)
  File "C:\1\OneDrive - Eficacia\Escritorio\ETLS\SCRIPTS\run_all.py", line 218, in _run_sos
    from etl_sos import (
ImportError: cannot import name 'RUTA_PT_CONSOLIDADO_FINAL' from 'etl_sos' (C:\1\OneDrive - Eficacia\Escritorio\ETLS\SCRIPTS\etl_sos.py)

2026-07-29 08:19:50  [etl.orquestador]   ✓ INFO        08:17:09  [exhib_gratis]      Excepción no capturada — ETL abortado
Traceback (most recent call last):
  File "C:\1\OneDrive - Eficacia\Escritorio\ETLS\SCRIPTS\run_all.py", line 416, in _ejecutar_etl
    fn(spec=spec)
  File "C:\1\OneDrive - Eficacia\Escritorio\ETLS\SCRIPTS\run_all.py", line 289, in _run_exhibiciones_gratis
    etl_exhibiciones_gratis.run(spec)
  File "C:\1\OneDrive - Eficacia\Escritorio\ETLS\SCRIPTS\etl_exhibiciones_gratis.py", line 381, in run
    df_enc = load_encuestas(files)
             ^^^^^^^^^^^^^^^^^^^^^
  File "C:\1\OneDrive - Eficacia\Escritorio\ETLS\SCRIPTS\etl_exhibiciones_gratis.py", line 173, in load_encuestas
    if not dfs: raise ValueError("No se encontraron archivos de encuesta ni en local ni en la nube de Azure.")
                ^^^^^^^^^^^^^^^^^^^^^^^^^^^^^^^^^^^^^^^^^^^^^^^^^^^^^^^^^^^^^^^^^^^^^^^^^^^^^^^^^^^^^^^^^^^^^^
ValueError: No se encontraron archivos de encuesta ni en local ni en la nube de Azure.

2026-07-29 08:19:50  [etl.orquestador]   ✓ INFO      ························································
2026-07-29 08:19:50  [etl.orquestador]   ✓ INFO        ERROR (18)
2026-07-29 08:19:50  [etl.orquestador]   ✓ INFO      ························································
2026-07-29 08:19:50  [etl.orquestador]   ✓ INFO        08:17:09  [exhib_pagadas]     Duración hasta fallo: 0.0s
2026-07-29 08:19:50  [etl.orquestador]   ✓ INFO        08:17:09  [precios]           Duración hasta fallo: 0.0s
2026-07-29 08:19:50  [etl.orquestador]   ✓ INFO        08:17:09  [ventas]            [stdout] ⚠ Error leyendo archivo (Base Exhibiciones Informar Julio 2026.xlsx): No se encontró la variable AZURE_STORAGE_CONNECTION_STRING en el entorno.
2026-07-29 08:19:50  [etl.orquestador]   ✓ INFO        08:17:09  [impactos]          [stdout] ⚠ Error leyendo archivo (Base Exhibiciones Informar Julio 2026.xlsx): No se encontró la variable AZURE_STORAGE_CONNECTION_STRING en el entorno.
2026-07-29 08:19:50  [etl.orquestador]   ✓ INFO        08:17:09  [exhib_gratis]      [stdout] ⚠ Error leyendo archivo (Base Exhibiciones Informar Julio 2026.xlsx): No se encontró la variable AZURE_STORAGE_CONNECTION_STRING en el entorno.
2026-07-29 08:19:50  [etl.orquestador]   ✓ INFO        08:17:09  [nopresencia]       [stdout] ⚠ Error leyendo archivo (Base Exhibiciones Informar Julio 2026.xlsx): No se encontró la variable AZURE_STORAGE_CONNECTION_STRING en el entorno.
2026-07-29 08:19:50  [etl.orquestador]   ✓ INFO        08:17:09  [ventas]            [stdout] ⚠ Error leyendo archivo (Base Exhibiciones Planning Julio 2026.xlsx): No se encontró la variable AZURE_STORAGE_CONNECTION_STRING en el entorno.
2026-07-29 08:19:50  [etl.orquestador]   ✓ INFO        08:17:09  [nopresencia]       Duración hasta fallo: 0.1s
2026-07-29 08:19:50  [etl.orquestador]   ✓ INFO        08:17:09  [impactos]          [stdout] ⚠ Error leyendo archivo (Base Exhibiciones Planning Julio 2026.xlsx): No se encontró la variable AZURE_STORAGE_CONNECTION_STRING en el entorno.
2026-07-29 08:19:50  [etl.orquestador]   ✓ INFO        08:17:09  [exhib_gratis]      [stdout] ⚠ Error leyendo archivo (Base Exhibiciones Planning Julio 2026.xlsx): No se encontró la variable AZURE_STORAGE_CONNECTION_STRING en el entorno.
2026-07-29 08:19:50  [etl.orquestador]   ✓ INFO        08:17:09  [nopresencia]       [stdout] ⚠ Error leyendo archivo (Base Exhibiciones Planning Julio 2026.xlsx): No se encontró la variable AZURE_STORAGE_CONNECTION_STRING en el entorno.
2026-07-29 08:19:50  [etl.orquestador]   ✓ INFO        08:17:09  [sos]               Duración hasta fallo: 0.1s
2026-07-29 08:19:50  [etl.orquestador]   ✓ INFO        08:17:09  [cif]               Duración hasta fallo: 0.1s
2026-07-29 08:19:50  [etl.orquestador]   ✓ INFO        08:17:09  [exhib_gratis]      Duración hasta fallo: 0.2s
2026-07-29 08:19:50  [etl.orquestador]   ✓ INFO        08:19:50  [ventas]            [stdout] ❌ Sin archivos de impacto_segmentos para consolidar en la nube.
2026-07-29 08:19:50  [etl.orquestador]   ✓ INFO        08:19:50  [impactos]          [stdout] ❌ Sin archivos de impacto_segmentos para consolidar en la nube.
2026-07-29 08:19:50  [etl.orquestador]   ✓ INFO        08:19:50  [exhib_gratis]      [stdout] ❌ Sin archivos de impacto_segmentos para consolidar en la nube.
2026-07-29 08:19:50  [etl.orquestador]   ✓ INFO        08:19:50  [nopresencia]       [stdout] ❌ Sin archivos de impacto_segmentos para consolidar en la nube.
2026-07-29 08:19:50  [etl.orquestador]   ✓ INFO      ························································
2026-07-29 08:19:50  [etl.orquestador]   ✓ INFO        WARNING (5)
2026-07-29 08:19:50  [etl.orquestador]   ✓ INFO      ························································
2026-07-29 08:19:50  [etl.orquestador]   ✓ INFO        08:17:09  [shared_loader]     [DIRECTO] Módulo 'precios': el filtro devolvió 0 filas (columna 'PRECIOS' sin valores = 1, o IDs sin coincidencia en el PT)
2026-07-29 08:19:50  [etl.orquestador]   ✓ INFO        08:19:43  [ventas]            [stdout] ⚠ ADVERTENCIA EN CARGA SUPABASE (Ventas): {'message': "Could not find the table 'public.dyp_ventas' in the schema cache", 'code': 'PGRST205', 'hint': None, 'details': None}
2026-07-29 08:19:50  [etl.orquestador]   ✓ INFO        08:19:43  [impactos]          [stdout] ⚠ ADVERTENCIA EN CARGA SUPABASE (Ventas): {'message': "Could not find the table 'public.dyp_ventas' in the schema cache", 'code': 'PGRST205', 'hint': None, 'details': None}
2026-07-29 08:19:50  [etl.orquestador]   ✓ INFO        08:19:43  [exhib_gratis]      [stdout] ⚠ ADVERTENCIA EN CARGA SUPABASE (Ventas): {'message': "Could not find the table 'public.dyp_ventas' in the schema cache", 'code': 'PGRST205', 'hint': None, 'details': None}
2026-07-29 08:19:50  [etl.orquestador]   ✓ INFO        08:19:43  [nopresencia]       [stdout] ⚠ ADVERTENCIA EN CARGA SUPABASE (Ventas): {'message': "Could not find the table 'public.dyp_ventas' in the schema cache", 'code': 'PGRST205', 'hint': None, 'details': None}
2026-07-29 08:19:50  [etl.orquestador]   ✓ INFO      ════════════════════════════════════════════════════════
2026-07-29 08:19:50  [etl.orquestador]   ✓ INFO      Log completo guardado en: C:\1\OneDrive - Eficacia\Escritorio\ETLS\SCRIPTS\logs\ejecucion_202607_20260729_081705.log
2026-07-29 08:19:50  [etl.orquestador]   ✓ INFO      Fin: 2026-07-29 08:19:50
2026-07-29 08:19:50  [etl.orquestador]   ✓ INFO      ════════════════════════════════════════════════════════
