2026-06-24 09:26:49  [etl.sistema]       ✓ INFO      Logging inicializado — archivo: C:\1\OneDrive - Eficacia\Escritorio\ETLS\PROYECTO_EFICACIA\SCRIPTS\logs\ejecucion_202606_20260624_092649.log
2026-06-24 09:26:49  [etl.orquestador]   ✓ INFO      Run ID compartido para esta corrida: 20260624T092649_5b67b0
2026-06-24 09:26:49  [etl.orquestador]   ✓ INFO      ════════════════════════════════════════════════════════
2026-06-24 09:26:49  [etl.orquestador]   ✓ INFO      ORQUESTADOR ETLs — Eficacia
2026-06-24 09:26:49  [etl.orquestador]   ✓ INFO      Inicio: 2026-06-24 09:26:49
2026-06-24 09:26:49  [etl.orquestador]   ✓ INFO      Run ID: 20260624T092649_5b67b0
2026-06-24 09:26:49  [etl.orquestador]   ✓ INFO      Periodo: Junio_2026 (06/2026)
2026-06-24 09:26:49  [etl.orquestador]   ✓ INFO      ETLs seleccionados: ['cif', 'nopresencia', 'precios', 'sos', 'exhib_pagadas', 'exhib_gratis', 'ventas', 'impactos', 'impactos_segmentos']
2026-06-24 09:26:49  [etl.orquestador]   ✓ INFO      Workers paralelos: 6
2026-06-24 09:26:49  [etl.orquestador]   ✓ INFO      Skip si cached: False
2026-06-24 09:26:49  [etl.orquestador]   ✓ INFO      ════════════════════════════════════════════════════════
2026-06-24 09:26:49  [etl.shared_loader]  ✓ INFO      PT Directo detectado: 01. Plan de trabajo Directo Junio 2026.V1.6.xlsx
2026-06-24 09:26:49  [etl.shared_loader]  ✓ INFO      PT ISM detectado: 01. Plan de trabajo ISM Junio 2026.V1.4.xlsx
2026-06-24 09:26:49  [etl.shared_loader]  ✓ INFO      ━━━━━━━━━━━━━━━━━━━━━━━━━━━━━━━━━━━━━━━━━━━━━━━━━━
2026-06-24 09:26:49  [etl.shared_loader]  ✓ INFO      Iniciando carga compartida del Plan de Trabajo
2026-06-24 09:26:49  [etl.shared_loader]  ✓ INFO      ━━━━━━━━━━━━━━━━━━━━━━━━━━━━━━━━━━━━━━━━━━━━━━━━━━
2026-06-24 09:26:51  [etl.shared_loader]  ✓ INFO      [DIRECTO] 8,647 filas PT  |  3,258 filas módulos cargadas
2026-06-24 09:26:51  [etl.shared_loader]  ✓ INFO      [ISM] 2,497 filas PT  |  893 filas módulos cargadas
2026-06-24 09:26:51  [etl.shared_loader]  ✓ INFO      PT consolidado: 11,144 filas totales
2026-06-24 09:26:51  [etl.shared_loader]  ✓ INFO      Periodo forzado por el caller: Mes 6 | Año 2026
2026-06-24 09:26:51  [etl.shared_loader]  ✓ INFO      Aplicando filtros por módulo
2026-06-24 09:26:51  [etl.shared_loader]  ✓ INFO      [DIRECTO] Módulo 'no_presencia': 5,188 filas retenidas
2026-06-24 09:26:51  [etl.shared_loader]  ✓ INFO      [ISM] Módulo 'no_presencia': 1,008 filas retenidas
2026-06-24 09:26:51  [etl.shared_loader]  ⚠ WARNING   [DIRECTO] Módulo 'precios': el filtro devolvió 0 filas (columna 'PRECIOS' sin valores = 1, o IDs sin coincidencia en el PT)
2026-06-24 09:26:51  [etl.shared_loader]  ✓ INFO      [ISM] Módulo 'precios': 772 filas retenidas
2026-06-24 09:26:51  [etl.shared_loader]  ✓ INFO      [DIRECTO] Módulo 'sos': 4,035 filas retenidas
2026-06-24 09:26:51  [etl.shared_loader]  ✓ INFO      [ISM] Módulo 'sos': 740 filas retenidas
2026-06-24 09:26:51  [etl.shared_loader]  ✓ INFO      Carga compartida completada
2026-06-24 09:26:51  [etl.orquestador]   ✓ INFO      shared_loader completado en 2.4s
2026-06-24 09:26:51  [etl.orquestador]   ✓ INFO      ────────────────────────────────────────────────────────
2026-06-24 09:26:51  [etl.orquestador]   ✓ INFO      FASE 1 — Lanzando 9 ETLs en paralelo (0 skipped)
2026-06-24 09:26:51  [etl.orquestador]   ✓ INFO      ────────────────────────────────────────────────────────
2026-06-24 09:26:51  [etl.precios]       ✓ INFO      ────────────────────────────────────────────────────────
2026-06-24 09:26:51  [etl.precios]       ✓ INFO      ETL Precios — iniciando
2026-06-24 09:26:51  [etl.nopresencia]   ✓ INFO      ────────────────────────────────────────────────────────
2026-06-24 09:26:51  [etl.cif]           ✓ INFO      ────────────────────────────────────────────────────────
2026-06-24 09:26:51  [etl.nopresencia]   ✓ INFO      ETL No Presencia — iniciando
2026-06-24 09:26:51  [etl.cif]           ✓ INFO      ETL CIF — iniciando
2026-06-24 09:26:51  [etl.sos]           ✓ INFO      ────────────────────────────────────────────────────────
2026-06-24 09:26:51  [etl.exhib_pagadas]  ✓ INFO      ────────────────────────────────────────────────────────
2026-06-24 09:26:51  [etl.sos]           ✓ INFO      ETL SOS — iniciando
2026-06-24 09:26:51  [etl.exhib_pagadas]  ✓ INFO      ETL Exhibiciones Pagadas — iniciando
2026-06-24 09:26:51  [etl.precios]       · DEBUG     [stdout] 🚀 Iniciando auditoría exhibiciones pagadas  (Junio_2026)...
2026-06-24 09:26:51  [etl.nopresencia]   · DEBUG     [stdout] 🚀 Iniciando auditoría exhibiciones pagadas  (Junio_2026)...
2026-06-24 09:26:51  [etl.cif]           · DEBUG     [stdout] 🚀 Iniciando auditoría exhibiciones pagadas  (Junio_2026)...
2026-06-24 09:26:51  [etl.cif]           ✓ INFO      Paso 1 — PT consolidado: 11,144 filas
2026-06-24 09:26:51  [etl.sos]           · DEBUG     [stdout] 🚀 Iniciando auditoría exhibiciones pagadas  (Junio_2026)...
2026-06-24 09:26:51  [etl.exhib_gratis]  ✓ INFO      ────────────────────────────────────────────────────────
2026-06-24 09:26:51  [etl.exhib_pagadas]  · DEBUG     [stdout] 🚀 Iniciando auditoría exhibiciones pagadas  (Junio_2026)...
2026-06-24 09:26:51  [etl.exhib_gratis]  ✓ INFO      ETL Exhibiciones Gratis — iniciando
2026-06-24 09:26:51  [etl.precios]       · DEBUG     [stdout] ── Resolviendo archivos fuente (Junio_2026) ─
2026-06-24 09:26:51  [etl.nopresencia]   · DEBUG     [stdout] ── Resolviendo archivos fuente (Junio_2026) ─
2026-06-24 09:26:51  [etl.cif]           · DEBUG     [stdout] ── Resolviendo archivos fuente (Junio_2026) ─
2026-06-24 09:26:51  [etl.sos]           · DEBUG     [stdout] ── Resolviendo archivos fuente (Junio_2026) ─
2026-06-24 09:26:51  [etl.exhib_pagadas]  · DEBUG     [stdout] ── Resolviendo archivos fuente (Junio_2026) ─
2026-06-24 09:26:51  [etl.exhib_gratis]  · DEBUG     [stdout] ── Resolviendo archivos fuente (Junio_2026) ─
2026-06-24 09:26:51  [etl.exhib_pagadas]  ☠ CRITICAL  Excepción no capturada — ETL abortado
Traceback (most recent call last):
  File "C:\1\OneDrive - Eficacia\Escritorio\ETLS\PROYECTO_EFICACIA\SCRIPTS\run_all.py", line 416, in _ejecutar_etl
    fn(spec=spec)
  File "C:\1\OneDrive - Eficacia\Escritorio\ETLS\PROYECTO_EFICACIA\SCRIPTS\run_all.py", line 277, in _run_exhibiciones_pagadas
    etl_exhibiciones_pagadas.ejecutar_proceso(spec)
  File "C:\1\OneDrive - Eficacia\Escritorio\ETLS\PROYECTO_EFICACIA\SCRIPTS\etl_exhibiciones_pagadas.py", line 141, in ejecutar_proceso
    ruta_p = str(pr.exh_planning_master(spec))
                 ^^^^^^^^^^^^^^^^^^^^^^^^^^^^
  File "C:\1\OneDrive - Eficacia\Escritorio\ETLS\PROYECTO_EFICACIA\SCRIPTS\periodo_resolver.py", line 283, in exh_planning_master
    return _find_unico(
           ^^^^^^^^^^^^
  File "C:\1\OneDrive - Eficacia\Escritorio\ETLS\PROYECTO_EFICACIA\SCRIPTS\periodo_resolver.py", line 164, in _find_unico
    raise FileNotFoundError(
FileNotFoundError: [Exh/Planning maestro Junio_2026] No se encontró archivo con patrón 'PLANNING DE JUNIO 2026.xlsx' en C:\1\OneDrive - Eficacia\Escritorio\ETLS\EXHIBICIONES\BASES

2026-06-24 09:26:51  [etl.exhib_gratis]  ☠ CRITICAL  Excepción no capturada — ETL abortado
Traceback (most recent call last):
  File "C:\1\OneDrive - Eficacia\Escritorio\ETLS\PROYECTO_EFICACIA\SCRIPTS\run_all.py", line 416, in _ejecutar_etl
    fn(spec=spec)
  File "C:\1\OneDrive - Eficacia\Escritorio\ETLS\PROYECTO_EFICACIA\SCRIPTS\run_all.py", line 289, in _run_exhibiciones_gratis
    etl_exhibiciones_gratis.run(spec)
  File "C:\1\OneDrive - Eficacia\Escritorio\ETLS\PROYECTO_EFICACIA\SCRIPTS\etl_exhibiciones_gratis.py", line 396, in run
    files = resolve_files(spec)
            ^^^^^^^^^^^^^^^^^^^
  File "C:\1\OneDrive - Eficacia\Escritorio\ETLS\PROYECTO_EFICACIA\SCRIPTS\etl_exhibiciones_gratis.py", line 113, in resolve_files
    groups["visitas"]    = [str(pr.exh_visitas(spec))]
                                ^^^^^^^^^^^^^^^^^^^^
  File "C:\1\OneDrive - Eficacia\Escritorio\ETLS\PROYECTO_EFICACIA\SCRIPTS\periodo_resolver.py", line 313, in exh_visitas
    return cif_involves(spec)
           ^^^^^^^^^^^^^^^^^^
  File "C:\1\OneDrive - Eficacia\Escritorio\ETLS\PROYECTO_EFICACIA\SCRIPTS\periodo_resolver.py", line 198, in cif_involves
    return _find_unico(
           ^^^^^^^^^^^^
  File "C:\1\OneDrive - Eficacia\Escritorio\ETLS\PROYECTO_EFICACIA\SCRIPTS\periodo_resolver.py", line 164, in _find_unico
    raise FileNotFoundError(
FileNotFoundError: [CIF/INVOLVES Junio_2026] No se encontró archivo con patrón 'informe-gerencial-visitas_202606.xlsx' en C:\1\OneDrive - Eficacia\Escritorio\ETLS\CIF\BASES\INVOLVES

2026-06-24 09:26:52  [etl.exhib_gratis]  ✗ ERROR     Duración hasta fallo: 0.0s
2026-06-24 09:26:52  [etl.exhib_pagadas]  ✗ ERROR     Duración hasta fallo: 0.0s
2026-06-24 09:26:52  [etl.ventas]        ✓ INFO      ────────────────────────────────────────────────────────
2026-06-24 09:26:52  [etl.impactos]      ✓ INFO      ────────────────────────────────────────────────────────
2026-06-24 09:26:52  [etl.orquestador]   ✓ INFO      ETL 'exhib_gratis' terminó — ✗ FALLÓ en 0.0s
2026-06-24 09:26:52  [etl.ventas]        ✓ INFO      ETL Ventas D&P — iniciando
2026-06-24 09:26:52  [etl.precios]       · DEBUG     [stdout] 📍 Origen: C:\1\OneDrive - Eficacia\Escritorio\ETLS\D&P\BASES\01. Ventas
2026-06-24 09:26:52  [etl.nopresencia]   · DEBUG     [stdout] 📍 Origen: C:\1\OneDrive - Eficacia\Escritorio\ETLS\D&P\BASES\01. Ventas
2026-06-24 09:26:52  [etl.impactos]      ✓ INFO      ETL Impactos D&P — iniciando
2026-06-24 09:26:52  [etl.orquestador]   ✓ INFO      ETL 'exhib_pagadas' terminó — ✗ FALLÓ en 0.0s
2026-06-24 09:26:52  [etl.cif]           · DEBUG     [stdout] 📍 Origen: C:\1\OneDrive - Eficacia\Escritorio\ETLS\D&P\BASES\01. Ventas
2026-06-24 09:26:52  [etl.sos]           · DEBUG     [stdout] 📍 Origen: C:\1\OneDrive - Eficacia\Escritorio\ETLS\D&P\BASES\01. Ventas📍 Origen: C:\1\OneDrive - Eficacia\Escritorio\ETLS\D&P\BASES\02. Impactos
2026-06-24 09:26:52  [etl.precios]       · DEBUG     [stdout] 📍 Origen: C:\1\OneDrive - Eficacia\Escritorio\ETLS\D&P\BASES\02. Impactos
2026-06-24 09:26:52  [etl.exhib_pagadas]  · DEBUG     [stdout] 📍 Origen: C:\1\OneDrive - Eficacia\Escritorio\ETLS\D&P\BASES\01. Ventas📍 Origen: C:\1\OneDrive - Eficacia\Escritorio\ETLS\D&P\BASES\02. Impactos
2026-06-24 09:26:52  [etl.nopresencia]   · DEBUG     [stdout] 📍 Origen: C:\1\OneDrive - Eficacia\Escritorio\ETLS\D&P\BASES\02. Impactos
2026-06-24 09:26:52  [etl.ventas]        · DEBUG     [stdout] 📍 Origen: C:\1\OneDrive - Eficacia\Escritorio\ETLS\D&P\BASES\01. Ventas📍 Origen: C:\1\OneDrive - Eficacia\Escritorio\ETLS\D&P\BASES\02. Impactos
2026-06-24 09:26:52  [etl.cif]           · DEBUG     [stdout] 📍 Origen: C:\1\OneDrive - Eficacia\Escritorio\ETLS\D&P\BASES\02. Impactos
2026-06-24 09:26:52  [etl.impactos]      · DEBUG     [stdout] 📍 Origen: C:\1\OneDrive - Eficacia\Escritorio\ETLS\D&P\BASES\01. Ventas📍 Origen: C:\1\OneDrive - Eficacia\Escritorio\ETLS\D&P\BASES\02. Impactos
2026-06-24 09:26:52  [etl.precios]       · DEBUG     [stdout] 📁 Salida: C:\1\OneDrive - Eficacia\Escritorio\ETLS\D&P\SALIDA\Consolidado_Impactos.csv
2026-06-24 09:26:52  [etl.precios]       · DEBUG     [stdout] 📁 Salida: C:\1\OneDrive - Eficacia\Escritorio\ETLS\D&P\SALIDA\Consolidado_Ventas.csv
2026-06-24 09:26:52  [etl.nopresencia]   · DEBUG     [stdout] 📁 Salida: C:\1\OneDrive - Eficacia\Escritorio\ETLS\D&P\SALIDA\Consolidado_Impactos.csv📁 Salida: C:\1\OneDrive - Eficacia\Escritorio\ETLS\D&P\SALIDA\Consolidado_Ventas.csv
2026-06-24 09:26:52  [etl.cif]           · DEBUG     [stdout] 📁 Salida: C:\1\OneDrive - Eficacia\Escritorio\ETLS\D&P\SALIDA\Consolidado_Impactos.csv📁 Salida: C:\1\OneDrive - Eficacia\Escritorio\ETLS\D&P\SALIDA\Consolidado_Ventas.csv
2026-06-24 09:26:52  [etl.sos]           · DEBUG     [stdout] 📁 Salida: C:\1\OneDrive - Eficacia\Escritorio\ETLS\D&P\SALIDA\Consolidado_Impactos.csv📁 Salida: C:\1\OneDrive - Eficacia\Escritorio\ETLS\D&P\SALIDA\Consolidado_Ventas.csv
2026-06-24 09:26:52  [etl.ventas]        · DEBUG     [stdout] 📁 Salida: C:\1\OneDrive - Eficacia\Escritorio\ETLS\D&P\SALIDA\Consolidado_Impactos.csv📁 Salida: C:\1\OneDrive - Eficacia\Escritorio\ETLS\D&P\SALIDA\Consolidado_Ventas.csv
2026-06-24 09:26:52  [etl.exhib_pagadas]  · DEBUG     [stdout] 📁 Salida: C:\1\OneDrive - Eficacia\Escritorio\ETLS\D&P\SALIDA\Consolidado_Impactos.csv📁 Salida: C:\1\OneDrive - Eficacia\Escritorio\ETLS\D&P\SALIDA\Consolidado_Ventas.csv
2026-06-24 09:26:52  [etl.impactos]      · DEBUG     [stdout] 📁 Salida: C:\1\OneDrive - Eficacia\Escritorio\ETLS\D&P\SALIDA\Consolidado_Impactos.csv📁 Salida: C:\1\OneDrive - Eficacia\Escritorio\ETLS\D&P\SALIDA\Consolidado_Ventas.csv
2026-06-24 09:26:52  [etl.precios]       ✗ ERROR     [stdout] ❌ Carpeta de origen no existe: C:\1\OneDrive - Eficacia\Escritorio\ETLS\D&P\BASES\01. Ventas
2026-06-24 09:26:52  [etl.precios]       ✗ ERROR     [stdout] Crea la carpeta con los Excel de ventas (organizados por año).❌ Carpeta de origen no existe: C:\1\OneDrive - Eficacia\Escritorio\ETLS\D&P\BASES\02. Impactos
2026-06-24 09:26:52  [etl.nopresencia]   ✗ ERROR     [stdout] ❌ Carpeta de origen no existe: C:\1\OneDrive - Eficacia\Escritorio\ETLS\D&P\BASES\01. Ventas
2026-06-24 09:26:52  [etl.nopresencia]   ✗ ERROR     [stdout] Crea la carpeta con los Excel de ventas (organizados por año).❌ Carpeta de origen no existe: C:\1\OneDrive - Eficacia\Escritorio\ETLS\D&P\BASES\02. Impactos
2026-06-24 09:26:52  [etl.cif]           ✗ ERROR     [stdout] ❌ Carpeta de origen no existe: C:\1\OneDrive - Eficacia\Escritorio\ETLS\D&P\BASES\01. Ventas
2026-06-24 09:26:52  [etl.cif]           ✗ ERROR     [stdout] Crea la carpeta con los Excel de ventas (organizados por año).❌ Carpeta de origen no existe: C:\1\OneDrive - Eficacia\Escritorio\ETLS\D&P\BASES\02. Impactos
2026-06-24 09:26:52  [etl.sos]           ✗ ERROR     [stdout] ❌ Carpeta de origen no existe: C:\1\OneDrive - Eficacia\Escritorio\ETLS\D&P\BASES\01. Ventas
2026-06-24 09:26:52  [etl.sos]           ✗ ERROR     [stdout] Crea la carpeta con los Excel de ventas (organizados por año).❌ Carpeta de origen no existe: C:\1\OneDrive - Eficacia\Escritorio\ETLS\D&P\BASES\02. Impactos
2026-06-24 09:26:52  [etl.exhib_pagadas]  ✗ ERROR     [stdout] ❌ Carpeta de origen no existe: C:\1\OneDrive - Eficacia\Escritorio\ETLS\D&P\BASES\01. Ventas
2026-06-24 09:26:52  [etl.exhib_pagadas]  ✗ ERROR     [stdout] Crea la carpeta con los Excel de ventas (organizados por año).❌ Carpeta de origen no existe: C:\1\OneDrive - Eficacia\Escritorio\ETLS\D&P\BASES\02. Impactos
2026-06-24 09:26:52  [etl.ventas]        ✗ ERROR     [stdout] ❌ Carpeta de origen no existe: C:\1\OneDrive - Eficacia\Escritorio\ETLS\D&P\BASES\01. Ventas
2026-06-24 09:26:52  [etl.ventas]        ✗ ERROR     [stdout] Crea la carpeta con los Excel de ventas (organizados por año).❌ Carpeta de origen no existe: C:\1\OneDrive - Eficacia\Escritorio\ETLS\D&P\BASES\02. Impactos
2026-06-24 09:26:52  [etl.impactos]      ✗ ERROR     [stdout] ❌ Carpeta de origen no existe: C:\1\OneDrive - Eficacia\Escritorio\ETLS\D&P\BASES\01. Ventas
2026-06-24 09:26:52  [etl.precios]       · DEBUG     [stdout] Crea la carpeta con los Excel de impactos (organizados por año).
2026-06-24 09:26:52  [etl.impactos]      ✗ ERROR     [stdout] Crea la carpeta con los Excel de ventas (organizados por año).❌ Carpeta de origen no existe: C:\1\OneDrive - Eficacia\Escritorio\ETLS\D&P\BASES\02. Impactos
2026-06-24 09:26:52  [etl.nopresencia]   · DEBUG     [stdout] Crea la carpeta con los Excel de impactos (organizados por año).
2026-06-24 09:26:52  [etl.cif]           · DEBUG     [stdout] Crea la carpeta con los Excel de impactos (organizados por año).
2026-06-24 09:26:52  [etl.sos]           · DEBUG     [stdout] Crea la carpeta con los Excel de impactos (organizados por año).
2026-06-24 09:26:52  [etl.exhib_pagadas]  · DEBUG     [stdout] Crea la carpeta con los Excel de impactos (organizados por año).
2026-06-24 09:26:52  [etl.ventas]        · DEBUG     [stdout] Crea la carpeta con los Excel de impactos (organizados por año).
2026-06-24 09:26:52  [etl.impactos]      · DEBUG     [stdout] Crea la carpeta con los Excel de impactos (organizados por año).
2026-06-24 09:26:52  [etl.ventas]        ✓ INFO      ETL Ventas D&P — completado (0 filas en consolidado)
2026-06-24 09:26:52  [etl.impactos]      ✓ INFO      ETL Impactos D&P — completado (0 filas en consolidado)
2026-06-24 09:26:52  [etl.ventas]        ✓ INFO      Duración total: 0.1s
2026-06-24 09:26:52  [etl.impactos_segmentos]  ✓ INFO      ────────────────────────────────────────────────────────
2026-06-24 09:26:52  [etl.orquestador]   ✓ INFO      ETL 'ventas' terminó — ✓ OK en 0.1s
2026-06-24 09:26:52  [etl.impactos_segmentos]  ✓ INFO      ETL Impactos por Segmento — iniciando
2026-06-24 09:26:52  [etl.precios]       · DEBUG     [stdout] =======================================================
2026-06-24 09:26:52  [etl.nopresencia]   · DEBUG     [stdout] =======================================================
2026-06-24 09:26:52  [etl.cif]           · DEBUG     [stdout] =======================================================
2026-06-24 09:26:52  [etl.impactos]      ✓ INFO      Duración total: 0.1s
2026-06-24 09:26:52  [etl.sos]           · DEBUG     [stdout] =======================================================
2026-06-24 09:26:52  [etl.exhib_pagadas]  · DEBUG     [stdout] =======================================================
2026-06-24 09:26:52  [etl.orquestador]   ✓ INFO      ETL 'impactos' terminó — ✓ OK en 0.1s
2026-06-24 09:26:52  [etl.ventas]        · DEBUG     [stdout] =======================================================
2026-06-24 09:26:52  [etl.impactos_segmentos]  · DEBUG     [stdout] =======================================================
2026-06-24 09:26:52  [etl.precios]       · DEBUG     [stdout] ETL — Impacto por Segmento (V2)
2026-06-24 09:26:52  [etl.nopresencia]   · DEBUG     [stdout] ETL — Impacto por Segmento (V2)
2026-06-24 09:26:52  [etl.cif]           · DEBUG     [stdout] ETL — Impacto por Segmento (V2)
2026-06-24 09:26:52  [etl.sos]           · DEBUG     [stdout] ETL — Impacto por Segmento (V2)
2026-06-24 09:26:52  [etl.exhib_pagadas]  · DEBUG     [stdout] ETL — Impacto por Segmento (V2)
2026-06-24 09:26:52  [etl.ventas]        · DEBUG     [stdout] ETL — Impacto por Segmento (V2)
2026-06-24 09:26:52  [etl.impactos_segmentos]  · DEBUG     [stdout] ETL — Impacto por Segmento (V2)
2026-06-24 09:26:52  [etl.precios]       · DEBUG     [stdout] =======================================================
2026-06-24 09:26:52  [etl.nopresencia]   · DEBUG     [stdout] =======================================================
2026-06-24 09:26:52  [etl.cif]           · DEBUG     [stdout] =======================================================
2026-06-24 09:26:52  [etl.sos]           · DEBUG     [stdout] =======================================================
2026-06-24 09:26:52  [etl.exhib_pagadas]  · DEBUG     [stdout] =======================================================
2026-06-24 09:26:52  [etl.ventas]        · DEBUG     [stdout] =======================================================
2026-06-24 09:26:52  [etl.impactos_segmentos]  · DEBUG     [stdout] =======================================================
2026-06-24 09:26:52  [etl.precios]       ✗ ERROR     [stdout] ❌ Falta el consolidado de ventas: C:\1\OneDrive - Eficacia\Escritorio\ETLS\D&P\SALIDA\Consolidado_Ventas.csv
2026-06-24 09:26:52  [etl.nopresencia]   ✗ ERROR     [stdout] ❌ Falta el consolidado de ventas: C:\1\OneDrive - Eficacia\Escritorio\ETLS\D&P\SALIDA\Consolidado_Ventas.csv
2026-06-24 09:26:52  [etl.cif]           ✗ ERROR     [stdout] ❌ Falta el consolidado de ventas: C:\1\OneDrive - Eficacia\Escritorio\ETLS\D&P\SALIDA\Consolidado_Ventas.csv
2026-06-24 09:26:52  [etl.sos]           ✗ ERROR     [stdout] ❌ Falta el consolidado de ventas: C:\1\OneDrive - Eficacia\Escritorio\ETLS\D&P\SALIDA\Consolidado_Ventas.csv
2026-06-24 09:26:52  [etl.exhib_pagadas]  ✗ ERROR     [stdout] ❌ Falta el consolidado de ventas: C:\1\OneDrive - Eficacia\Escritorio\ETLS\D&P\SALIDA\Consolidado_Ventas.csv
2026-06-24 09:26:52  [etl.ventas]        ✗ ERROR     [stdout] ❌ Falta el consolidado de ventas: C:\1\OneDrive - Eficacia\Escritorio\ETLS\D&P\SALIDA\Consolidado_Ventas.csv
2026-06-24 09:26:52  [etl.impactos_segmentos]  ✗ ERROR     [stdout] ❌ Falta el consolidado de ventas: C:\1\OneDrive - Eficacia\Escritorio\ETLS\D&P\SALIDA\Consolidado_Ventas.csv
2026-06-24 09:26:52  [etl.precios]       · DEBUG     [stdout] Ejecuta primero: python run_all.py --solo ventas
2026-06-24 09:26:52  [etl.nopresencia]   · DEBUG     [stdout] Ejecuta primero: python run_all.py --solo ventas
2026-06-24 09:26:52  [etl.cif]           · DEBUG     [stdout] Ejecuta primero: python run_all.py --solo ventas
2026-06-24 09:26:52  [etl.sos]           · DEBUG     [stdout] Ejecuta primero: python run_all.py --solo ventas
2026-06-24 09:26:52  [etl.exhib_pagadas]  · DEBUG     [stdout] Ejecuta primero: python run_all.py --solo ventas
2026-06-24 09:26:52  [etl.ventas]        · DEBUG     [stdout] Ejecuta primero: python run_all.py --solo ventas
2026-06-24 09:26:52  [etl.impactos_segmentos]  · DEBUG     [stdout] Ejecuta primero: python run_all.py --solo ventas
2026-06-24 09:26:52  [etl.impactos_segmentos]  ✓ INFO      ETL Impactos por Segmento — completado
2026-06-24 09:26:52  [etl.impactos_segmentos]  ✓ INFO      Duración total: 0.0s
2026-06-24 09:26:52  [etl.orquestador]   ✓ INFO      ETL 'impactos_segmentos' terminó — ✓ OK en 0.0s
2026-06-24 09:26:52  [etl.cif]           ✓ INFO      Paso 2 — Agrupación SQL
2026-06-24 09:26:52  [etl.precios]       · DEBUG     [stdout] ========================================
2026-06-24 09:26:52  [etl.nopresencia]   · DEBUG     [stdout] ========================================
2026-06-24 09:26:52  [etl.cif]           · DEBUG     [stdout] ========================================
2026-06-24 09:26:52  [etl.sos]           · DEBUG     [stdout] ========================================
2026-06-24 09:26:52  [etl.exhib_pagadas]  · DEBUG     [stdout] ========================================
2026-06-24 09:26:52  [etl.ventas]        · DEBUG     [stdout] ========================================
2026-06-24 09:26:52  [etl.precios]       · DEBUG     [stdout] INICIANDO PASO 2: AGRUPACIÓN SQL
2026-06-24 09:26:52  [etl.nopresencia]   · DEBUG     [stdout] INICIANDO PASO 2: AGRUPACIÓN SQL
2026-06-24 09:26:52  [etl.cif]           · DEBUG     [stdout] INICIANDO PASO 2: AGRUPACIÓN SQL
2026-06-24 09:26:52  [etl.sos]           · DEBUG     [stdout] INICIANDO PASO 2: AGRUPACIÓN SQL
2026-06-24 09:26:52  [etl.exhib_pagadas]  · DEBUG     [stdout] INICIANDO PASO 2: AGRUPACIÓN SQL
2026-06-24 09:26:52  [etl.ventas]        · DEBUG     [stdout] INICIANDO PASO 2: AGRUPACIÓN SQL
2026-06-24 09:26:52  [etl.precios]       · DEBUG     [stdout] ========================================
2026-06-24 09:26:52  [etl.nopresencia]   · DEBUG     [stdout] ========================================
2026-06-24 09:26:52  [etl.cif]           · DEBUG     [stdout] ========================================
2026-06-24 09:26:52  [etl.sos]           · DEBUG     [stdout] ========================================
2026-06-24 09:26:52  [etl.exhib_pagadas]  · DEBUG     [stdout] ========================================
2026-06-24 09:26:52  [etl.ventas]        · DEBUG     [stdout] ========================================
2026-06-24 09:26:53  [etl.precios]       ✓ INFO      PT filtrado persistido: 189 PDVs únicos — periodo JUNIO_2026
2026-06-24 09:26:53  [etl.precios]       · DEBUG     [stdout] --- PASO 2: Cruzando Capturas por Categorías (JUNIO_2026) ---
2026-06-24 09:26:53  [etl.nopresencia]   · DEBUG     [stdout] --- PASO 2: Cruzando Capturas por Categorías (JUNIO_2026) ---
2026-06-24 09:26:53  [etl.cif]           · DEBUG     [stdout] --- PASO 2: Cruzando Capturas por Categorías (JUNIO_2026) ---
2026-06-24 09:26:53  [etl.sos]           · DEBUG     [stdout] --- PASO 2: Cruzando Capturas por Categorías (JUNIO_2026) ---
2026-06-24 09:26:53  [etl.exhib_pagadas]  · DEBUG     [stdout] --- PASO 2: Cruzando Capturas por Categorías (JUNIO_2026) ---
2026-06-24 09:26:53  [etl.ventas]        · DEBUG     [stdout] --- PASO 2: Cruzando Capturas por Categorías (JUNIO_2026) ---
2026-06-24 09:26:53  [etl.precios]       ☠ CRITICAL  Excepción no capturada — ETL abortado
Traceback (most recent call last):
  File "C:\1\OneDrive - Eficacia\Escritorio\ETLS\PROYECTO_EFICACIA\SCRIPTS\run_all.py", line 414, in _ejecutar_etl
    fn(df_pt, spec.mes, spec.anio)
  File "C:\1\OneDrive - Eficacia\Escritorio\ETLS\PROYECTO_EFICACIA\SCRIPTS\run_all.py", line 200, in _run_precios
    generar_reporte_captura_precios(df_pt_unificado, periodo, spec)
  File "C:\1\OneDrive - Eficacia\Escritorio\ETLS\PROYECTO_EFICACIA\SCRIPTS\etl_precios.py", line 180, in generar_reporte_captura_precios
    archivo_encuesta = pr.precios_respuestas(spec)
                       ^^^^^^^^^^^^^^^^^^^^^^^^^^^
  File "C:\1\OneDrive - Eficacia\Escritorio\ETLS\PROYECTO_EFICACIA\SCRIPTS\periodo_resolver.py", line 222, in precios_respuestas
    return _find_unico(
           ^^^^^^^^^^^^
  File "C:\1\OneDrive - Eficacia\Escritorio\ETLS\PROYECTO_EFICACIA\SCRIPTS\periodo_resolver.py", line 164, in _find_unico
    raise FileNotFoundError(
FileNotFoundError: [Precios/Respuestas Junio_2026] No se encontró archivo con patrón 'Respuestas Precios Junio 2026.xlsx' en C:\1\OneDrive - Eficacia\Escritorio\ETLS\PRECIOS\BASES

2026-06-24 09:26:53  [etl.precios]       ✗ ERROR     Duración hasta fallo: 1.2s
2026-06-24 09:26:53  [etl.orquestador]   ✓ INFO      ETL 'precios' terminó — ✗ FALLÓ en 1.2s
2026-06-24 09:26:53  [etl.sos]           ✓ INFO      PT filtrado persistido: 726 PDVs únicos
2026-06-24 09:26:53  [etl.sos]           ✓ INFO      2 archivo(s) de encuesta SOS encontrado(s)
2026-06-24 09:26:53  [etl.sos]           ☠ CRITICAL  Excepción no capturada — ETL abortado
Traceback (most recent call last):
  File "C:\1\OneDrive - Eficacia\Escritorio\ETLS\PROYECTO_EFICACIA\SCRIPTS\run_all.py", line 414, in _ejecutar_etl
    fn(df_pt, spec.mes, spec.anio)
  File "C:\1\OneDrive - Eficacia\Escritorio\ETLS\PROYECTO_EFICACIA\SCRIPTS\run_all.py", line 252, in _run_sos
    ejecutar_paso_2_consolidar_encuestas(spec)
  File "C:\1\OneDrive - Eficacia\Escritorio\ETLS\PROYECTO_EFICACIA\SCRIPTS\etl_sos.py", line 158, in ejecutar_paso_2_consolidar_encuestas
    ruta_normal = pr.sos_respuestas(spec)
                  ^^^^^^^^^^^^^^^^^^^^^^^
  File "C:\1\OneDrive - Eficacia\Escritorio\ETLS\PROYECTO_EFICACIA\SCRIPTS\periodo_resolver.py", line 239, in sos_respuestas
    return _find_unico(
           ^^^^^^^^^^^^
  File "C:\1\OneDrive - Eficacia\Escritorio\ETLS\PROYECTO_EFICACIA\SCRIPTS\periodo_resolver.py", line 164, in _find_unico
    raise FileNotFoundError(
FileNotFoundError: [SOS/Respuestas Junio_2026] No se encontró archivo con patrón 'Respuestas SOS Junio 2026.xlsx' en C:\1\OneDrive - Eficacia\Escritorio\ETLS\SOS\BASES

2026-06-24 09:26:53  [etl.sos]           ✗ ERROR     Duración hasta fallo: 1.3s
2026-06-24 09:26:53  [etl.orquestador]   ✓ INFO      ETL 'sos' terminó — ✗ FALLÓ en 1.3s
2026-06-24 09:26:53  [etl.precios]       ✓ INFO      [stdout] ✅ ÉXITO: Agrupado guardado en: C:\1\OneDrive - Eficacia\Escritorio\ETLS\CIF\BASES\PLAN DE TRABAJO\Plan de trabajo consolidado_grupado.csv
2026-06-24 09:26:53  [etl.nopresencia]   ✓ INFO      [stdout] ✅ ÉXITO: Agrupado guardado en: C:\1\OneDrive - Eficacia\Escritorio\ETLS\CIF\BASES\PLAN DE TRABAJO\Plan de trabajo consolidado_grupado.csv
2026-06-24 09:26:53  [etl.cif]           ✓ INFO      [stdout] ✅ ÉXITO: Agrupado guardado en: C:\1\OneDrive - Eficacia\Escritorio\ETLS\CIF\BASES\PLAN DE TRABAJO\Plan de trabajo consolidado_grupado.csv
2026-06-24 09:26:53  [etl.precios]       · DEBUG     [stdout] Resumen agrupado (Primeros 5):
2026-06-24 09:26:53  [etl.nopresencia]   · DEBUG     [stdout] Resumen agrupado (Primeros 5):
2026-06-24 09:26:53  [etl.cif]           · DEBUG     [stdout] Resumen agrupado (Primeros 5):
2026-06-24 09:26:53  [etl.precios]       · DEBUG     [stdout] ACRONIMO ID_PDV_INVOLVES  TIEMPO_SERVICIO_HORAS
2026-06-24 09:26:53  [etl.precios]       · DEBUG     [stdout] 0    LE001           10032                    NaN
2026-06-24 09:26:53  [etl.precios]       · DEBUG     [stdout] 1    LE001           10033                    NaN
2026-06-24 09:26:53  [etl.precios]       · DEBUG     [stdout] 2    LE001           10035                    NaN
2026-06-24 09:26:53  [etl.precios]       · DEBUG     [stdout] 3    LE001           10036                    NaN
2026-06-24 09:26:53  [etl.nopresencia]   · DEBUG     [stdout] ACRONIMO ID_PDV_INVOLVES  TIEMPO_SERVICIO_HORAS
2026-06-24 09:26:53  [etl.nopresencia]   · DEBUG     [stdout] 0    LE001           10032                    NaN
2026-06-24 09:26:53  [etl.nopresencia]   · DEBUG     [stdout] 1    LE001           10033                    NaN
2026-06-24 09:26:53  [etl.nopresencia]   · DEBUG     [stdout] 2    LE001           10035                    NaN
2026-06-24 09:26:53  [etl.nopresencia]   · DEBUG     [stdout] 3    LE001           10036                    NaN
2026-06-24 09:26:53  [etl.cif]           · DEBUG     [stdout] ACRONIMO ID_PDV_INVOLVES  TIEMPO_SERVICIO_HORAS
2026-06-24 09:26:53  [etl.cif]           · DEBUG     [stdout] 0    LE001           10032                    NaN
2026-06-24 09:26:53  [etl.cif]           · DEBUG     [stdout] 1    LE001           10033                    NaN
2026-06-24 09:26:53  [etl.cif]           · DEBUG     [stdout] 2    LE001           10035                    NaN
2026-06-24 09:26:53  [etl.cif]           · DEBUG     [stdout] 3    LE001           10036                    NaN
2026-06-24 09:26:53  [etl.precios]       · DEBUG     [stdout] 4    LE001           10069                    NaN
2026-06-24 09:26:53  [etl.nopresencia]   · DEBUG     [stdout] 4    LE001           10069                    NaN
2026-06-24 09:26:53  [etl.cif]           · DEBUG     [stdout] 4    LE001           10069                    NaN
2026-06-24 09:26:53  [etl.cif]           ✓ INFO      Paso 3 — Visitas Involves
2026-06-24 09:26:53  [etl.precios]       · DEBUG     [stdout] ========================================
2026-06-24 09:26:53  [etl.nopresencia]   · DEBUG     [stdout] ========================================
2026-06-24 09:26:53  [etl.cif]           · DEBUG     [stdout] ========================================
2026-06-24 09:26:53  [etl.precios]       · DEBUG     [stdout] INICIANDO PASO 3: INVOLVES (CRUCE PRIORIZANDO BASE VENTAS)  (Junio_2026)
2026-06-24 09:26:53  [etl.nopresencia]   · DEBUG     [stdout] INICIANDO PASO 3: INVOLVES (CRUCE PRIORIZANDO BASE VENTAS)  (Junio_2026)
2026-06-24 09:26:53  [etl.cif]           · DEBUG     [stdout] INICIANDO PASO 3: INVOLVES (CRUCE PRIORIZANDO BASE VENTAS)  (Junio_2026)
2026-06-24 09:26:53  [etl.precios]       · DEBUG     [stdout] ========================================
2026-06-24 09:26:53  [etl.nopresencia]   · DEBUG     [stdout] ========================================
2026-06-24 09:26:53  [etl.cif]           · DEBUG     [stdout] ========================================
2026-06-24 09:26:53  [etl.cif]           ☠ CRITICAL  Excepción no capturada — ETL abortado
Traceback (most recent call last):
  File "C:\1\OneDrive - Eficacia\Escritorio\ETLS\PROYECTO_EFICACIA\SCRIPTS\run_all.py", line 414, in _ejecutar_etl
    fn(df_pt, spec.mes, spec.anio)
  File "C:\1\OneDrive - Eficacia\Escritorio\ETLS\PROYECTO_EFICACIA\SCRIPTS\run_all.py", line 87, in _run_cif
    etl_cif.ejecutar_paso_3(spec)
  File "C:\1\OneDrive - Eficacia\Escritorio\ETLS\PROYECTO_EFICACIA\SCRIPTS\etl_cif.py", line 172, in ejecutar_paso_3
    RUTA_INVOLVES = str(pr.cif_involves(spec))
                        ^^^^^^^^^^^^^^^^^^^^^
  File "C:\1\OneDrive - Eficacia\Escritorio\ETLS\PROYECTO_EFICACIA\SCRIPTS\periodo_resolver.py", line 198, in cif_involves
    return _find_unico(
           ^^^^^^^^^^^^
  File "C:\1\OneDrive - Eficacia\Escritorio\ETLS\PROYECTO_EFICACIA\SCRIPTS\periodo_resolver.py", line 164, in _find_unico
    raise FileNotFoundError(
FileNotFoundError: [CIF/INVOLVES Junio_2026] No se encontró archivo con patrón 'informe-gerencial-visitas_202606.xlsx' en C:\1\OneDrive - Eficacia\Escritorio\ETLS\CIF\BASES\INVOLVES

2026-06-24 09:26:53  [etl.cif]           ✗ ERROR     Duración hasta fallo: 1.5s
2026-06-24 09:26:53  [etl.orquestador]   ✓ INFO      ETL 'cif' terminó — ✗ FALLÓ en 1.5s
2026-06-24 09:26:53  [etl.nopresencia]   ✓ INFO      PT filtrado persistido: 6,196 filas — periodo JUNIO_2026
2026-06-24 09:26:53  [etl.precios]       · DEBUG     [stdout] --- INICIANDO: Bloque No Presencia (Encuestas) ---
2026-06-24 09:26:53  [etl.nopresencia]   · DEBUG     [stdout] --- INICIANDO: Bloque No Presencia (Encuestas) ---
2026-06-24 09:26:53  [etl.nopresencia]   ☠ CRITICAL  Excepción no capturada — ETL abortado
Traceback (most recent call last):
  File "C:\1\OneDrive - Eficacia\Escritorio\ETLS\PROYECTO_EFICACIA\SCRIPTS\run_all.py", line 414, in _ejecutar_etl
    fn(df_pt, spec.mes, spec.anio)
  File "C:\1\OneDrive - Eficacia\Escritorio\ETLS\PROYECTO_EFICACIA\SCRIPTS\run_all.py", line 131, in _run_nopresencia
    ruta_np_proc = procesar_no_presencia(PERIODO_DATA, spec)
                   ^^^^^^^^^^^^^^^^^^^^^^^^^^^^^^^^^^^^^^^^^
  File "C:\1\OneDrive - Eficacia\Escritorio\ETLS\PROYECTO_EFICACIA\SCRIPTS\etl_nopresencia.py", line 147, in procesar_no_presencia
    archivo_periodo = pr.np_respuestas(spec)
                      ^^^^^^^^^^^^^^^^^^^^^^
  File "C:\1\OneDrive - Eficacia\Escritorio\ETLS\PROYECTO_EFICACIA\SCRIPTS\periodo_resolver.py", line 210, in np_respuestas
    return _find_unico(
           ^^^^^^^^^^^^
  File "C:\1\OneDrive - Eficacia\Escritorio\ETLS\PROYECTO_EFICACIA\SCRIPTS\periodo_resolver.py", line 164, in _find_unico
    raise FileNotFoundError(
FileNotFoundError: [NP/Respuestas Junio_2026] No se encontró archivo con patrón 'Respuestas no presencia Junio 2026.xlsx' en C:\1\OneDrive - Eficacia\Escritorio\ETLS\NO PRESENCIA\BASES

2026-06-24 09:26:53  [etl.nopresencia]   ✗ ERROR     Duración hasta fallo: 1.5s
2026-06-24 09:26:53  [etl.orquestador]   ✓ INFO      ETL 'nopresencia' terminó — ✗ FALLÓ en 1.5s
2026-06-24 09:26:53  [etl.orquestador]   ✓ INFO      ════════════════════════════════════════════════════════
2026-06-24 09:26:53  [etl.orquestador]   ✓ INFO      REPORTE DE EJECUCIÓN
2026-06-24 09:26:53  [etl.orquestador]   ✓ INFO      ════════════════════════════════════════════════════════
2026-06-24 09:26:53  [etl.orquestador]   ✓ INFO        ETL                    Estado           Tiempo
2026-06-24 09:26:53  [etl.orquestador]   ✓ INFO        ────────────────────── ────────────── ────────
2026-06-24 09:26:53  [etl.orquestador]   ✓ INFO        cif                    ✗ ERROR            1.5s
2026-06-24 09:26:53  [etl.orquestador]   ✓ INFO        nopresencia            ✗ ERROR            1.5s
2026-06-24 09:26:53  [etl.orquestador]   ✓ INFO        precios                ✗ ERROR            1.2s
2026-06-24 09:26:53  [etl.orquestador]   ✓ INFO        sos                    ✗ ERROR            1.3s
2026-06-24 09:26:53  [etl.orquestador]   ✓ INFO        exhib_pagadas          ✗ ERROR            0.0s
2026-06-24 09:26:53  [etl.orquestador]   ✓ INFO        exhib_gratis           ✗ ERROR            0.0s
2026-06-24 09:26:53  [etl.orquestador]   ✓ INFO        ventas                 ✓ OK               0.1s
2026-06-24 09:26:53  [etl.orquestador]   ✓ INFO        impactos               ✓ OK               0.1s
2026-06-24 09:26:53  [etl.orquestador]   ✓ INFO        impactos_segmentos     ✓ OK               0.0s
2026-06-24 09:26:53  [etl.orquestador]   ✓ INFO        ────────────────────── ────────────── ────────
2026-06-24 09:26:53  [etl.orquestador]   ✓ INFO        shared_loader          ✓ OK               2.4s
2026-06-24 09:26:53  [etl.orquestador]   ✓ INFO        TOTAL (paralelo)                          3.9s
2026-06-24 09:26:53  [etl.orquestador]   ✓ INFO        Sin paralelismo (est.)                    8.1s
2026-06-24 09:26:53  [etl.orquestador]   ✓ INFO        Ahorro estimado                           4.2s
2026-06-24 09:26:53  [etl.orquestador]   ✓ INFO      ────────────────────────────────────────────────────────
2026-06-24 09:26:53  [etl.orquestador]   ✓ INFO      Eventos: 6 CRITICAL  |  27 ERROR  |  1 WARNING
2026-06-24 09:26:53  [etl.orquestador]   ✓ INFO      ························································
2026-06-24 09:26:53  [etl.orquestador]   ✓ INFO        CRITICAL (6)
2026-06-24 09:26:53  [etl.orquestador]   ✓ INFO      ························································
2026-06-24 09:26:53  [etl.orquestador]   ✓ INFO        09:26:51  [exhib_pagadas]     Excepción no capturada — ETL abortado
Traceback (most recent call last):
  File "C:\1\OneDrive - Eficacia\Escritorio\ETLS\PROYECTO_EFICACIA\SCRIPTS\run_all.py", line 416, in _ejecutar_etl
    fn(spec=spec)
  File "C:\1\OneDrive - Eficacia\Escritorio\ETLS\PROYECTO_EFICACIA\SCRIPTS\run_all.py", line 277, in _run_exhibiciones_pagadas
    etl_exhibiciones_pagadas.ejecutar_proceso(spec)
  File "C:\1\OneDrive - Eficacia\Escritorio\ETLS\PROYECTO_EFICACIA\SCRIPTS\etl_exhibiciones_pagadas.py", line 141, in ejecutar_proceso
    ruta_p = str(pr.exh_planning_master(spec))
                 ^^^^^^^^^^^^^^^^^^^^^^^^^^^^
  File "C:\1\OneDrive - Eficacia\Escritorio\ETLS\PROYECTO_EFICACIA\SCRIPTS\periodo_resolver.py", line 283, in exh_planning_master
    return _find_unico(
           ^^^^^^^^^^^^
  File "C:\1\OneDrive - Eficacia\Escritorio\ETLS\PROYECTO_EFICACIA\SCRIPTS\periodo_resolver.py", line 164, in _find_unico
    raise FileNotFoundError(
FileNotFoundError: [Exh/Planning maestro Junio_2026] No se encontró archivo con patrón 'PLANNING DE JUNIO 2026.xlsx' en C:\1\OneDrive - Eficacia\Escritorio\ETLS\EXHIBICIONES\BASES

2026-06-24 09:26:53  [etl.orquestador]   ✓ INFO        09:26:51  [exhib_gratis]      Excepción no capturada — ETL abortado
Traceback (most recent call last):
  File "C:\1\OneDrive - Eficacia\Escritorio\ETLS\PROYECTO_EFICACIA\SCRIPTS\run_all.py", line 416, in _ejecutar_etl
    fn(spec=spec)
  File "C:\1\OneDrive - Eficacia\Escritorio\ETLS\PROYECTO_EFICACIA\SCRIPTS\run_all.py", line 289, in _run_exhibiciones_gratis
    etl_exhibiciones_gratis.run(spec)
  File "C:\1\OneDrive - Eficacia\Escritorio\ETLS\PROYECTO_EFICACIA\SCRIPTS\etl_exhibiciones_gratis.py", line 396, in run
    files = resolve_files(spec)
            ^^^^^^^^^^^^^^^^^^^
  File "C:\1\OneDrive - Eficacia\Escritorio\ETLS\PROYECTO_EFICACIA\SCRIPTS\etl_exhibiciones_gratis.py", line 113, in resolve_files
    groups["visitas"]    = [str(pr.exh_visitas(spec))]
                                ^^^^^^^^^^^^^^^^^^^^
  File "C:\1\OneDrive - Eficacia\Escritorio\ETLS\PROYECTO_EFICACIA\SCRIPTS\periodo_resolver.py", line 313, in exh_visitas
    return cif_involves(spec)
           ^^^^^^^^^^^^^^^^^^
  File "C:\1\OneDrive - Eficacia\Escritorio\ETLS\PROYECTO_EFICACIA\SCRIPTS\periodo_resolver.py", line 198, in cif_involves
    return _find_unico(
           ^^^^^^^^^^^^
  File "C:\1\OneDrive - Eficacia\Escritorio\ETLS\PROYECTO_EFICACIA\SCRIPTS\periodo_resolver.py", line 164, in _find_unico
    raise FileNotFoundError(
FileNotFoundError: [CIF/INVOLVES Junio_2026] No se encontró archivo con patrón 'informe-gerencial-visitas_202606.xlsx' en C:\1\OneDrive - Eficacia\Escritorio\ETLS\CIF\BASES\INVOLVES

2026-06-24 09:26:53  [etl.orquestador]   ✓ INFO        09:26:53  [precios]           Excepción no capturada — ETL abortado
Traceback (most recent call last):
  File "C:\1\OneDrive - Eficacia\Escritorio\ETLS\PROYECTO_EFICACIA\SCRIPTS\run_all.py", line 414, in _ejecutar_etl
    fn(df_pt, spec.mes, spec.anio)
  File "C:\1\OneDrive - Eficacia\Escritorio\ETLS\PROYECTO_EFICACIA\SCRIPTS\run_all.py", line 200, in _run_precios
    generar_reporte_captura_precios(df_pt_unificado, periodo, spec)
  File "C:\1\OneDrive - Eficacia\Escritorio\ETLS\PROYECTO_EFICACIA\SCRIPTS\etl_precios.py", line 180, in generar_reporte_captura_precios
    archivo_encuesta = pr.precios_respuestas(spec)
                       ^^^^^^^^^^^^^^^^^^^^^^^^^^^
  File "C:\1\OneDrive - Eficacia\Escritorio\ETLS\PROYECTO_EFICACIA\SCRIPTS\periodo_resolver.py", line 222, in precios_respuestas
    return _find_unico(
           ^^^^^^^^^^^^
  File "C:\1\OneDrive - Eficacia\Escritorio\ETLS\PROYECTO_EFICACIA\SCRIPTS\periodo_resolver.py", line 164, in _find_unico
    raise FileNotFoundError(
FileNotFoundError: [Precios/Respuestas Junio_2026] No se encontró archivo con patrón 'Respuestas Precios Junio 2026.xlsx' en C:\1\OneDrive - Eficacia\Escritorio\ETLS\PRECIOS\BASES

2026-06-24 09:26:53  [etl.orquestador]   ✓ INFO        09:26:53  [sos]               Excepción no capturada — ETL abortado
Traceback (most recent call last):
  File "C:\1\OneDrive - Eficacia\Escritorio\ETLS\PROYECTO_EFICACIA\SCRIPTS\run_all.py", line 414, in _ejecutar_etl
    fn(df_pt, spec.mes, spec.anio)
  File "C:\1\OneDrive - Eficacia\Escritorio\ETLS\PROYECTO_EFICACIA\SCRIPTS\run_all.py", line 252, in _run_sos
    ejecutar_paso_2_consolidar_encuestas(spec)
  File "C:\1\OneDrive - Eficacia\Escritorio\ETLS\PROYECTO_EFICACIA\SCRIPTS\etl_sos.py", line 158, in ejecutar_paso_2_consolidar_encuestas
    ruta_normal = pr.sos_respuestas(spec)
                  ^^^^^^^^^^^^^^^^^^^^^^^
  File "C:\1\OneDrive - Eficacia\Escritorio\ETLS\PROYECTO_EFICACIA\SCRIPTS\periodo_resolver.py", line 239, in sos_respuestas
    return _find_unico(
           ^^^^^^^^^^^^
  File "C:\1\OneDrive - Eficacia\Escritorio\ETLS\PROYECTO_EFICACIA\SCRIPTS\periodo_resolver.py", line 164, in _find_unico
    raise FileNotFoundError(
FileNotFoundError: [SOS/Respuestas Junio_2026] No se encontró archivo con patrón 'Respuestas SOS Junio 2026.xlsx' en C:\1\OneDrive - Eficacia\Escritorio\ETLS\SOS\BASES

2026-06-24 09:26:53  [etl.orquestador]   ✓ INFO        09:26:53  [cif]               Excepción no capturada — ETL abortado
Traceback (most recent call last):
  File "C:\1\OneDrive - Eficacia\Escritorio\ETLS\PROYECTO_EFICACIA\SCRIPTS\run_all.py", line 414, in _ejecutar_etl
    fn(df_pt, spec.mes, spec.anio)
  File "C:\1\OneDrive - Eficacia\Escritorio\ETLS\PROYECTO_EFICACIA\SCRIPTS\run_all.py", line 87, in _run_cif
    etl_cif.ejecutar_paso_3(spec)
  File "C:\1\OneDrive - Eficacia\Escritorio\ETLS\PROYECTO_EFICACIA\SCRIPTS\etl_cif.py", line 172, in ejecutar_paso_3
    RUTA_INVOLVES = str(pr.cif_involves(spec))
                        ^^^^^^^^^^^^^^^^^^^^^
  File "C:\1\OneDrive - Eficacia\Escritorio\ETLS\PROYECTO_EFICACIA\SCRIPTS\periodo_resolver.py", line 198, in cif_involves
    return _find_unico(
           ^^^^^^^^^^^^
  File "C:\1\OneDrive - Eficacia\Escritorio\ETLS\PROYECTO_EFICACIA\SCRIPTS\periodo_resolver.py", line 164, in _find_unico
    raise FileNotFoundError(
FileNotFoundError: [CIF/INVOLVES Junio_2026] No se encontró archivo con patrón 'informe-gerencial-visitas_202606.xlsx' en C:\1\OneDrive - Eficacia\Escritorio\ETLS\CIF\BASES\INVOLVES

2026-06-24 09:26:53  [etl.orquestador]   ✓ INFO        09:26:53  [nopresencia]       Excepción no capturada — ETL abortado
Traceback (most recent call last):
  File "C:\1\OneDrive - Eficacia\Escritorio\ETLS\PROYECTO_EFICACIA\SCRIPTS\run_all.py", line 414, in _ejecutar_etl
    fn(df_pt, spec.mes, spec.anio)
  File "C:\1\OneDrive - Eficacia\Escritorio\ETLS\PROYECTO_EFICACIA\SCRIPTS\run_all.py", line 131, in _run_nopresencia
    ruta_np_proc = procesar_no_presencia(PERIODO_DATA, spec)
                   ^^^^^^^^^^^^^^^^^^^^^^^^^^^^^^^^^^^^^^^^^
  File "C:\1\OneDrive - Eficacia\Escritorio\ETLS\PROYECTO_EFICACIA\SCRIPTS\etl_nopresencia.py", line 147, in procesar_no_presencia
    archivo_periodo = pr.np_respuestas(spec)
                      ^^^^^^^^^^^^^^^^^^^^^^
  File "C:\1\OneDrive - Eficacia\Escritorio\ETLS\PROYECTO_EFICACIA\SCRIPTS\periodo_resolver.py", line 210, in np_respuestas
    return _find_unico(
           ^^^^^^^^^^^^
  File "C:\1\OneDrive - Eficacia\Escritorio\ETLS\PROYECTO_EFICACIA\SCRIPTS\periodo_resolver.py", line 164, in _find_unico
    raise FileNotFoundError(
FileNotFoundError: [NP/Respuestas Junio_2026] No se encontró archivo con patrón 'Respuestas no presencia Junio 2026.xlsx' en C:\1\OneDrive - Eficacia\Escritorio\ETLS\NO PRESENCIA\BASES

2026-06-24 09:26:53  [etl.orquestador]   ✓ INFO      ························································
2026-06-24 09:26:53  [etl.orquestador]   ✓ INFO        ERROR (27)
2026-06-24 09:26:53  [etl.orquestador]   ✓ INFO      ························································
2026-06-24 09:26:53  [etl.orquestador]   ✓ INFO        09:26:52  [exhib_gratis]      Duración hasta fallo: 0.0s
2026-06-24 09:26:53  [etl.orquestador]   ✓ INFO        09:26:52  [exhib_pagadas]     Duración hasta fallo: 0.0s
2026-06-24 09:26:53  [etl.orquestador]   ✓ INFO        09:26:52  [precios]           [stdout] ❌ Carpeta de origen no existe: C:\1\OneDrive - Eficacia\Escritorio\ETLS\D&P\BASES\01. Ventas
2026-06-24 09:26:53  [etl.orquestador]   ✓ INFO        09:26:52  [precios]           [stdout] Crea la carpeta con los Excel de ventas (organizados por año).❌ Carpeta de origen no existe: C:\1\OneDrive - Eficacia\Escritorio\ETLS\D&P\BASES\02. Impactos
2026-06-24 09:26:53  [etl.orquestador]   ✓ INFO        09:26:52  [nopresencia]       [stdout] ❌ Carpeta de origen no existe: C:\1\OneDrive - Eficacia\Escritorio\ETLS\D&P\BASES\01. Ventas
2026-06-24 09:26:53  [etl.orquestador]   ✓ INFO        09:26:52  [nopresencia]       [stdout] Crea la carpeta con los Excel de ventas (organizados por año).❌ Carpeta de origen no existe: C:\1\OneDrive - Eficacia\Escritorio\ETLS\D&P\BASES\02. Impactos
2026-06-24 09:26:53  [etl.orquestador]   ✓ INFO        09:26:52  [cif]               [stdout] ❌ Carpeta de origen no existe: C:\1\OneDrive - Eficacia\Escritorio\ETLS\D&P\BASES\01. Ventas
2026-06-24 09:26:53  [etl.orquestador]   ✓ INFO        09:26:52  [cif]               [stdout] Crea la carpeta con los Excel de ventas (organizados por año).❌ Carpeta de origen no existe: C:\1\OneDrive - Eficacia\Escritorio\ETLS\D&P\BASES\02. Impactos
2026-06-24 09:26:53  [etl.orquestador]   ✓ INFO        09:26:52  [sos]               [stdout] ❌ Carpeta de origen no existe: C:\1\OneDrive - Eficacia\Escritorio\ETLS\D&P\BASES\01. Ventas
2026-06-24 09:26:53  [etl.orquestador]   ✓ INFO        09:26:52  [sos]               [stdout] Crea la carpeta con los Excel de ventas (organizados por año).❌ Carpeta de origen no existe: C:\1\OneDrive - Eficacia\Escritorio\ETLS\D&P\BASES\02. Impactos
2026-06-24 09:26:53  [etl.orquestador]   ✓ INFO        09:26:52  [exhib_pagadas]     [stdout] ❌ Carpeta de origen no existe: C:\1\OneDrive - Eficacia\Escritorio\ETLS\D&P\BASES\01. Ventas
2026-06-24 09:26:53  [etl.orquestador]   ✓ INFO        09:26:52  [exhib_pagadas]     [stdout] Crea la carpeta con los Excel de ventas (organizados por año).❌ Carpeta de origen no existe: C:\1\OneDrive - Eficacia\Escritorio\ETLS\D&P\BASES\02. Impactos
2026-06-24 09:26:53  [etl.orquestador]   ✓ INFO        09:26:52  [ventas]            [stdout] ❌ Carpeta de origen no existe: C:\1\OneDrive - Eficacia\Escritorio\ETLS\D&P\BASES\01. Ventas
2026-06-24 09:26:53  [etl.orquestador]   ✓ INFO        09:26:52  [ventas]            [stdout] Crea la carpeta con los Excel de ventas (organizados por año).❌ Carpeta de origen no existe: C:\1\OneDrive - Eficacia\Escritorio\ETLS\D&P\BASES\02. Impactos
2026-06-24 09:26:53  [etl.orquestador]   ✓ INFO        09:26:52  [impactos]          [stdout] ❌ Carpeta de origen no existe: C:\1\OneDrive - Eficacia\Escritorio\ETLS\D&P\BASES\01. Ventas
2026-06-24 09:26:53  [etl.orquestador]   ✓ INFO        09:26:52  [impactos]          [stdout] Crea la carpeta con los Excel de ventas (organizados por año).❌ Carpeta de origen no existe: C:\1\OneDrive - Eficacia\Escritorio\ETLS\D&P\BASES\02. Impactos
2026-06-24 09:26:53  [etl.orquestador]   ✓ INFO        09:26:52  [precios]           [stdout] ❌ Falta el consolidado de ventas: C:\1\OneDrive - Eficacia\Escritorio\ETLS\D&P\SALIDA\Consolidado_Ventas.csv
2026-06-24 09:26:53  [etl.orquestador]   ✓ INFO        09:26:52  [nopresencia]       [stdout] ❌ Falta el consolidado de ventas: C:\1\OneDrive - Eficacia\Escritorio\ETLS\D&P\SALIDA\Consolidado_Ventas.csv
2026-06-24 09:26:53  [etl.orquestador]   ✓ INFO        09:26:52  [cif]               [stdout] ❌ Falta el consolidado de ventas: C:\1\OneDrive - Eficacia\Escritorio\ETLS\D&P\SALIDA\Consolidado_Ventas.csv
2026-06-24 09:26:53  [etl.orquestador]   ✓ INFO        09:26:52  [sos]               [stdout] ❌ Falta el consolidado de ventas: C:\1\OneDrive - Eficacia\Escritorio\ETLS\D&P\SALIDA\Consolidado_Ventas.csv
2026-06-24 09:26:53  [etl.orquestador]   ✓ INFO        09:26:52  [exhib_pagadas]     [stdout] ❌ Falta el consolidado de ventas: C:\1\OneDrive - Eficacia\Escritorio\ETLS\D&P\SALIDA\Consolidado_Ventas.csv
2026-06-24 09:26:53  [etl.orquestador]   ✓ INFO        09:26:52  [ventas]            [stdout] ❌ Falta el consolidado de ventas: C:\1\OneDrive - Eficacia\Escritorio\ETLS\D&P\SALIDA\Consolidado_Ventas.csv
2026-06-24 09:26:53  [etl.orquestador]   ✓ INFO        09:26:52  [impactos_segmentos]  [stdout] ❌ Falta el consolidado de ventas: C:\1\OneDrive - Eficacia\Escritorio\ETLS\D&P\SALIDA\Consolidado_Ventas.csv
2026-06-24 09:26:53  [etl.orquestador]   ✓ INFO        09:26:53  [precios]           Duración hasta fallo: 1.2s
2026-06-24 09:26:53  [etl.orquestador]   ✓ INFO        09:26:53  [sos]               Duración hasta fallo: 1.3s
2026-06-24 09:26:53  [etl.orquestador]   ✓ INFO        09:26:53  [cif]               Duración hasta fallo: 1.5s
2026-06-24 09:26:53  [etl.orquestador]   ✓ INFO        09:26:53  [nopresencia]       Duración hasta fallo: 1.5s
2026-06-24 09:26:53  [etl.orquestador]   ✓ INFO      ························································
2026-06-24 09:26:53  [etl.orquestador]   ✓ INFO        WARNING (1)
2026-06-24 09:26:53  [etl.orquestador]   ✓ INFO      ························································
2026-06-24 09:26:53  [etl.orquestador]   ✓ INFO        09:26:51  [shared_loader]     [DIRECTO] Módulo 'precios': el filtro devolvió 0 filas (columna 'PRECIOS' sin valores = 1, o IDs sin coincidencia en el PT)
2026-06-24 09:26:53  [etl.orquestador]   ✓ INFO      ════════════════════════════════════════════════════════
2026-06-24 09:26:53  [etl.orquestador]   ✓ INFO      Log completo guardado en: C:\1\OneDrive - Eficacia\Escritorio\ETLS\PROYECTO_EFICACIA\SCRIPTS\logs\ejecucion_202606_20260624_092649.log
2026-06-24 09:26:53  [etl.orquestador]   ✓ INFO      Fin: 2026-06-24 09:26:53
2026-06-24 09:26:53  [etl.orquestador]   ✓ INFO      ════════════════════════════════════════════════════════
