2026-08-21 10:02:41  [etl.sistema]       ✓ INFO      Logging inicializado — archivo: C:\1\OneDrive - Eficacia\Escritorio\ETLS\SCRIPTS\logs\ejecucion_202608_20260821_100241.log
2026-08-21 10:02:41  [etl.orquestador]   ✓ INFO      Run ID compartido para esta corrida: 20260821T100241_15d967
2026-08-21 10:02:41  [etl.orquestador]   ✓ INFO      ════════════════════════════════════════════════════════
2026-08-21 10:02:41  [etl.orquestador]   ✓ INFO      ORQUESTADOR ETLs — Eficacia
2026-08-21 10:02:41  [etl.orquestador]   ✓ INFO      Inicio: 2026-08-21 10:02:41
2026-08-21 10:02:41  [etl.orquestador]   ✓ INFO      Run ID: 20260821T100241_15d967
2026-08-21 10:02:41  [etl.orquestador]   ✓ INFO      Periodo: Agosto_2026 (08/2026)
2026-08-21 10:02:41  [etl.orquestador]   ✓ INFO      ETLs seleccionados: ['ventas', 'impactos_segmentos']
2026-08-21 10:02:41  [etl.orquestador]   ✓ INFO      Workers paralelos: 6
2026-08-21 10:02:41  [etl.orquestador]   ✓ INFO      Skip si cached: False
2026-08-21 10:02:41  [etl.orquestador]   ✓ INFO      ════════════════════════════════════════════════════════
2026-08-21 10:02:41  [etl.shared_loader]  ⚠ WARNING   PT Directo y ISM no están en local para periodo 08/2026 (C:\1\OneDrive - Eficacia\Escritorio\ETLS\CIF\BASES\PLAN DE TRABAJO) — descargando desde SharePoint...
2026-08-21 10:02:49  [etl.shared_loader]  ✓ INFO      PT Directo descargado desde SharePoint: Plan de trabajo Directo Agosto 2026.xlsx
2026-08-21 10:02:51  [etl.shared_loader]  ✓ INFO      PT ISM descargado desde SharePoint: Plan de trabajo ISM Agosto 2026.xlsx
2026-08-21 10:02:51  [etl.shared_loader]  ✓ INFO      PT Directo detectado: Plan de trabajo Directo Agosto 2026.xlsx
2026-08-21 10:02:51  [etl.shared_loader]  ✓ INFO      PT ISM detectado: Plan de trabajo ISM Agosto 2026.xlsx
2026-08-21 10:02:51  [etl.shared_loader]  ✓ INFO      ━━━━━━━━━━━━━━━━━━━━━━━━━━━━━━━━━━━━━━━━━━━━━━━━━━
2026-08-21 10:02:51  [etl.shared_loader]  ✓ INFO      Iniciando carga compartida del Plan de Trabajo
2026-08-21 10:02:51  [etl.shared_loader]  ✓ INFO      ━━━━━━━━━━━━━━━━━━━━━━━━━━━━━━━━━━━━━━━━━━━━━━━━━━
2026-08-21 10:02:55  [etl.shared_loader]  ✓ INFO      [DIRECTO] 8,525 filas PT  |  3,251 filas módulos cargadas
2026-08-21 10:02:56  [etl.shared_loader]  ✓ INFO      [ISM] 2,482 filas PT  |  883 filas módulos cargadas
2026-08-21 10:02:56  [etl.shared_loader]  ✓ INFO      PT consolidado: 11,007 filas totales
2026-08-21 10:02:56  [etl.shared_loader]  ✓ INFO      Periodo forzado por el caller: Mes 8 | Año 2026
2026-08-21 10:02:56  [etl.shared_loader]  ✓ INFO      Aplicando filtros por módulo
2026-08-21 10:02:56  [etl.shared_loader]  ✓ INFO      [DIRECTO] no_presencia: D10 — 128 PDVs DISCOUNTER excluidos
2026-08-21 10:02:56  [etl.shared_loader]  ✓ INFO      [DIRECTO] no_presencia: D9 — filtro OBSERVACIÓN/ROL 4,878 → 4,352 filas
2026-08-21 10:02:56  [etl.shared_loader]  ✓ INFO      [DIRECTO] Módulo 'no_presencia': 4,352 filas retenidas
2026-08-21 10:02:56  [etl.shared_loader]  ✓ INFO      [ISM] no_presencia: D10 — 78 PDVs DISCOUNTER excluidos
2026-08-21 10:02:56  [etl.shared_loader]  ✓ INFO      [ISM] no_presencia: D9 — filtro OBSERVACIÓN/ROL 941 → 862 filas
2026-08-21 10:02:56  [etl.shared_loader]  ✓ INFO      [ISM] Módulo 'no_presencia': 862 filas retenidas
2026-08-21 10:02:56  [etl.shared_loader]  ✓ INFO      [DIRECTO] precios: D9 — filtro OBSERVACIÓN/ROL 4,124 → 3,643 filas
2026-08-21 10:02:56  [etl.shared_loader]  ✓ INFO      [DIRECTO] Módulo 'precios': 3,643 filas retenidas
2026-08-21 10:02:56  [etl.shared_loader]  ✓ INFO      [ISM] precios: D9 — filtro OBSERVACIÓN/ROL 759 → 691 filas
2026-08-21 10:02:56  [etl.shared_loader]  ✓ INFO      [ISM] Módulo 'precios': 691 filas retenidas
2026-08-21 10:02:56  [etl.shared_loader]  ✓ INFO      [DIRECTO] sos: D9 — filtro OBSERVACIÓN/ROL 4,036 → 3,566 filas
2026-08-21 10:02:56  [etl.shared_loader]  ✓ INFO      [DIRECTO] Módulo 'sos': 3,566 filas retenidas
2026-08-21 10:02:56  [etl.shared_loader]  ✓ INFO      [ISM] sos: D9 — filtro OBSERVACIÓN/ROL 733 → 667 filas
2026-08-21 10:02:56  [etl.shared_loader]  ✓ INFO      [ISM] Módulo 'sos': 667 filas retenidas
2026-08-21 10:02:56  [etl.shared_loader]  ✓ INFO      Carga compartida completada
2026-08-21 10:02:56  [etl.orquestador]   ✓ INFO      shared_loader completado en 15.4s
2026-08-21 10:02:56  [etl.orquestador]   ✓ INFO      ────────────────────────────────────────────────────────
2026-08-21 10:02:56  [etl.orquestador]   ✓ INFO      FASE 1 — Lanzando 1 ETLs en paralelo (0 skipped)
2026-08-21 10:02:56  [etl.orquestador]   ✓ INFO      ────────────────────────────────────────────────────────
2026-08-21 10:02:56  [etl.ventas]        ✓ INFO      ────────────────────────────────────────────────────────
2026-08-21 10:02:56  [etl.ventas]        ✓ INFO      ETL Ventas D&P — iniciando
2026-08-21 10:02:56  [etl.ventas]        · DEBUG     [stdout] 🔒 Autenticando con Microsoft Graph API...
2026-08-21 10:03:00  [etl.ventas]        · DEBUG     [stdout] 🎯 Procesando periodo: Agosto_2026 (Año: 2026)
2026-08-21 10:03:00  [etl.ventas]        · DEBUG     [stdout] ☁️ Consultando ruta de origen en SharePoint: Equipo Información/BI/INVOLVES/BASES DE RESPUESTAS/DYP/2026
2026-08-21 10:03:10  [etl.ventas]        ✓ INFO      [stdout] ✅ Archivos encontrados en la nube para 2026: 24
2026-08-21 10:04:14  [etl.ventas]        · DEBUG     [stdout] ℹ️  Reprocesando 2 archivo(s) de Agosto_2026: ['08. Agosto base ventas.xlsx', 'RUTERO AGOSTO 2026 D&P.xlsx']
2026-08-21 10:04:26  [etl.ventas]        · DEBUG     [stdout] Modo upsert cloud (Ventas) — 58,820 filas previas de Agosto_2026 reemplazadas
2026-08-21 10:04:31  [etl.ventas]        · DEBUG     [stdout] → Procesando ventas desde nube: 08. Agosto base ventas.xlsx
2026-08-21 10:05:21  [etl.ventas]        · DEBUG     [stdout] → Procesando ventas desde nube: RUTERO AGOSTO 2026 D&P.xlsx
2026-08-21 10:07:31  [etl.ventas]        ✓ INFO      [stdout] ✅ Consolidado de Ventas guardado en SharePoint: Equipo Información/BI/INVOLVES/SALIDAS/DYP/Consolidado_Ventas.csv (458,398 filas)
2026-08-21 10:07:32  [etl.ventas]        · DEBUG     [stdout] ℹ️  Ventas: 458,398 filas en el consolidado → 58,820 del periodo 08/2026
2026-08-21 10:07:33  [etl.ventas]        · DEBUG     [stdout] ℹ️  Ventas → Supabase: 58,820 filas × 50 col  →  20,669 × 8 (agrupado por marca). El CSV de SharePoint conserva el detalle por producto.
2026-08-21 10:07:37  [etl.ventas]        · DEBUG     [stdout] 🗑️  dyp_ventas_detalle: 20,669 fila(s) del periodo 08/2026 eliminadas
2026-08-21 10:07:38  [etl.ventas]        · DEBUG     [stdout] ⏳ dyp_ventas_detalle: subiendo 20,669 filas en lotes de 1,000…
2026-08-21 10:07:47  [etl.ventas]        · DEBUG     [stdout] 20,669/20,669 (100%)
2026-08-21 10:07:47  [etl.ventas]        ✓ INFO      [stdout] ✅ dyp_ventas_detalle: 20,669 filas cargadas (08/2026)
2026-08-21 10:07:47  [etl.ventas]        · DEBUG     [stdout] → Procesando impactos desde nube: 03. Marzo base impactos - cuota.xlsx
2026-08-21 10:07:50  [etl.ventas]        · DEBUG     [stdout] → Procesando impactos desde nube: 04. Abril base impactos - cuota.xlsx
2026-08-21 10:07:51  [etl.ventas]        · DEBUG     [stdout] → Procesando impactos desde nube: 05. Mayo base impactos - cuota.xlsx
2026-08-21 10:07:52  [etl.ventas]        · DEBUG     [stdout] → Procesando impactos desde nube: 06. Junio base impactos - cuota.xlsx
2026-08-21 10:07:54  [etl.ventas]        · DEBUG     [stdout] → Procesando impactos desde nube: 07. Julio base impactos - cuota.xlsx
2026-08-21 10:07:56  [etl.ventas]        · DEBUG     [stdout] → Procesando impactos desde nube: 08. Agosto base impactos - cuota.xlsx
2026-08-21 10:08:00  [etl.ventas]        ✓ INFO      [stdout] ✅ Consolidado de Impactos guardado en SharePoint: Equipo Información/BI/INVOLVES/SALIDAS/DYP/Consolidado_Impactos.csv (408 filas)
2026-08-21 10:08:00  [etl.ventas]        · DEBUG     [stdout] ℹ️  Impactos → Supabase: separador de miles quitado en 7 columnas (Cuota, Venta, Total Clientes a Visitar, Clientes Visitados, Total Clientes a Impactar, Clientes Impactados, Clientes Georeferenciados)
2026-08-21 10:08:00  [etl.ventas]        · DEBUG     [stdout] ℹ️  dyp_impactos_detalle: 408 filas en el archivo → 68 del periodo 08/2026
2026-08-21 10:08:00  [etl.ventas]        · DEBUG     [stdout] 🗑️  dyp_impactos_detalle: 0 fila(s) del periodo 08/2026 eliminadas
2026-08-21 10:08:01  [etl.ventas]        ✓ INFO      [stdout] ✅ dyp_impactos_detalle: 68 filas cargadas (08/2026)
2026-08-21 10:08:01  [etl.ventas]        ✓ INFO      ETL Ventas D&P — completado (458,398 filas en consolidado)
2026-08-21 10:08:08  [etl.ventas]        ✓ INFO      Duración total: 304.3s
2026-08-21 10:08:08  [etl.orquestador]   ✓ INFO      ETL 'ventas' terminó — ✓ OK en 304.3s
2026-08-21 10:08:08  [etl.orquestador]   ✓ INFO      ────────────────────────────────────────────────────────
2026-08-21 10:08:08  [etl.orquestador]   ✓ INFO      FASE 2 (dependientes) — Lanzando 1 ETLs en paralelo (0 skipped)
2026-08-21 10:08:08  [etl.orquestador]   ✓ INFO      ────────────────────────────────────────────────────────
2026-08-21 10:08:08  [etl.impactos_segmentos]  ✓ INFO      ────────────────────────────────────────────────────────
2026-08-21 10:08:08  [etl.impactos_segmentos]  ✓ INFO      ETL Impactos por Segmento — iniciando
2026-08-21 10:08:08  [etl.impactos_segmentos]  · DEBUG     [stdout] =======================================================
2026-08-21 10:08:08  [etl.impactos_segmentos]  · DEBUG     [stdout] ETL — Impacto por Segmento (V2, Cloud)
2026-08-21 10:08:08  [etl.impactos_segmentos]  · DEBUG     [stdout] =======================================================
2026-08-21 10:08:08  [etl.impactos_segmentos]  · DEBUG     [stdout] [1/5] Descargando rutero desde SharePoint...
2026-08-21 10:08:46  [etl.impactos_segmentos]  · DEBUG     [stdout] 11,839 PDVs en el rutero
2026-08-21 10:08:46  [etl.impactos_segmentos]  · DEBUG     [stdout] [2/5] Descargando listas de referencia desde SharePoint...
2026-08-21 10:08:52  [etl.impactos_segmentos]  · DEBUG     [stdout] MustStock           :  63 EANs | todos los PDVs del rutero
2026-08-21 10:08:52  [etl.impactos_segmentos]  · DEBUG     [stdout] Listerine_Sandia    :   1 EANs | 880 PDVs target
2026-08-21 10:08:52  [etl.impactos_segmentos]  · DEBUG     [stdout] DoyPack_J&J_Baby    :   2 EANs | 1,515 PDVs target
2026-08-21 10:08:52  [etl.impactos_segmentos]  · DEBUG     [stdout] Liserine_Kids       :   1 EANs | 344 PDVs target
2026-08-21 10:08:52  [etl.impactos_segmentos]  · DEBUG     [stdout] Visine              :   1 EANs | 854 PDVs target
2026-08-21 10:08:52  [etl.impactos_segmentos]  · DEBUG     [stdout] [3/5] Descargando ventas consolidadas desde SharePoint...
2026-08-21 10:08:52  [etl.impactos_segmentos]  · DEBUG     [stdout] Leyendo consolidado: Equipo Información/BI/INVOLVES/SALIDAS/DYP/Consolidado_Ventas.csv
2026-08-21 10:09:17  [etl.impactos_segmentos]  · DEBUG     [stdout] 384,616 registros (PDV × EAN × periodo)
2026-08-21 10:09:17  [etl.impactos_segmentos]  · DEBUG     [stdout] 281 descripciones de producto capturadas
2026-08-21 10:09:24  [etl.impactos_segmentos]  · DEBUG     [stdout] Período más reciente: Agosto-2026
2026-08-21 10:09:24  [etl.impactos_segmentos]  · DEBUG     [stdout] [4/5] Construyendo BDs de impacto...
2026-08-21 10:09:24  [etl.impactos_segmentos]  · DEBUG     [stdout] → MustStock...
2026-08-21 10:09:27  [etl.impactos_segmentos]  · DEBUG     [stdout] → Listerine_Sandia...
2026-08-21 10:09:27  [etl.impactos_segmentos]  · DEBUG     [stdout] → DoyPack_J&J_Baby...
2026-08-21 10:09:27  [etl.impactos_segmentos]  · DEBUG     [stdout] → SKU: DoyPack_Shampoo_Baby
2026-08-21 10:09:27  [etl.impactos_segmentos]  · DEBUG     [stdout] → SKU: DoyPack_BañoLiquido_Baby
2026-08-21 10:09:28  [etl.impactos_segmentos]  · DEBUG     [stdout] → Liserine_Kids...
2026-08-21 10:09:28  [etl.impactos_segmentos]  · DEBUG     [stdout] → Visine...
2026-08-21 10:09:28  [etl.impactos_segmentos]  · DEBUG     [stdout] [5/5] Escribiendo Excel + dashboard en SharePoint...
2026-08-21 10:10:53  [etl.impactos_segmentos]  ✓ INFO      [stdout] ✅ Archivo generado y subido a SharePoint: Equipo Información/BI/INVOLVES/SALIDAS/DYP/impacto_segmentos.xlsx
2026-08-21 10:10:53  [etl.impactos_segmentos]  · DEBUG     [stdout] Resumen por pestaña (período Agosto-2026):
2026-08-21 10:10:53  [etl.impactos_segmentos]  · DEBUG     [stdout] Segmento                             PDVs   Con impacto   Sin impacto
2026-08-21 10:10:53  [etl.impactos_segmentos]  · DEBUG     [stdout] ----------------------------------------------------------------------
2026-08-21 10:10:53  [etl.impactos_segmentos]  · DEBUG     [stdout] MustStock                          11,839         3,113         8,726
2026-08-21 10:10:53  [etl.impactos_segmentos]  · DEBUG     [stdout] Listerine_Sandia                      857            52           805
2026-08-21 10:10:53  [etl.impactos_segmentos]  · DEBUG     [stdout] DoyPack_Shampoo_Baby                1,478             8         1,470
2026-08-21 10:10:53  [etl.impactos_segmentos]  · DEBUG     [stdout] DoyPack_BañoLiquido_Baby            1,478             5         1,473
2026-08-21 10:10:53  [etl.impactos_segmentos]  · DEBUG     [stdout] Liserine_Kids                         338            13           325
2026-08-21 10:10:53  [etl.impactos_segmentos]  · DEBUG     [stdout] Visine                                811            28           783
2026-08-21 10:10:53  [etl.impactos_segmentos]  ✓ INFO      ETL Impactos por Segmento — completado
2026-08-21 10:10:59  [etl.impactos_segmentos]  ✓ INFO      Duración total: 164.9s
2026-08-21 10:10:59  [etl.orquestador]   ✓ INFO      ETL 'impactos_segmentos' terminó — ✓ OK en 164.9s
2026-08-21 10:10:59  [etl.orquestador]   ✓ INFO      ════════════════════════════════════════════════════════
2026-08-21 10:10:59  [etl.orquestador]   ✓ INFO      REPORTE DE EJECUCIÓN
2026-08-21 10:10:59  [etl.orquestador]   ✓ INFO      ════════════════════════════════════════════════════════
2026-08-21 10:10:59  [etl.orquestador]   ✓ INFO        ETL                    Estado           Tiempo
2026-08-21 10:10:59  [etl.orquestador]   ✓ INFO        ────────────────────── ────────────── ────────
2026-08-21 10:10:59  [etl.orquestador]   ✓ INFO        ventas                 ✓ OK             304.3s
2026-08-21 10:10:59  [etl.orquestador]   ✓ INFO        impactos_segmentos     ✓ OK             164.9s
2026-08-21 10:10:59  [etl.orquestador]   ✓ INFO        ────────────────────── ────────────── ────────
2026-08-21 10:10:59  [etl.orquestador]   ✓ INFO        shared_loader          ✓ OK              15.4s
2026-08-21 10:10:59  [etl.orquestador]   ✓ INFO        TOTAL (paralelo)                        498.4s
2026-08-21 10:10:59  [etl.orquestador]   ✓ INFO        Sin paralelismo (est.)                  484.6s
2026-08-21 10:10:59  [etl.orquestador]   ✓ INFO        Ahorro estimado                         -13.8s
2026-08-21 10:10:59  [etl.orquestador]   ✓ INFO      ────────────────────────────────────────────────────────
2026-08-21 10:10:59  [etl.orquestador]   ✓ INFO      Eventos: 0 CRITICAL  |  0 ERROR  |  1 WARNING
2026-08-21 10:10:59  [etl.orquestador]   ✓ INFO      ························································
2026-08-21 10:10:59  [etl.orquestador]   ✓ INFO        WARNING (1)
2026-08-21 10:10:59  [etl.orquestador]   ✓ INFO      ························································
2026-08-21 10:10:59  [etl.orquestador]   ✓ INFO        10:02:41  [shared_loader]     PT Directo y ISM no están en local para periodo 08/2026 (C:\1\OneDrive - Eficacia\Escritorio\ETLS\CIF\BASES\PLAN DE TRABAJO) — descargando desde SharePoint...
2026-08-21 10:10:59  [etl.orquestador]   ✓ INFO      ════════════════════════════════════════════════════════
2026-08-21 10:10:59  [etl.orquestador]   ✓ INFO      Log completo guardado en: C:\1\OneDrive - Eficacia\Escritorio\ETLS\SCRIPTS\logs\ejecucion_202608_20260821_100241.log
2026-08-21 10:10:59  [etl.orquestador]   ✓ INFO      Fin: 2026-08-21 10:10:59
2026-08-21 10:10:59  [etl.orquestador]   ✓ INFO      ════════════════════════════════════════════════════════
