2026-07-29 10:02:44  [etl.sistema]       ✓ INFO      Logging inicializado — archivo: C:\1\OneDrive - Eficacia\Escritorio\ETLS\SCRIPTS\logs\ejecucion_202607_20260729_100244.log
2026-07-29 10:02:44  [etl.orquestador]   ✓ INFO      Run ID compartido para esta corrida: 20260729T100244_c76127
2026-07-29 10:02:44  [etl.orquestador]   ✓ INFO      ════════════════════════════════════════════════════════
2026-07-29 10:02:44  [etl.orquestador]   ✓ INFO      ORQUESTADOR ETLs — Eficacia
2026-07-29 10:02:44  [etl.orquestador]   ✓ INFO      Inicio: 2026-07-29 10:02:44
2026-07-29 10:02:44  [etl.orquestador]   ✓ INFO      Run ID: 20260729T100244_c76127
2026-07-29 10:02:44  [etl.orquestador]   ✓ INFO      Periodo: Julio_2026 (07/2026)
2026-07-29 10:02:44  [etl.orquestador]   ✓ INFO      ETLs seleccionados: ['exhib_pagadas']
2026-07-29 10:02:44  [etl.orquestador]   ✓ INFO      Workers paralelos: 6
2026-07-29 10:02:44  [etl.orquestador]   ✓ INFO      Skip si cached: False
2026-07-29 10:02:44  [etl.orquestador]   ✓ INFO      ════════════════════════════════════════════════════════
2026-07-29 10:02:44  [etl.shared_loader]  ✓ INFO      PT Directo detectado: Plan de trabajo Directo Julio 2026.xlsx
2026-07-29 10:02:44  [etl.shared_loader]  ✓ INFO      PT ISM detectado: Plan de trabajo ISM Julio 2026.xlsx
2026-07-29 10:02:44  [etl.shared_loader]  ✓ INFO      ━━━━━━━━━━━━━━━━━━━━━━━━━━━━━━━━━━━━━━━━━━━━━━━━━━
2026-07-29 10:02:44  [etl.shared_loader]  ✓ INFO      Iniciando carga compartida del Plan de Trabajo
2026-07-29 10:02:44  [etl.shared_loader]  ✓ INFO      ━━━━━━━━━━━━━━━━━━━━━━━━━━━━━━━━━━━━━━━━━━━━━━━━━━
2026-07-29 10:02:45  [etl.shared_loader]  ✓ INFO      [DIRECTO] 8,601 filas PT  |  3,262 filas módulos cargadas
2026-07-29 10:02:46  [etl.shared_loader]  ✓ INFO      [ISM] 2,530 filas PT  |  888 filas módulos cargadas
2026-07-29 10:02:46  [etl.shared_loader]  ✓ INFO      PT consolidado: 11,131 filas totales
2026-07-29 10:02:46  [etl.shared_loader]  ✓ INFO      Periodo forzado por el caller: Mes 7 | Año 2026
2026-07-29 10:02:46  [etl.shared_loader]  ✓ INFO      Aplicando filtros por módulo
2026-07-29 10:02:46  [etl.shared_loader]  ✓ INFO      [DIRECTO] Módulo 'no_presencia': 5,073 filas retenidas
2026-07-29 10:02:46  [etl.shared_loader]  ✓ INFO      [ISM] Módulo 'no_presencia': 980 filas retenidas
2026-07-29 10:02:46  [etl.shared_loader]  ⚠ WARNING   [DIRECTO] Módulo 'precios': el filtro devolvió 0 filas (columna 'PRECIOS' sin valores = 1, o IDs sin coincidencia en el PT)
2026-07-29 10:02:46  [etl.shared_loader]  ✓ INFO      [ISM] Módulo 'precios': 791 filas retenidas
2026-07-29 10:02:46  [etl.shared_loader]  ✓ INFO      [DIRECTO] Módulo 'sos': 4,084 filas retenidas
2026-07-29 10:02:46  [etl.shared_loader]  ✓ INFO      [ISM] Módulo 'sos': 759 filas retenidas
2026-07-29 10:02:46  [etl.shared_loader]  ✓ INFO      Carga compartida completada
2026-07-29 10:02:46  [etl.orquestador]   ✓ INFO      shared_loader completado en 2.1s
2026-07-29 10:02:46  [etl.orquestador]   ✓ INFO      ────────────────────────────────────────────────────────
2026-07-29 10:02:46  [etl.orquestador]   ✓ INFO      FASE 1 — Lanzando 1 ETLs en paralelo (0 skipped)
2026-07-29 10:02:46  [etl.orquestador]   ✓ INFO      ────────────────────────────────────────────────────────
2026-07-29 10:02:46  [etl.exhib_pagadas]  ✓ INFO      ────────────────────────────────────────────────────────
2026-07-29 10:02:46  [etl.exhib_pagadas]  ✓ INFO      ETL Exhibiciones Pagadas — iniciando
2026-07-29 10:02:48  [etl.exhib_pagadas]  · DEBUG     [stdout] 🚀 Iniciando auditoría exhibiciones pagadas (Julio_2026)...
2026-07-29 10:03:04  [etl.exhib_pagadas]  ☠ CRITICAL  Excepción no capturada — ETL abortado
Traceback (most recent call last):
  File "C:\1\OneDrive - Eficacia\Escritorio\ETLS\SCRIPTS\run_all.py", line 415, in _ejecutar_etl
    fn(spec=spec)
  File "C:\1\OneDrive - Eficacia\Escritorio\ETLS\SCRIPTS\run_all.py", line 298, in _run_exhibiciones_pagadas
    etl_exhibiciones_pagadas.ejecutar_proceso(spec, headers, site_id)
  File "C:\1\OneDrive - Eficacia\Escritorio\ETLS\SCRIPTS\etl_exhibiciones_pagadas.py", line 170, in ejecutar_proceso
    raise KeyError(f"❌ Faltan columnas requeridas en el Planning. Disponibles: {list(df_p.columns)}")
KeyError: "❌ Faltan columnas requeridas en el Planning. Disponibles: ['ID de la encuesta', 'Rótulo de la encuesta', 'Red', 'Cadena', 'Canal del PDV', 'Perfil del PDV', 'Tipo de PDV', 'ID del PDV', 'PDV', 'Núm. del PDV', 'Código del PDV', 'División territorial', 'Ciudad', 'Macrorregional', 'Regional', 'Barrio', 'Núm. de Identificación Empresarial', 'Código postal', 'Centro comercial', 'Cod PDV (SGI)', 'CODIGO GERENCIA', 'GERENTE / KAM', 'CODIGO VENDEDOR SAP', 'VENDEDOR SAP', 'Golden Store', 'Tienda con OPL', 'Tienda Visitada por Operaciones', 'Tienda Perfecta', 'Código Interno D&P', 'Dirección', 'Latitud', 'Longitud', 'Fecha y hora de la encuesta', 'Fecha de la encuesta', 'Hora de la encuesta', 'Día de la semana', 'Semana del año', 'Semana del mes', 'Día del mes', 'Mes del año', 'Año', 'ID del empleado', 'ID del empleado.1', 'Empleado', 'Núm. de Identificación del Empleado', 'Superior del empleado', 'Perfil del empleado', 'Perfil de acceso', 'Cargo', 'Número de registro', 'Homologación', 'Empleado que digitó', 'EXHIBICIONES:', 'EXHIBICIONES: - Puntuación', 'Seleccionar el Tipo de la exhibicion:', 'Seleccionar el Tipo de la exhibicion: - Puntuación', 'MARCA', 'MARCA - Puntuación', '*Digite el numero de exhibiciones adicionales para este tipo', 'Seleccionar el Tipo de la exhibicion (Pagadas)', 'Seleccionar el Tipo de la exhibicion (Pagadas) - Puntuación', 'MARCA.1', 'MARCA - Puntuación.1', '*Digite el numero de exhibiciones adicionales para este tipo.', 'Indique la marca y el porcentaje en números', 'Listerine', 'Porcentaje', 'Lubriderm', 'Porcentaje.1', 'Johnson’s baby', 'Porcentaje.2', 'Neutrogena', 'Porcentaje.3', 'Stayfree', 'Porcentaje.4', 'Carefree', 'Porcentaje.5', 'OB', 'Porcentaje.6', 'OTROS', 'Porcentaje.7', 'La exhibicion es PAC o ExtraPAC?', 'La exhibicion es PAC o ExtraPAC? - Puntuación', '¿En qué estado se encuentra el material POP?', '¿En qué estado se encuentra el material POP? - Puntuación', 'Cual es el segmento de la exhibicion?', 'Shampoo', 'Cremas Baby', 'Baño Liquido', 'Otros', 'Indique las Adyacencias ( Máximo 2 Adyacencias):', 'Cepillo y cremas dentales', 'Jabones', 'Shampoo.1', 'Afeitada y depilacion', 'Desodorantes', 'Proteccion pies', 'Pañitos y toallitas humedas', 'Pañales', 'Leches o cereales infantiles', 'Cremas de manos y corporal', 'Cremas faciales', 'Aseo del bb', 'Proteccion solar', 'Maquillaje', 'Otc', 'Proteccion femenina', 'OTROS.1', 'La Exhibicion esta implementada de acuerdo con el planning?', 'La Exhibicion esta implementada de acuerdo con el planning? - Puntuación', 'Indique las causales:', 'Indique las causales: - Puntuación', 'Tome evidencia:', 'Tome evidencia:.1', 'Seleccionar el Tipo de la exhibicion - CONTRAPRESTACIÓN', 'Seleccionar el Tipo de la exhibicion - CONTRAPRESTACIÓN - Puntuación', 'MARCA - CONTRAPRESTACIÓN', 'MARCA - CONTRAPRESTACIÓN - Puntuación', '*Digite el numero de exhibiciones adicionales para este tipo. - CONTRAPRESTACIÓN', 'Indique la marca y el porcentaje en números.1', 'Listerine.1', 'Porcentaje.8', 'Lubriderm.1', 'Porcentaje.9', 'Johnson’s baby.1', 'Porcentaje.10', 'Neutrogena.1', 'Porcentaje.11', 'Stayfree.1', 'Porcentaje.12', 'Carefree.1', 'Porcentaje.13', 'OB.1', 'Porcentaje.14', 'OTROS.2', 'Porcentaje.15', 'La exhibicion es PAC o ExtraPAC? - CONTRAPESTRACIÓN', 'La exhibicion es PAC o ExtraPAC? - CONTRAPESTRACIÓN - Puntuación', '- ¿En qué estado se encuentra el material POP?', '- ¿En qué estado se encuentra el material POP? - Puntuación', 'Cual es el segmento de la exhibicion?.1', 'Shampoo.2', 'Cremas Baby.1', 'Baño Liquido.1', 'Otros.1', 'Indique las Adyacencias ( Máximo 2 Adyacencias):.1', 'Cepillo y cremas dentales.1', 'Jabones.1', 'Shampoo.3', 'Afeitada y depilacion.1', 'Desodorantes.1', 'Proteccion pies.1', 'Pañitos y toallitas humedas.1', 'Pañales.1', 'Leches o cereales infantiles.1', 'Cremas de manos y corporal.1', 'Cremas faciales.1', 'Aseo del bb.1', 'Proteccion solar.1', 'Maquillaje.1', 'Otc.1', 'Proteccion femenina.1', 'OTROS.3', 'Tome evidencia:.2', 'Puntuación total']"

2026-07-29 10:03:05  [etl.exhib_pagadas]  ✗ ERROR     Duración hasta fallo: 18.8s
2026-07-29 10:03:05  [etl.orquestador]   ✓ INFO      ETL 'exhib_pagadas' terminó — ✗ FALLÓ en 18.8s
2026-07-29 10:03:05  [etl.orquestador]   ✓ INFO      ════════════════════════════════════════════════════════
2026-07-29 10:03:05  [etl.orquestador]   ✓ INFO      REPORTE DE EJECUCIÓN
2026-07-29 10:03:05  [etl.orquestador]   ✓ INFO      ════════════════════════════════════════════════════════
2026-07-29 10:03:05  [etl.orquestador]   ✓ INFO        ETL                    Estado           Tiempo
2026-07-29 10:03:05  [etl.orquestador]   ✓ INFO        ────────────────────── ────────────── ────────
2026-07-29 10:03:05  [etl.orquestador]   ✓ INFO        exhib_pagadas          ✗ ERROR           18.8s
2026-07-29 10:03:05  [etl.orquestador]   ✓ INFO        ────────────────────── ────────────── ────────
2026-07-29 10:03:05  [etl.orquestador]   ✓ INFO        shared_loader          ✓ OK               2.1s
2026-07-29 10:03:05  [etl.orquestador]   ✓ INFO        TOTAL (paralelo)                         20.9s
2026-07-29 10:03:05  [etl.orquestador]   ✓ INFO        Sin paralelismo (est.)                   20.9s
2026-07-29 10:03:05  [etl.orquestador]   ✓ INFO        Ahorro estimado                          -0.0s
2026-07-29 10:03:05  [etl.orquestador]   ✓ INFO      ────────────────────────────────────────────────────────
2026-07-29 10:03:05  [etl.orquestador]   ✓ INFO      Eventos: 1 CRITICAL  |  1 ERROR  |  1 WARNING
2026-07-29 10:03:05  [etl.orquestador]   ✓ INFO      ························································
2026-07-29 10:03:05  [etl.orquestador]   ✓ INFO        CRITICAL (1)
2026-07-29 10:03:05  [etl.orquestador]   ✓ INFO      ························································
2026-07-29 10:03:05  [etl.orquestador]   ✓ INFO        10:03:04  [exhib_pagadas]     Excepción no capturada — ETL abortado
Traceback (most recent call last):
  File "C:\1\OneDrive - Eficacia\Escritorio\ETLS\SCRIPTS\run_all.py", line 415, in _ejecutar_etl
    fn(spec=spec)
  File "C:\1\OneDrive - Eficacia\Escritorio\ETLS\SCRIPTS\run_all.py", line 298, in _run_exhibiciones_pagadas
    etl_exhibiciones_pagadas.ejecutar_proceso(spec, headers, site_id)
  File "C:\1\OneDrive - Eficacia\Escritorio\ETLS\SCRIPTS\etl_exhibiciones_pagadas.py", line 170, in ejecutar_proceso
    raise KeyError(f"❌ Faltan columnas requeridas en el Planning. Disponibles: {list(df_p.columns)}")
KeyError: "❌ Faltan columnas requeridas en el Planning. Disponibles: ['ID de la encuesta', 'Rótulo de la encuesta', 'Red', 'Cadena', 'Canal del PDV', 'Perfil del PDV', 'Tipo de PDV', 'ID del PDV', 'PDV', 'Núm. del PDV', 'Código del PDV', 'División territorial', 'Ciudad', 'Macrorregional', 'Regional', 'Barrio', 'Núm. de Identificación Empresarial', 'Código postal', 'Centro comercial', 'Cod PDV (SGI)', 'CODIGO GERENCIA', 'GERENTE / KAM', 'CODIGO VENDEDOR SAP', 'VENDEDOR SAP', 'Golden Store', 'Tienda con OPL', 'Tienda Visitada por Operaciones', 'Tienda Perfecta', 'Código Interno D&P', 'Dirección', 'Latitud', 'Longitud', 'Fecha y hora de la encuesta', 'Fecha de la encuesta', 'Hora de la encuesta', 'Día de la semana', 'Semana del año', 'Semana del mes', 'Día del mes', 'Mes del año', 'Año', 'ID del empleado', 'ID del empleado.1', 'Empleado', 'Núm. de Identificación del Empleado', 'Superior del empleado', 'Perfil del empleado', 'Perfil de acceso', 'Cargo', 'Número de registro', 'Homologación', 'Empleado que digitó', 'EXHIBICIONES:', 'EXHIBICIONES: - Puntuación', 'Seleccionar el Tipo de la exhibicion:', 'Seleccionar el Tipo de la exhibicion: - Puntuación', 'MARCA', 'MARCA - Puntuación', '*Digite el numero de exhibiciones adicionales para este tipo', 'Seleccionar el Tipo de la exhibicion (Pagadas)', 'Seleccionar el Tipo de la exhibicion (Pagadas) - Puntuación', 'MARCA.1', 'MARCA - Puntuación.1', '*Digite el numero de exhibiciones adicionales para este tipo.', 'Indique la marca y el porcentaje en números', 'Listerine', 'Porcentaje', 'Lubriderm', 'Porcentaje.1', 'Johnson’s baby', 'Porcentaje.2', 'Neutrogena', 'Porcentaje.3', 'Stayfree', 'Porcentaje.4', 'Carefree', 'Porcentaje.5', 'OB', 'Porcentaje.6', 'OTROS', 'Porcentaje.7', 'La exhibicion es PAC o ExtraPAC?', 'La exhibicion es PAC o ExtraPAC? - Puntuación', '¿En qué estado se encuentra el material POP?', '¿En qué estado se encuentra el material POP? - Puntuación', 'Cual es el segmento de la exhibicion?', 'Shampoo', 'Cremas Baby', 'Baño Liquido', 'Otros', 'Indique las Adyacencias ( Máximo 2 Adyacencias):', 'Cepillo y cremas dentales', 'Jabones', 'Shampoo.1', 'Afeitada y depilacion', 'Desodorantes', 'Proteccion pies', 'Pañitos y toallitas humedas', 'Pañales', 'Leches o cereales infantiles', 'Cremas de manos y corporal', 'Cremas faciales', 'Aseo del bb', 'Proteccion solar', 'Maquillaje', 'Otc', 'Proteccion femenina', 'OTROS.1', 'La Exhibicion esta implementada de acuerdo con el planning?', 'La Exhibicion esta implementada de acuerdo con el planning? - Puntuación', 'Indique las causales:', 'Indique las causales: - Puntuación', 'Tome evidencia:', 'Tome evidencia:.1', 'Seleccionar el Tipo de la exhibicion - CONTRAPRESTACIÓN', 'Seleccionar el Tipo de la exhibicion - CONTRAPRESTACIÓN - Puntuación', 'MARCA - CONTRAPRESTACIÓN', 'MARCA - CONTRAPRESTACIÓN - Puntuación', '*Digite el numero de exhibiciones adicionales para este tipo. - CONTRAPRESTACIÓN', 'Indique la marca y el porcentaje en números.1', 'Listerine.1', 'Porcentaje.8', 'Lubriderm.1', 'Porcentaje.9', 'Johnson’s baby.1', 'Porcentaje.10', 'Neutrogena.1', 'Porcentaje.11', 'Stayfree.1', 'Porcentaje.12', 'Carefree.1', 'Porcentaje.13', 'OB.1', 'Porcentaje.14', 'OTROS.2', 'Porcentaje.15', 'La exhibicion es PAC o ExtraPAC? - CONTRAPESTRACIÓN', 'La exhibicion es PAC o ExtraPAC? - CONTRAPESTRACIÓN - Puntuación', '- ¿En qué estado se encuentra el material POP?', '- ¿En qué estado se encuentra el material POP? - Puntuación', 'Cual es el segmento de la exhibicion?.1', 'Shampoo.2', 'Cremas Baby.1', 'Baño Liquido.1', 'Otros.1', 'Indique las Adyacencias ( Máximo 2 Adyacencias):.1', 'Cepillo y cremas dentales.1', 'Jabones.1', 'Shampoo.3', 'Afeitada y depilacion.1', 'Desodorantes.1', 'Proteccion pies.1', 'Pañitos y toallitas humedas.1', 'Pañales.1', 'Leches o cereales infantiles.1', 'Cremas de manos y corporal.1', 'Cremas faciales.1', 'Aseo del bb.1', 'Proteccion solar.1', 'Maquillaje.1', 'Otc.1', 'Proteccion femenina.1', 'OTROS.3', 'Tome evidencia:.2', 'Puntuación total']"

2026-07-29 10:03:05  [etl.orquestador]   ✓ INFO      ························································
2026-07-29 10:03:05  [etl.orquestador]   ✓ INFO        ERROR (1)
2026-07-29 10:03:05  [etl.orquestador]   ✓ INFO      ························································
2026-07-29 10:03:05  [etl.orquestador]   ✓ INFO        10:03:05  [exhib_pagadas]     Duración hasta fallo: 18.8s
2026-07-29 10:03:05  [etl.orquestador]   ✓ INFO      ························································
2026-07-29 10:03:05  [etl.orquestador]   ✓ INFO        WARNING (1)
2026-07-29 10:03:05  [etl.orquestador]   ✓ INFO      ························································
2026-07-29 10:03:05  [etl.orquestador]   ✓ INFO        10:02:46  [shared_loader]     [DIRECTO] Módulo 'precios': el filtro devolvió 0 filas (columna 'PRECIOS' sin valores = 1, o IDs sin coincidencia en el PT)
2026-07-29 10:03:05  [etl.orquestador]   ✓ INFO      ════════════════════════════════════════════════════════
2026-07-29 10:03:05  [etl.orquestador]   ✓ INFO      Log completo guardado en: C:\1\OneDrive - Eficacia\Escritorio\ETLS\SCRIPTS\logs\ejecucion_202607_20260729_100244.log
2026-07-29 10:03:05  [etl.orquestador]   ✓ INFO      Fin: 2026-07-29 10:03:05
2026-07-29 10:03:05  [etl.orquestador]   ✓ INFO      ════════════════════════════════════════════════════════
